python3 HAMSTER.py -f /home/tomohisa/Projects/HAMSTER/TestArea/Test_Dsr/ -q /home/tomohisa/Projects/HAMSTER/TestArea/Dsr_query.fasta -c 8


 1. Preparing space for the results
------------------------------------
No database file found. Creating new project folder.


 2. Prokaryotic gene recognition and translation via prodigal
--------------------------------------------------------------
Found 0 assemblies in nucleotide or ambigous format for prodigal
Found 0 zipped faa files
Found 0 zipped gff files
Found 78 gff files
Found 78 faa files
Found 0 protein fasta files without gff

Finished faa and gff file preparation

Filling the queue with faa files -- ok
Queued 78 faa/gff pairs
Generating glob faa file


 3. Searching for homologoues sequences
----------------------------------------
Initilize DIAMOND BLASTp search
/home/tomohisa/Projects/HAMSTER/scripts/bin/diamond blastp --quiet --ultra-sensitive -d /home/tomohisa/Projects/HAMSTER/scripts/results/1744904029.452632_project/self_blast.faa.dmnd -q /home/tomohisa/Projects/HAMSTER/TestArea/Dsr_query.fasta -o /home/tomohisa/Projects/HAMSTER/scripts/results/1744904029.452632_project/self_blast.faa.diamond.tab --threads 8 -e 1e-05 --outfmt 6 sseqid qseqid evalue bitscore sstart send pident 1>/dev/null 0>/dev/null
Running DIAMOND BLASTp search
/home/tomohisa/Projects/HAMSTER/scripts/bin/diamond blastp --quiet --ultra-sensitive -d /home/tomohisa/Projects/HAMSTER/scripts/results/1744904029.452632_project/glob.faa.dmnd -q /home/tomohisa/Projects/HAMSTER/TestArea/Dsr_query.fasta -o /home/tomohisa/Projects/HAMSTER/scripts/results/1744904029.452632_project/glob.faa.diamond.tab --threads 8 -e 1e-05 --outfmt 6 sseqid qseqid evalue bitscore sstart send pident 1>/dev/null 0>/dev/null
Filtering BLASTp results
Found hits in 78 genomes
Parsing hits per genome
Finished parsing reports


 4. Searching for collinear syntenic blocks
--------------------------------------------
Indexing database /home/tomohisa/Projects/HAMSTER/scripts/results/1744904029.452632_project/database.db
Indexing complete.


 5. Preparing training data fasta files
----------------------------------------
Indexing database /home/tomohisa/Projects/HAMSTER/scripts/results/1744904029.452632_project/database.db
Indexing complete.
Computing keyword statistics
Extracting highest bitscores per domainpleted
Filtering out low-quality CSBs
Grouping keywords by domain
Clustering excluded keywords by similarity
Warning: There were no keyword statistics for distinct keywords
Computing score limits for grouped CSBs
Fetching sequences for training datasets
46/46...
Training data complete.
Processing highly similar homologs with specific genomic context
FASTA file saved: /home/tomohisa/Projects/HAMSTER/scripts/results/1744904029.452632_project/Sequences/grp0_oxDsrA.faa
FASTA file saved: /home/tomohisa/Projects/HAMSTER/scripts/results/1744904029.452632_project/Sequences/grp0_oxDsrB.faa
FASTA file saved: /home/tomohisa/Projects/HAMSTER/scripts/results/1744904029.452632_project/Sequences/grp0_DsrE.faa
FASTA file saved: /home/tomohisa/Projects/HAMSTER/scripts/results/1744904029.452632_project/Sequences/grp0_DsrH.faa
FASTA file saved: /home/tomohisa/Projects/HAMSTER/scripts/results/1744904029.452632_project/Sequences/grp0_oxDsrC.faa
FASTA file saved: /home/tomohisa/Projects/HAMSTER/scripts/results/1744904029.452632_project/Sequences/grp0_DsrF.faa
FASTA file saved: /home/tomohisa/Projects/HAMSTER/scripts/results/1744904029.452632_project/Sequences/grp0_oxDsrM.faa
FASTA file saved: /home/tomohisa/Projects/HAMSTER/scripts/results/1744904029.452632_project/Sequences/grp0_oxDsrK.faa
FASTA file saved: /home/tomohisa/Projects/HAMSTER/scripts/results/1744904029.452632_project/Sequences/grp0_DsrR.faa
FASTA file saved: /home/tomohisa/Projects/HAMSTER/scripts/results/1744904029.452632_project/Sequences/grp0_oxDsrP.faa
FASTA file saved: /home/tomohisa/Projects/HAMSTER/scripts/results/1744904029.452632_project/Sequences/grp0_DsrL.faa
FASTA file saved: /home/tomohisa/Projects/HAMSTER/scripts/results/1744904029.452632_project/Sequences/grp0_oxDsrN.faa
FASTA file saved: /home/tomohisa/Projects/HAMSTER/scripts/results/1744904029.452632_project/Sequences/grp0_oxDsrO.faa
FASTA file saved: /home/tomohisa/Projects/HAMSTER/scripts/results/1744904029.452632_project/Sequences/grp0_oxDsrJ.faa
FASTA file saved: /home/tomohisa/Projects/HAMSTER/scripts/results/1744904029.452632_project/Sequences/grp0_redDsrM.faa
FASTA file saved: /home/tomohisa/Projects/HAMSTER/scripts/results/1744904029.452632_project/Sequences/grp0_redDsrK.faa
FASTA file saved: /home/tomohisa/Projects/HAMSTER/scripts/results/1744904029.452632_project/Sequences/grp0_redDsrJ.faa
FASTA file saved: /home/tomohisa/Projects/HAMSTER/scripts/results/1744904029.452632_project/Sequences/grp0_redDsrP.faa
FASTA file saved: /home/tomohisa/Projects/HAMSTER/scripts/results/1744904029.452632_project/Sequences/grp0_redDsrO.faa
FASTA file saved: /home/tomohisa/Projects/HAMSTER/scripts/results/1744904029.452632_project/Sequences/grp0_redDsrA.faa
FASTA file saved: /home/tomohisa/Projects/HAMSTER/scripts/results/1744904029.452632_project/Sequences/grp0_redDsrB.faa
Collecting highly similar homologs from query hits without any conserved genomic context
Proteins without recognized genomic context {'YeeE', 'TusA', 'DsrE2', 'redDsrN', 'redDsrC', 'RhdI', 'DsrS', 'redDsrD'}
WARNING: Domain 'sng0_YeeE' skipped (too few sequences: 1 < 5)
WARNING: Domain 'sng0_redDsrN' skipped (too few sequences: 1 < 5)
WARNING: Domain 'sng0_redDsrC' skipped (too few sequences: 1 < 5)
WARNING: Domain 'sng0_RhdI' skipped (too few sequences: 2 < 5)
WARNING: Domain 'sng0_DsrS' skipped (too few sequences: 2 < 5)
WARNING: Domain 'sng0_redDsrD' skipped (too few sequences: 1 < 5)
FASTA file saved: /home/tomohisa/Projects/HAMSTER/scripts/results/1744904029.452632_project/Sequences/sng0_DsrE2.faa
FASTA file saved: /home/tomohisa/Projects/HAMSTER/scripts/results/1744904029.452632_project/Sequences/sng0_TusA.faa
Fetching presence from faa_file grp0_redDsrM.faa
Fetching presence from faa_file grp0_DsrH.faa
Fetching presence from faa_file grp0_oxDsrC.faa
Fetching presence from faa_file sng0_TusA.faa
Fetching presence from faa_file grp0_oxDsrB.faa
Fetching presence from faa_file grp0_DsrR.faa
Fetching presence from faa_file grp0_DsrL.faa
Fetching presence from faa_file sng0_DsrE2.faa
Fetching presence from faa_file grp0_redDsrA.faa
Fetching presence from faa_file grp0_DsrE.faa
Fetching presence from faa_file grp0_redDsrB.faa
Fetching presence from faa_file grp0_redDsrJ.faa
Fetching presence from faa_file grp0_oxDsrN.faa
Fetching presence from faa_file grp0_oxDsrM.faa
Fetching presence from faa_file grp0_oxDsrJ.faa
Fetching presence from faa_file grp0_oxDsrK.faa
Fetching presence from faa_file grp0_redDsrK.faa
Fetching presence from faa_file grp0_redDsrP.faa
Fetching presence from faa_file grp0_oxDsrP.faa
Fetching presence from faa_file grp0_DsrF.faa
Fetching presence from faa_file grp0_oxDsrA.faa
Fetching presence from faa_file grp0_redDsrO.faa
Fetching presence from faa_file grp0_oxDsrO.faa
Mapping proteinIDs to genomeID
Step 3 execution (parallelized)
[DsrE2] Looking for genomes with all of: ['DsrE', 'DsrF', 'DsrH', 'DsrL', 'oxDsrA', 'oxDsrB', 'oxDsrC', 'oxDsrJ', 'oxDsrK', 'oxDsrM', 'oxDsrN', 'oxDsrO', 'oxDsrP', 'TusA', 'DsrR']
[TusA] Looking for genomes with all of: ['DsrE', 'DsrF', 'DsrH', 'DsrL', 'oxDsrA', 'oxDsrB', 'oxDsrC', 'oxDsrJ', 'oxDsrK', 'oxDsrM', 'oxDsrN', 'oxDsrO', 'oxDsrP', 'DsrE2']
[DsrE2] Fetching best proteins in 5 genomes (split into 1 chunks)
[TusA] Fetching best proteins in 9 genomes (split into 1 chunks)
[DsrE2] Processed chunk 1/1
[TusA] Processed chunk 1/1
FASTA file saved: /home/tomohisa/Projects/HAMSTER/scripts/results/1744904029.452632_project/Sequences/grp0_DsrE2.faa
FASTA file saved: /home/tomohisa/Projects/HAMSTER/scripts/results/1744904029.452632_project/Sequences/grp0_TusA.faa


 6. Add Markov chain cluster sequences to reference training datasets
----------------------------------------------------------------------
Including homologs without genomic context based on protein sequence phylogeny.
WARNING: Domain 'redDsrD' skipped (too few sequences: 1 < 5)
FASTA file saved: /home/tomohisa/Projects/HAMSTER/scripts/results/1744904029.452632_project/Protein_Phylogeny/DsrH.faa
FASTA file saved: /home/tomohisa/Projects/HAMSTER/scripts/results/1744904029.452632_project/Protein_Phylogeny/DsrE.faa
FASTA file saved: /home/tomohisa/Projects/HAMSTER/scripts/results/1744904029.452632_project/Protein_Phylogeny/oxDsrB.faa
FASTA file saved: /home/tomohisa/Projects/HAMSTER/scripts/results/1744904029.452632_project/Protein_Phylogeny/DsrF.faa
FASTA file saved: /home/tomohisa/Projects/HAMSTER/scripts/results/1744904029.452632_project/Protein_Phylogeny/oxDsrA.faa
FASTA file saved: /home/tomohisa/Projects/HAMSTER/scripts/results/1744904029.452632_project/Protein_Phylogeny/oxDsrC.faa
FASTA file saved: /home/tomohisa/Projects/HAMSTER/scripts/results/1744904029.452632_project/Protein_Phylogeny/oxDsrM.faa
FASTA file saved: /home/tomohisa/Projects/HAMSTER/scripts/results/1744904029.452632_project/Protein_Phylogeny/oxDsrK.faa
FASTA file saved: /home/tomohisa/Projects/HAMSTER/scripts/results/1744904029.452632_project/Protein_Phylogeny/DsrR.faa
FASTA file saved: /home/tomohisa/Projects/HAMSTER/scripts/results/1744904029.452632_project/Protein_Phylogeny/oxDsrJ.faa
FASTA file saved: /home/tomohisa/Projects/HAMSTER/scripts/results/1744904029.452632_project/Protein_Phylogeny/oxDsrP.faa
FASTA file saved: /home/tomohisa/Projects/HAMSTER/scripts/results/1744904029.452632_project/Protein_Phylogeny/oxDsrO.faa
FASTA file saved: /home/tomohisa/Projects/HAMSTER/scripts/results/1744904029.452632_project/Protein_Phylogeny/oxDsrN.faa
FASTA file saved: /home/tomohisa/Projects/HAMSTER/scripts/results/1744904029.452632_project/Protein_Phylogeny/DsrS.faa
FASTA file saved: /home/tomohisa/Projects/HAMSTER/scripts/results/1744904029.452632_project/Protein_Phylogeny/redDsrJ.faa
FASTA file saved: /home/tomohisa/Projects/HAMSTER/scripts/results/1744904029.452632_project/Protein_Phylogeny/DsrL.faa
FASTA file saved: /home/tomohisa/Projects/HAMSTER/scripts/results/1744904029.452632_project/Protein_Phylogeny/redDsrM.faa
FASTA file saved: /home/tomohisa/Projects/HAMSTER/scripts/results/1744904029.452632_project/Protein_Phylogeny/redDsrK.faa
FASTA file saved: /home/tomohisa/Projects/HAMSTER/scripts/results/1744904029.452632_project/Protein_Phylogeny/redDsrP.faa
FASTA file saved: /home/tomohisa/Projects/HAMSTER/scripts/results/1744904029.452632_project/Protein_Phylogeny/redDsrN.faa
FASTA file saved: /home/tomohisa/Projects/HAMSTER/scripts/results/1744904029.452632_project/Protein_Phylogeny/redDsrO.faa
FASTA file saved: /home/tomohisa/Projects/HAMSTER/scripts/results/1744904029.452632_project/Protein_Phylogeny/TusA.faa
FASTA file saved: /home/tomohisa/Projects/HAMSTER/scripts/results/1744904029.452632_project/Protein_Phylogeny/DsrE2.faa
FASTA file saved: /home/tomohisa/Projects/HAMSTER/scripts/results/1744904029.452632_project/Protein_Phylogeny/redDsrC.faa
FASTA file saved: /home/tomohisa/Projects/HAMSTER/scripts/results/1744904029.452632_project/Protein_Phylogeny/redDsrA.faa
FASTA file saved: /home/tomohisa/Projects/HAMSTER/scripts/results/1744904029.452632_project/Protein_Phylogeny/redDsrB.faa
Calculating phylogeny
Alignment complete: /home/tomohisa/Projects/HAMSTER/scripts/results/1744904029.452632_project/Protein_Phylogeny/TusA.faa -> /home/tomohisa/Projects/HAMSTER/scripts/results/1744904029.452632_project/Protein_Phylogeny/TusA.faa_aln
Alignment complete: /home/tomohisa/Projects/HAMSTER/scripts/results/1744904029.452632_project/Protein_Phylogeny/DsrL.faa -> /home/tomohisa/Projects/HAMSTER/scripts/results/1744904029.452632_project/Protein_Phylogeny/DsrL.faa_aln
Alignment complete: /home/tomohisa/Projects/HAMSTER/scripts/results/1744904029.452632_project/Protein_Phylogeny/oxDsrM.faa -> /home/tomohisa/Projects/HAMSTER/scripts/results/1744904029.452632_project/Protein_Phylogeny/oxDsrM.faa_aln
Alignment complete: /home/tomohisa/Projects/HAMSTER/scripts/results/1744904029.452632_project/Protein_Phylogeny/redDsrM.faa -> /home/tomohisa/Projects/HAMSTER/scripts/results/1744904029.452632_project/Protein_Phylogeny/redDsrM.faa_aln
Alignment complete: /home/tomohisa/Projects/HAMSTER/scripts/results/1744904029.452632_project/Protein_Phylogeny/redDsrO.faa -> /home/tomohisa/Projects/HAMSTER/scripts/results/1744904029.452632_project/Protein_Phylogeny/redDsrO.faa_aln
Alignment complete: /home/tomohisa/Projects/HAMSTER/scripts/results/1744904029.452632_project/Protein_Phylogeny/redDsrJ.faa -> /home/tomohisa/Projects/HAMSTER/scripts/results/1744904029.452632_project/Protein_Phylogeny/redDsrJ.faa_aln
Alignment complete: /home/tomohisa/Projects/HAMSTER/scripts/results/1744904029.452632_project/Protein_Phylogeny/oxDsrB.faa -> /home/tomohisa/Projects/HAMSTER/scripts/results/1744904029.452632_project/Protein_Phylogeny/oxDsrB.faa_aln
Alignment complete: /home/tomohisa/Projects/HAMSTER/scripts/results/1744904029.452632_project/Protein_Phylogeny/oxDsrP.faa -> /home/tomohisa/Projects/HAMSTER/scripts/results/1744904029.452632_project/Protein_Phylogeny/oxDsrP.faa_aln
Alignment complete: /home/tomohisa/Projects/HAMSTER/scripts/results/1744904029.452632_project/Protein_Phylogeny/DsrR.faa -> /home/tomohisa/Projects/HAMSTER/scripts/results/1744904029.452632_project/Protein_Phylogeny/DsrR.faa_aln
Alignment complete: /home/tomohisa/Projects/HAMSTER/scripts/results/1744904029.452632_project/Protein_Phylogeny/DsrF.faa -> /home/tomohisa/Projects/HAMSTER/scripts/results/1744904029.452632_project/Protein_Phylogeny/DsrF.faa_aln
Alignment complete: /home/tomohisa/Projects/HAMSTER/scripts/results/1744904029.452632_project/Protein_Phylogeny/oxDsrK.faa -> /home/tomohisa/Projects/HAMSTER/scripts/results/1744904029.452632_project/Protein_Phylogeny/oxDsrK.faa_aln
Alignment complete: /home/tomohisa/Projects/HAMSTER/scripts/results/1744904029.452632_project/Protein_Phylogeny/redDsrB.faa -> /home/tomohisa/Projects/HAMSTER/scripts/results/1744904029.452632_project/Protein_Phylogeny/redDsrB.faa_aln
Alignment complete: /home/tomohisa/Projects/HAMSTER/scripts/results/1744904029.452632_project/Protein_Phylogeny/redDsrC.faa -> /home/tomohisa/Projects/HAMSTER/scripts/results/1744904029.452632_project/Protein_Phylogeny/redDsrC.faa_aln
Alignment complete: /home/tomohisa/Projects/HAMSTER/scripts/results/1744904029.452632_project/Protein_Phylogeny/oxDsrA.faa -> /home/tomohisa/Projects/HAMSTER/scripts/results/1744904029.452632_project/Protein_Phylogeny/oxDsrA.faa_aln
Alignment complete: /home/tomohisa/Projects/HAMSTER/scripts/results/1744904029.452632_project/Protein_Phylogeny/oxDsrC.faa -> /home/tomohisa/Projects/HAMSTER/scripts/results/1744904029.452632_project/Protein_Phylogeny/oxDsrC.faa_aln
Alignment complete: /home/tomohisa/Projects/HAMSTER/scripts/results/1744904029.452632_project/Protein_Phylogeny/oxDsrJ.faa -> /home/tomohisa/Projects/HAMSTER/scripts/results/1744904029.452632_project/Protein_Phylogeny/oxDsrJ.faa_aln
Alignment complete: /home/tomohisa/Projects/HAMSTER/scripts/results/1744904029.452632_project/Protein_Phylogeny/DsrS.faa -> /home/tomohisa/Projects/HAMSTER/scripts/results/1744904029.452632_project/Protein_Phylogeny/DsrS.faa_aln
Alignment complete: /home/tomohisa/Projects/HAMSTER/scripts/results/1744904029.452632_project/Protein_Phylogeny/redDsrN.faa -> /home/tomohisa/Projects/HAMSTER/scripts/results/1744904029.452632_project/Protein_Phylogeny/redDsrN.faa_aln
Alignment complete: /home/tomohisa/Projects/HAMSTER/scripts/results/1744904029.452632_project/Protein_Phylogeny/redDsrP.faa -> /home/tomohisa/Projects/HAMSTER/scripts/results/1744904029.452632_project/Protein_Phylogeny/redDsrP.faa_aln
Alignment complete: /home/tomohisa/Projects/HAMSTER/scripts/results/1744904029.452632_project/Protein_Phylogeny/DsrH.faa -> /home/tomohisa/Projects/HAMSTER/scripts/results/1744904029.452632_project/Protein_Phylogeny/DsrH.faa_aln
Alignment complete: /home/tomohisa/Projects/HAMSTER/scripts/results/1744904029.452632_project/Protein_Phylogeny/DsrE2.faa -> /home/tomohisa/Projects/HAMSTER/scripts/results/1744904029.452632_project/Protein_Phylogeny/DsrE2.faa_aln
Alignment complete: /home/tomohisa/Projects/HAMSTER/scripts/results/1744904029.452632_project/Protein_Phylogeny/oxDsrO.faa -> /home/tomohisa/Projects/HAMSTER/scripts/results/1744904029.452632_project/Protein_Phylogeny/oxDsrO.faa_aln
Alignment complete: /home/tomohisa/Projects/HAMSTER/scripts/results/1744904029.452632_project/Protein_Phylogeny/redDsrA.faa -> /home/tomohisa/Projects/HAMSTER/scripts/results/1744904029.452632_project/Protein_Phylogeny/redDsrA.faa_aln
Alignment complete: /home/tomohisa/Projects/HAMSTER/scripts/results/1744904029.452632_project/Protein_Phylogeny/redDsrK.faa -> /home/tomohisa/Projects/HAMSTER/scripts/results/1744904029.452632_project/Protein_Phylogeny/redDsrK.faa_aln
Alignment complete: /home/tomohisa/Projects/HAMSTER/scripts/results/1744904029.452632_project/Protein_Phylogeny/oxDsrN.faa -> /home/tomohisa/Projects/HAMSTER/scripts/results/1744904029.452632_project/Protein_Phylogeny/oxDsrN.faa_aln
Alignment complete: /home/tomohisa/Projects/HAMSTER/scripts/results/1744904029.452632_project/Protein_Phylogeny/DsrE.faa -> /home/tomohisa/Projects/HAMSTER/scripts/results/1744904029.452632_project/Protein_Phylogeny/DsrE.faa_aln
Trimming /home/tomohisa/Projects/HAMSTER/scripts/results/1744904029.452632_project/Protein_Phylogeny/redDsrA.faa_aln with 0.05
Trimming /home/tomohisa/Projects/HAMSTER/scripts/results/1744904029.452632_project/Protein_Phylogeny/oxDsrA.faa_aln with 0.05
Trimming /home/tomohisa/Projects/HAMSTER/scripts/results/1744904029.452632_project/Protein_Phylogeny/DsrE.faa_aln with 0.05
Trimming /home/tomohisa/Projects/HAMSTER/scripts/results/1744904029.452632_project/Protein_Phylogeny/oxDsrC.faa_aln with 0.05
Trimming /home/tomohisa/Projects/HAMSTER/scripts/results/1744904029.452632_project/Protein_Phylogeny/redDsrN.faa_aln with 0.05
Trimming /home/tomohisa/Projects/HAMSTER/scripts/results/1744904029.452632_project/Protein_Phylogeny/oxDsrP.faa_aln with 0.05
Trimming /home/tomohisa/Projects/HAMSTER/scripts/results/1744904029.452632_project/Protein_Phylogeny/oxDsrN.faa_aln with 0.05
Trimming /home/tomohisa/Projects/HAMSTER/scripts/results/1744904029.452632_project/Protein_Phylogeny/oxDsrJ.faa_aln with 0.05
Trimming /home/tomohisa/Projects/HAMSTER/scripts/results/1744904029.452632_project/Protein_Phylogeny/oxDsrB.faa_aln with 0.05
Trimming /home/tomohisa/Projects/HAMSTER/scripts/results/1744904029.452632_project/Protein_Phylogeny/DsrE2.faa_aln with 0.05
Trimming /home/tomohisa/Projects/HAMSTER/scripts/results/1744904029.452632_project/Protein_Phylogeny/redDsrB.faa_aln with 0.05
Trimming /home/tomohisa/Projects/HAMSTER/scripts/results/1744904029.452632_project/Protein_Phylogeny/DsrR.faa_aln with 0.05
Trimming /home/tomohisa/Projects/HAMSTER/scripts/results/1744904029.452632_project/Protein_Phylogeny/oxDsrK.faa_aln with 0.05
Trimming /home/tomohisa/Projects/HAMSTER/scripts/results/1744904029.452632_project/Protein_Phylogeny/redDsrK.faa_aln with 0.05
Trimming /home/tomohisa/Projects/HAMSTER/scripts/results/1744904029.452632_project/Protein_Phylogeny/redDsrO.faa_aln with 0.05
Trimming /home/tomohisa/Projects/HAMSTER/scripts/results/1744904029.452632_project/Protein_Phylogeny/DsrH.faa_aln with 0.05
Trimming /home/tomohisa/Projects/HAMSTER/scripts/results/1744904029.452632_project/Protein_Phylogeny/DsrF.faa_aln with 0.05
Trimming /home/tomohisa/Projects/HAMSTER/scripts/results/1744904029.452632_project/Protein_Phylogeny/redDsrJ.faa_aln with 0.05
Trimming /home/tomohisa/Projects/HAMSTER/scripts/results/1744904029.452632_project/Protein_Phylogeny/oxDsrO.faa_aln with 0.05
Trimming /home/tomohisa/Projects/HAMSTER/scripts/results/1744904029.452632_project/Protein_Phylogeny/TusA.faa_aln with 0.05
Trimming /home/tomohisa/Projects/HAMSTER/scripts/results/1744904029.452632_project/Protein_Phylogeny/redDsrP.faa_aln with 0.05
Trimming /home/tomohisa/Projects/HAMSTER/scripts/results/1744904029.452632_project/Protein_Phylogeny/DsrS.faa_aln with 0.05
Trimming /home/tomohisa/Projects/HAMSTER/scripts/results/1744904029.452632_project/Protein_Phylogeny/oxDsrM.faa_aln with 0.05
Trimming /home/tomohisa/Projects/HAMSTER/scripts/results/1744904029.452632_project/Protein_Phylogeny/redDsrC.faa_aln with 0.05
Trimming /home/tomohisa/Projects/HAMSTER/scripts/results/1744904029.452632_project/Protein_Phylogeny/redDsrM.faa_aln with 0.05
Trimming /home/tomohisa/Projects/HAMSTER/scripts/results/1744904029.452632_project/Protein_Phylogeny/DsrL.faa_aln with 0.05
VeryFastTree-avx2 complete: /home/tomohisa/Projects/HAMSTER/scripts/results/1744904029.452632_project/Protein_Phylogeny/TusA.fasta_aln
VeryFastTree-avx2 complete: /home/tomohisa/Projects/HAMSTER/scripts/results/1744904029.452632_project/Protein_Phylogeny/redDsrJ.fasta_aln
VeryFastTree-avx2 complete: /home/tomohisa/Projects/HAMSTER/scripts/results/1744904029.452632_project/Protein_Phylogeny/DsrR.fasta_aln
VeryFastTree-avx2 complete: /home/tomohisa/Projects/HAMSTER/scripts/results/1744904029.452632_project/Protein_Phylogeny/redDsrB.fasta_aln
VeryFastTree-avx2 complete: /home/tomohisa/Projects/HAMSTER/scripts/results/1744904029.452632_project/Protein_Phylogeny/oxDsrC.fasta_aln
VeryFastTree-avx2 complete: /home/tomohisa/Projects/HAMSTER/scripts/results/1744904029.452632_project/Protein_Phylogeny/redDsrP.fasta_aln
VeryFastTree-avx2 complete: /home/tomohisa/Projects/HAMSTER/scripts/results/1744904029.452632_project/Protein_Phylogeny/redDsrK.fasta_aln
VeryFastTree-avx2 complete: /home/tomohisa/Projects/HAMSTER/scripts/results/1744904029.452632_project/Protein_Phylogeny/DsrH.fasta_aln
VeryFastTree-avx2 complete: /home/tomohisa/Projects/HAMSTER/scripts/results/1744904029.452632_project/Protein_Phylogeny/oxDsrB.fasta_aln
VeryFastTree-avx2 complete: /home/tomohisa/Projects/HAMSTER/scripts/results/1744904029.452632_project/Protein_Phylogeny/redDsrN.fasta_aln
VeryFastTree-avx2 complete: /home/tomohisa/Projects/HAMSTER/scripts/results/1744904029.452632_project/Protein_Phylogeny/oxDsrM.fasta_aln
VeryFastTree-avx2 complete: /home/tomohisa/Projects/HAMSTER/scripts/results/1744904029.452632_project/Protein_Phylogeny/oxDsrJ.fasta_aln
VeryFastTree-avx2 complete: /home/tomohisa/Projects/HAMSTER/scripts/results/1744904029.452632_project/Protein_Phylogeny/redDsrM.fasta_aln
VeryFastTree-avx2 complete: /home/tomohisa/Projects/HAMSTER/scripts/results/1744904029.452632_project/Protein_Phylogeny/DsrS.fasta_aln
VeryFastTree-avx2 complete: /home/tomohisa/Projects/HAMSTER/scripts/results/1744904029.452632_project/Protein_Phylogeny/DsrF.fasta_aln
VeryFastTree-avx2 complete: /home/tomohisa/Projects/HAMSTER/scripts/results/1744904029.452632_project/Protein_Phylogeny/oxDsrA.fasta_aln
VeryFastTree-avx2 complete: /home/tomohisa/Projects/HAMSTER/scripts/results/1744904029.452632_project/Protein_Phylogeny/DsrE2.fasta_aln
VeryFastTree-avx2 complete: /home/tomohisa/Projects/HAMSTER/scripts/results/1744904029.452632_project/Protein_Phylogeny/oxDsrK.fasta_aln
VeryFastTree-avx2 complete: /home/tomohisa/Projects/HAMSTER/scripts/results/1744904029.452632_project/Protein_Phylogeny/redDsrC.fasta_aln
VeryFastTree-avx2 complete: /home/tomohisa/Projects/HAMSTER/scripts/results/1744904029.452632_project/Protein_Phylogeny/redDsrO.fasta_aln
VeryFastTree-avx2 complete: /home/tomohisa/Projects/HAMSTER/scripts/results/1744904029.452632_project/Protein_Phylogeny/redDsrA.fasta_aln
VeryFastTree-avx2 complete: /home/tomohisa/Projects/HAMSTER/scripts/results/1744904029.452632_project/Protein_Phylogeny/oxDsrN.fasta_aln
VeryFastTree-avx2 complete: /home/tomohisa/Projects/HAMSTER/scripts/results/1744904029.452632_project/Protein_Phylogeny/DsrE.fasta_aln
VeryFastTree-avx2 complete: /home/tomohisa/Projects/HAMSTER/scripts/results/1744904029.452632_project/Protein_Phylogeny/oxDsrP.fasta_aln
VeryFastTree-avx2 complete: /home/tomohisa/Projects/HAMSTER/scripts/results/1744904029.452632_project/Protein_Phylogeny/oxDsrO.fasta_aln
VeryFastTree-avx2 complete: /home/tomohisa/Projects/HAMSTER/scripts/results/1744904029.452632_project/Protein_Phylogeny/DsrL.fasta_aln
FASTA file saved: /home/tomohisa/Projects/HAMSTER/scripts/results/1744904029.452632_project/Sequences/lca_DsrH.faa
FASTA file saved: /home/tomohisa/Projects/HAMSTER/scripts/results/1744904029.452632_project/Sequences/lca_oxDsrB.faa
FASTA file saved: /home/tomohisa/Projects/HAMSTER/scripts/results/1744904029.452632_project/Sequences/lca_oxDsrC.faa
FASTA file saved: /home/tomohisa/Projects/HAMSTER/scripts/results/1744904029.452632_project/Sequences/lca_DsrF.faa
FASTA file saved: /home/tomohisa/Projects/HAMSTER/scripts/results/1744904029.452632_project/Sequences/lca_oxDsrA.faa
FASTA file saved: /home/tomohisa/Projects/HAMSTER/scripts/results/1744904029.452632_project/Sequences/lca_DsrE.faa
FASTA file saved: /home/tomohisa/Projects/HAMSTER/scripts/results/1744904029.452632_project/Sequences/lca_oxDsrM.faa
FASTA file saved: /home/tomohisa/Projects/HAMSTER/scripts/results/1744904029.452632_project/Sequences/lca_DsrR.faa
FASTA file saved: /home/tomohisa/Projects/HAMSTER/scripts/results/1744904029.452632_project/Sequences/lca_oxDsrJ.faa
FASTA file saved: /home/tomohisa/Projects/HAMSTER/scripts/results/1744904029.452632_project/Sequences/lca_oxDsrK.faa
FASTA file saved: /home/tomohisa/Projects/HAMSTER/scripts/results/1744904029.452632_project/Sequences/lca_oxDsrP.faa
FASTA file saved: /home/tomohisa/Projects/HAMSTER/scripts/results/1744904029.452632_project/Sequences/lca_oxDsrO.faa
FASTA file saved: /home/tomohisa/Projects/HAMSTER/scripts/results/1744904029.452632_project/Sequences/lca_redDsrM.faa
FASTA file saved: /home/tomohisa/Projects/HAMSTER/scripts/results/1744904029.452632_project/Sequences/lca_oxDsrN.faa
FASTA file saved: /home/tomohisa/Projects/HAMSTER/scripts/results/1744904029.452632_project/Sequences/lca_redDsrK.faa
FASTA file saved: /home/tomohisa/Projects/HAMSTER/scripts/results/1744904029.452632_project/Sequences/lca_redDsrJ.faa
FASTA file saved: /home/tomohisa/Projects/HAMSTER/scripts/results/1744904029.452632_project/Sequences/lca_DsrL.faa
FASTA file saved: /home/tomohisa/Projects/HAMSTER/scripts/results/1744904029.452632_project/Sequences/lca_redDsrA.faa
FASTA file saved: /home/tomohisa/Projects/HAMSTER/scripts/results/1744904029.452632_project/Sequences/lca_redDsrO.faa
FASTA file saved: /home/tomohisa/Projects/HAMSTER/scripts/results/1744904029.452632_project/Sequences/lca_redDsrP.faa
FASTA file saved: /home/tomohisa/Projects/HAMSTER/scripts/results/1744904029.452632_project/Sequences/lca_TusA.faa
FASTA file saved: /home/tomohisa/Projects/HAMSTER/scripts/results/1744904029.452632_project/Sequences/lca_redDsrB.faa
FASTA file saved: /home/tomohisa/Projects/HAMSTER/scripts/results/1744904029.452632_project/Sequences/lca_DsrE2.faa
Calculating Markov Chain Clustering
Starting DIAMOND self-BLASTp for: TusA.faa
Starting DIAMOND self-BLASTp for: DsrL.faa
Starting DIAMOND self-BLASTp for: oxDsrM.faa
Starting DIAMOND self-BLASTp for: redDsrM.faa
Starting DIAMOND self-BLASTp for: redDsrO.faa
Starting DIAMOND self-BLASTp for: redDsrJ.faa
Starting DIAMOND self-BLASTp for: oxDsrB.faa
Starting DIAMOND self-BLASTp for: oxDsrP.faa
Starting DIAMOND self-BLASTp for: DsrR.faa
Starting DIAMOND self-BLASTp for: DsrF.faa
Starting DIAMOND self-BLASTp for: oxDsrK.faa
Starting DIAMOND self-BLASTp for: redDsrB.faa
Starting DIAMOND self-BLASTp for: redDsrC.faa
Starting DIAMOND self-BLASTp for: oxDsrA.faa
Starting DIAMOND self-BLASTp for: oxDsrC.faa
Starting DIAMOND self-BLASTp for: oxDsrJ.faa
Starting DIAMOND self-BLASTp for: DsrS.faa
Starting DIAMOND self-BLASTp for: redDsrN.faa
Starting DIAMOND self-BLASTp for: redDsrP.faa
Starting DIAMOND self-BLASTp for: DsrH.faa
Starting DIAMOND self-BLASTp for: DsrE2.faa
Starting DIAMOND self-BLASTp for: oxDsrO.faa
Starting DIAMOND self-BLASTp for: redDsrA.faa
Starting DIAMOND self-BLASTp for: redDsrK.faa
Starting DIAMOND self-BLASTp for: oxDsrN.faa
Starting DIAMOND self-BLASTp for: DsrE.faa
Running MCL clustering for TusA
[mcl] new tab created
[mcl] pid 122250
 ite -----------  chaos  time hom(avg,lo,hi) m-ie m-ex i-ex fmv
  1  ...........   0.02  0.00 1.00/1.00/1.00 0.99 0.99 0.99 100
  2  ...........   0.03  0.00 0.99/0.99/0.99 0.99 0.99 0.99 100
  3  ...........   0.06  0.00 0.98/0.98/0.98 0.99 0.99 0.99 100
  4  ...........   0.11  0.00 0.94/0.94/0.94 0.99 0.99 0.99 100
  5  ...........   0.18  0.00 0.88/0.88/0.88 0.99 0.99 0.99 100
  6  ...........   0.23  0.00 0.82/0.82/0.82 0.99 0.99 0.99 100
  7  ...........   0.23  0.00 0.84/0.84/0.84 0.99 0.99 0.99 100
  8  ...........   0.18  0.00 0.89/0.89/0.89 0.99 0.90 0.90 100
  9  ...........   0.14  0.00 0.92/0.92/0.92 0.99 0.79 0.72 100
 10  ...........   0.13  0.00 0.93/0.93/0.93 0.99 0.74 0.54 100
 11  ...........   0.18  0.00 0.87/0.87/0.87 0.99 0.99 0.54 100
 12  ...........   0.16  0.00 0.82/0.82/0.82 0.99 0.82 0.45 100
 13  ...........   0.08  0.00 0.91/0.91/0.91 0.98 0.98 0.45 100
 14  ...........   0.02  0.00 0.99/0.99/0.99 0.98 0.98 0.45 100
 15  ...........   0.01  0.00 1.00/1.00/1.00 0.98 0.59 0.27 100
 16  ...........   0.03  0.00 1.00/1.00/1.00 0.97 0.97 0.27 100
 17  ...........   0.05  0.00 1.00/1.00/1.00 0.97 0.97 0.27 100
 18  ...........   0.10  0.00 0.98/0.98/0.98 0.97 0.97 0.27 100
 19  ...........   0.19  0.00 0.93/0.93/0.93 0.97 0.97 0.27 100
 20  ...........   0.34  0.00 0.79/0.79/0.79 0.97 0.97 0.27 100
 21  ...........   0.49  0.00 0.63/0.63/0.63 0.97 0.97 0.27 100
 22  ...........   0.35  0.00 0.76/0.76/0.76 0.97 0.97 0.27 100
 23  ...........   0.05  0.00 0.97/0.97/0.97 0.97 0.97 0.27 100
 24  ...........   0.00  0.00 1.00/1.00/1.00 0.97 0.32 0.09 100
 25  ...........   0.00  0.00 1.00/1.00/1.00 0.92 0.92 0.09   0
[mcl] jury pruning marks: <100,100,100>, out of 100
[mcl] jury pruning synopsis: <100.0 or really really really good> (cf -scheme, -do log)
[mcl] output is in /home/tomohisa/Projects/HAMSTER/scripts/results/1744904029.452632_project/Protein_Phylogeny/TusA_mcl_clusters.txt
[mcl] 1 clusters found
[mcl] output is in /home/tomohisa/Projects/HAMSTER/scripts/results/1744904029.452632_project/Protein_Phylogeny/TusA_mcl_clusters.txt

Please cite:
    Stijn van Dongen, Graph Clustering by Flow Simulation.  PhD thesis,
    University of Utrecht, May 2000.
       (  http://www.library.uu.nl/digiarchief/dip/diss/1895620/full.pdf
       or  http://micans.org/mcl/lit/svdthesis.pdf.gz)
OR
    Stijn van Dongen, A cluster algorithm for graphs. Technical
    Report INS-R0010, National Research Institute for Mathematics
    and Computer Science in the Netherlands, Amsterdam, May 2000.
       (  http://www.cwi.nl/ftp/CWIreports/INS/INS-R0010.ps.Z
       or  http://micans.org/mcl/lit/INS-R0010.ps.Z)

Running MCL clustering for DsrL
.[mcl] new tab created
[mcl] pid 122252
 ite -------------------  chaos  time hom(avg,lo,hi) m-ie m-ex i-ex fmv
  1  ...................   1.30  0.00 1.06/0.86/1.62 1.00 1.00 1.00 100
  2  ...................   0.91  0.00 0.71/0.60/0.95 1.00 1.00 1.00 100
  3  ...................   1.45  0.00 0.57/0.45/0.69 1.00 1.00 1.00 100
  4  ...................   1.98  0.00 0.68/0.65/0.70 1.00 0.75 0.75 100
  5  ...................   2.05  0.00 0.48/0.48/0.48 1.01 0.48 0.36 100
  6  ...................   3.75  0.00 0.30/0.30/0.30 1.00 0.82 0.29 100
  7  ...................   4.11  0.00 0.47/0.47/0.47 1.00 0.78 0.23 100
  8  ...................   0.68  0.00 0.85/0.85/0.85 1.00 0.45 0.10 100
  9  ...................   0.02  0.00 0.98/0.98/0.98 1.00 0.28 0.03 100
 10  ...................   0.00  0.00 1.00/1.00/1.00 1.00 0.60 0.02 100
 11  ...................  -0.00  0.00 1.00/1.00/1.00 1.00 0.67 0.01   0
[mcl] jury pruning marks: <100,100,100>, out of 100
[mcl] jury pruning synopsis: <100.0 or really really really good> (cf -scheme, -do log)
[mcl] output is in /home/tomohisa/Projects/HAMSTER/scripts/results/1744904029.452632_project/Protein_Phylogeny/DsrL_mcl_clusters.txt
[mcl] 1 clusters found
[mcl] output is in /home/tomohisa/Projects/HAMSTER/scripts/results/1744904029.452632_project/Protein_Phylogeny/DsrL_mcl_clusters.txt

Please cite:
    Stijn van Dongen, Graph Clustering by Flow Simulation.  PhD thesis,
    University of Utrecht, May 2000.
       (  http://www.library.uu.nl/digiarchief/dip/diss/1895620/full.pdf
       or  http://micans.org/mcl/lit/svdthesis.pdf.gz)
OR
    Stijn van Dongen, A cluster algorithm for graphs. Technical
    Report INS-R0010, National Research Institute for Mathematics
    and Computer Science in the Netherlands, Amsterdam, May 2000.
       (  http://www.cwi.nl/ftp/CWIreports/INS/INS-R0010.ps.Z
       or  http://micans.org/mcl/lit/INS-R0010.ps.Z)

Running MCL clustering for oxDsrM
[mcl] new tab created
[mcl] pid 122254
 ite -----------------  chaos  time hom(avg,lo,hi) m-ie m-ex i-ex fmv
  1  .................   0.13  0.00 0.98/0.96/1.00 1.00 1.00 1.00 100
  2  .................   0.22  0.00 0.93/0.92/0.93 1.00 1.00 1.00 100
  3  .................   0.40  0.00 0.85/0.85/0.85 1.00 1.00 1.00 100
  4  .................   0.72  0.00 0.74/0.74/0.74 1.00 0.98 0.98 100
  5  .................   1.34  0.00 0.65/0.65/0.65 1.00 0.98 0.96 100
  6  .................   2.45  0.00 0.54/0.54/0.54 1.00 0.88 0.85 100
  7  .................   3.91  0.00 0.34/0.34/0.34 1.00 0.71 0.60 100
  8  .................   4.00  0.00 0.38/0.38/0.38 1.00 0.59 0.36 100
  9  .................   1.43  0.00 0.77/0.77/0.77 1.00 0.68 0.25 100
 10  .................   0.04  0.00 0.98/0.98/0.98 1.00 0.23 0.06 100
 11  .................   0.00  0.00 1.00/1.00/1.00 0.99 0.66 0.04 100
 12  .................  -0.00  0.00 1.00/1.00/1.00 0.99 0.50 0.02   0
[mcl] jury pruning marks: <100,100,100>, out of 100
[mcl] jury pruning synopsis: <100.0 or really really really good> (cf -scheme, -do log)
[mcl] output is in /home/tomohisa/Projects/HAMSTER/scripts/results/1744904029.452632_project/Protein_Phylogeny/oxDsrM_mcl_clusters.txt
[mcl] 1 clusters found
[mcl] output is in /home/tomohisa/Projects/HAMSTER/scripts/results/1744904029.452632_project/Protein_Phylogeny/oxDsrM_mcl_clusters.txt

Please cite:
    Stijn van Dongen, Graph Clustering by Flow Simulation.  PhD thesis,
    University of Utrecht, May 2000.
       (  http://www.library.uu.nl/digiarchief/dip/diss/1895620/full.pdf
       or  http://micans.org/mcl/lit/svdthesis.pdf.gz)
OR
    Stijn van Dongen, A cluster algorithm for graphs. Technical
    Report INS-R0010, National Research Institute for Mathematics
    and Computer Science in the Netherlands, Amsterdam, May 2000.
       (  http://www.cwi.nl/ftp/CWIreports/INS/INS-R0010.ps.Z
       or  http://micans.org/mcl/lit/INS-R0010.ps.Z)

Running MCL clustering for redDsrM
[mcl] new tab created
[mcl] pid 122256
 ite ----------  chaos  time hom(avg,lo,hi) m-ie m-ex i-ex fmv
  1  ..........   0.12  0.00 1.02/1.00/1.03 1.00 1.00 1.00 100
  2  ..........   0.16  0.00 0.97/0.97/0.98 1.00 1.00 1.00 100
  3  ..........   0.31  0.00 0.91/0.91/0.91 1.00 1.00 1.00 100
  4  ..........   0.62  0.00 0.76/0.76/0.76 1.00 1.00 1.00 100
  5  ..........   1.21  0.00 0.59/0.59/0.59 1.00 1.00 1.00 100
  6  ..........   2.38  0.00 0.46/0.46/0.46 1.00 1.00 1.00 100
  7  ..........   3.24  0.00 0.42/0.42/0.42 1.00 0.81 0.81 100
  8  ..........   1.37  0.00 0.67/0.67/0.67 1.00 0.53 0.43 100
  9  ..........   0.14  0.00 0.95/0.95/0.95 0.99 0.55 0.24 100
 10  ..........   0.00  0.00 1.00/1.00/1.00 0.99 0.40 0.10 100
 11  ..........   0.00  0.00 1.00/1.00/1.00 0.98 0.49 0.05 100
[mcl] jury pruning marks: <100,100,100>, out of 100
[mcl] jury pruning synopsis: <100.0 or really really really good> (cf -scheme, -do log)
[mcl] output is in /home/tomohisa/Projects/HAMSTER/scripts/results/1744904029.452632_project/Protein_Phylogeny/redDsrM_mcl_clusters.txt
[mcl] 1 clusters found
[mcl] output is in /home/tomohisa/Projects/HAMSTER/scripts/results/1744904029.452632_project/Protein_Phylogeny/redDsrM_mcl_clusters.txt

Please cite:
    Stijn van Dongen, Graph Clustering by Flow Simulation.  PhD thesis,
    University of Utrecht, May 2000.
       (  http://www.library.uu.nl/digiarchief/dip/diss/1895620/full.pdf
       or  http://micans.org/mcl/lit/svdthesis.pdf.gz)
OR
    Stijn van Dongen, A cluster algorithm for graphs. Technical
    Report INS-R0010, National Research Institute for Mathematics
    and Computer Science in the Netherlands, Amsterdam, May 2000.
       (  http://www.cwi.nl/ftp/CWIreports/INS/INS-R0010.ps.Z
       or  http://micans.org/mcl/lit/INS-R0010.ps.Z)

Running MCL clustering for redDsrO
[mcl] new tab created
[mcl] pid 122258
 ite ----------  chaos  time hom(avg,lo,hi) m-ie m-ex i-ex fmv
  1  ..........   0.13  0.00 1.01/0.99/1.06 1.00 1.00 1.00 100
  2  ..........   0.19  0.00 0.95/0.95/0.96 1.00 1.00 1.00 100
  3  ..........   0.34  0.00 0.85/0.85/0.85 1.00 1.00 1.00 100
  4  ..........   0.61  0.00 0.70/0.70/0.70 1.00 1.00 1.00 100
  5  ..........   0.97  0.00 0.62/0.62/0.62 1.00 1.00 1.00 100
  6  ..........   1.31  0.00 0.65/0.65/0.65 1.00 0.95 0.95 100
  7  ..........   1.14  0.00 0.67/0.67/0.67 1.00 0.65 0.62 100
  8  ..........   0.84  0.00 0.70/0.70/0.70 1.00 0.61 0.38 100
  9  ..........   0.63  0.00 0.80/0.80/0.80 0.99 0.75 0.29 100
 10  ..........   0.49  0.00 0.78/0.78/0.78 0.99 0.66 0.19 100
 11  ..........   0.22  0.00 0.78/0.78/0.78 0.99 0.49 0.10 100
 12  ..........   0.06  0.00 0.94/0.94/0.94 0.98 0.98 0.10 100
 13  ..........   0.00  0.00 1.00/1.00/1.00 0.98 0.98 0.10 100
 14  ..........   0.00  0.00 1.00/1.00/1.00 0.98 0.49 0.05 100
[mcl] jury pruning marks: <100,100,100>, out of 100
[mcl] jury pruning synopsis: <100.0 or really really really good> (cf -scheme, -do log)
[mcl] output is in /home/tomohisa/Projects/HAMSTER/scripts/results/1744904029.452632_project/Protein_Phylogeny/redDsrO_mcl_clusters.txt
[mcl] 1 clusters found
[mcl] output is in /home/tomohisa/Projects/HAMSTER/scripts/results/1744904029.452632_project/Protein_Phylogeny/redDsrO_mcl_clusters.txt

Please cite:
    Stijn van Dongen, Graph Clustering by Flow Simulation.  PhD thesis,
    University of Utrecht, May 2000.
       (  http://www.library.uu.nl/digiarchief/dip/diss/1895620/full.pdf
       or  http://micans.org/mcl/lit/svdthesis.pdf.gz)
OR
    Stijn van Dongen, A cluster algorithm for graphs. Technical
    Report INS-R0010, National Research Institute for Mathematics
    and Computer Science in the Netherlands, Amsterdam, May 2000.
       (  http://www.cwi.nl/ftp/CWIreports/INS/INS-R0010.ps.Z
       or  http://micans.org/mcl/lit/INS-R0010.ps.Z)

Running MCL clustering for redDsrJ
[mcl] new tab created
[mcl] pid 122260
 ite ---------------  chaos  time hom(avg,lo,hi) m-ie m-ex i-ex fmv
  1  ...............   0.16  0.00 1.03/1.00/1.10 1.00 1.00 1.00 100
  2  ...............   0.22  0.00 0.97/0.96/0.98 1.00 1.00 1.00 100
  3  ...............   0.44  0.00 0.88/0.88/0.88 1.00 1.00 1.00 100
  4  ...............   0.92  0.00 0.66/0.66/0.66 1.00 1.00 1.00 100
  5  ...............   1.93  0.00 0.40/0.40/0.40 1.00 1.00 1.00 100
  6  ...............   3.19  0.00 0.39/0.39/0.39 1.00 1.00 1.00 100
  7  ...............   1.03  0.00 0.78/0.78/0.78 1.00 0.66 0.66 100
  8  ...............   0.02  0.00 0.99/0.99/0.99 0.99 0.50 0.33 100
  9  ...............   0.00  0.00 1.00/1.00/1.00 0.99 0.20 0.07 100
[mcl] jury pruning marks: <100,100,100>, out of 100
[mcl] jury pruning synopsis: <100.0 or really really really good> (cf -scheme, -do log)
[mcl] output is in /home/tomohisa/Projects/HAMSTER/scripts/results/1744904029.452632_project/Protein_Phylogeny/redDsrJ_mcl_clusters.txt
[mcl] 1 clusters found
[mcl] output is in /home/tomohisa/Projects/HAMSTER/scripts/results/1744904029.452632_project/Protein_Phylogeny/redDsrJ_mcl_clusters.txt

Please cite:
    Stijn van Dongen, Graph Clustering by Flow Simulation.  PhD thesis,
    University of Utrecht, May 2000.
       (  http://www.library.uu.nl/digiarchief/dip/diss/1895620/full.pdf
       or  http://micans.org/mcl/lit/svdthesis.pdf.gz)
OR
    Stijn van Dongen, A cluster algorithm for graphs. Technical
    Report INS-R0010, National Research Institute for Mathematics
    and Computer Science in the Netherlands, Amsterdam, May 2000.
       (  http://www.cwi.nl/ftp/CWIreports/INS/INS-R0010.ps.Z
       or  http://micans.org/mcl/lit/INS-R0010.ps.Z)

Running MCL clustering for oxDsrB
[mcl] new tab created
[mcl] pid 122262
 ite ----------------  chaos  time hom(avg,lo,hi) m-ie m-ex i-ex fmv
  1  ................   0.07  0.00 0.99/0.98/1.01 1.00 1.00 1.00 100
  2  ................   0.11  0.00 0.97/0.96/0.97 1.00 1.00 1.00 100
  3  ................   0.20  0.00 0.92/0.92/0.92 1.00 1.00 1.00 100
  4  ................   0.34  0.00 0.85/0.85/0.85 1.00 0.98 0.98 100
  5  ................   0.57  0.00 0.74/0.74/0.74 1.00 1.00 0.98 100
  6  ................   0.89  0.00 0.65/0.65/0.65 1.00 0.98 0.97 100
  7  ................   1.06  0.00 0.69/0.69/0.69 1.00 0.84 0.82 100
  8  ................   1.16  0.00 0.71/0.71/0.71 1.00 0.74 0.61 100
  9  ................   0.95  0.00 0.68/0.68/0.68 1.00 0.52 0.32 100
 10  ................   1.29  0.00 0.70/0.70/0.70 1.00 0.86 0.27 100
 11  ................   1.64  0.00 0.56/0.56/0.56 1.00 0.72 0.20 100
 12  ................   1.34  0.00 0.48/0.48/0.48 1.00 0.54 0.11 100
 13  ................   0.91  0.00 0.72/0.72/0.72 1.00 1.00 0.11 100
 14  ................   0.09  0.00 0.96/0.96/0.96 1.00 0.71 0.08 100
 15  ................   0.00  0.00 1.00/1.00/1.00 1.00 0.40 0.03 100
 16  ................   0.00  0.00 1.00/1.00/1.00 0.99 0.50 0.02   0
[mcl] jury pruning marks: <100,100,100>, out of 100
[mcl] jury pruning synopsis: <100.0 or really really really good> (cf -scheme, -do log)
[mcl] output is in /home/tomohisa/Projects/HAMSTER/scripts/results/1744904029.452632_project/Protein_Phylogeny/oxDsrB_mcl_clusters.txt
[mcl] 1 clusters found
[mcl] output is in /home/tomohisa/Projects/HAMSTER/scripts/results/1744904029.452632_project/Protein_Phylogeny/oxDsrB_mcl_clusters.txt

Please cite:
    Stijn van Dongen, Graph Clustering by Flow Simulation.  PhD thesis,
    University of Utrecht, May 2000.
       (  http://www.library.uu.nl/digiarchief/dip/diss/1895620/full.pdf
       or  http://micans.org/mcl/lit/svdthesis.pdf.gz)
OR
    Stijn van Dongen, A cluster algorithm for graphs. Technical
    Report INS-R0010, National Research Institute for Mathematics
    and Computer Science in the Netherlands, Amsterdam, May 2000.
       (  http://www.cwi.nl/ftp/CWIreports/INS/INS-R0010.ps.Z
       or  http://micans.org/mcl/lit/INS-R0010.ps.Z)

Running MCL clustering for oxDsrP
[mcl] new tab created
[mcl] pid 122264
 ite -----------------  chaos  time hom(avg,lo,hi) m-ie m-ex i-ex fmv
  1  .................   0.14  0.00 0.99/0.97/1.03 1.00 1.00 1.00 100
  2  .................   0.20  0.00 0.94/0.94/0.95 1.00 1.00 1.00 100
  3  .................   0.37  0.00 0.88/0.88/0.88 1.00 1.00 1.00 100
  4  .................   0.70  0.00 0.77/0.77/0.77 1.00 0.98 0.98 100
  5  .................   1.37  0.00 0.60/0.60/0.60 1.00 0.96 0.94 100
  6  .................   2.71  0.00 0.40/0.40/0.40 1.00 0.92 0.86 100
  7  .................   4.19  0.00 0.42/0.42/0.42 1.00 0.82 0.71 100
  8  .................   3.56  0.00 0.58/0.58/0.58 1.00 0.64 0.45 100
  9  .................   1.26  0.00 0.66/0.66/0.66 1.00 0.35 0.16 100
 10  .................   0.32  0.00 0.84/0.84/0.84 1.00 0.50 0.08 100
 11  .................   0.02  0.00 0.98/0.98/0.98 1.00 0.50 0.04 100
 12  .................   0.00  0.00 1.00/1.00/1.00 0.99 0.99 0.04   0
 13  .................  -0.00  0.00 1.00/1.00/1.00 0.99 0.50 0.02   0
[mcl] jury pruning marks: <100,100,100>, out of 100
[mcl] jury pruning synopsis: <100.0 or really really really good> (cf -scheme, -do log)
[mcl] output is in /home/tomohisa/Projects/HAMSTER/scripts/results/1744904029.452632_project/Protein_Phylogeny/oxDsrP_mcl_clusters.txt
[mcl] 1 clusters found
[mcl] output is in /home/tomohisa/Projects/HAMSTER/scripts/results/1744904029.452632_project/Protein_Phylogeny/oxDsrP_mcl_clusters.txt

Please cite:
    Stijn van Dongen, Graph Clustering by Flow Simulation.  PhD thesis,
    University of Utrecht, May 2000.
       (  http://www.library.uu.nl/digiarchief/dip/diss/1895620/full.pdf
       or  http://micans.org/mcl/lit/svdthesis.pdf.gz)
OR
    Stijn van Dongen, A cluster algorithm for graphs. Technical
    Report INS-R0010, National Research Institute for Mathematics
    and Computer Science in the Netherlands, Amsterdam, May 2000.
       (  http://www.cwi.nl/ftp/CWIreports/INS/INS-R0010.ps.Z
       or  http://micans.org/mcl/lit/INS-R0010.ps.Z)

Running MCL clustering for DsrR
[mcl] new tab created
[mcl] pid 122266
 ite -----------  chaos  time hom(avg,lo,hi) m-ie m-ex i-ex fmv
  1  ...........   0.18  0.00 1.01/0.98/1.05 1.00 1.00 1.00 100
  2  ...........   0.29  0.00 0.92/0.91/0.93 1.00 1.00 1.00 100
  3  ...........   0.57  0.00 0.77/0.77/0.77 1.00 1.00 1.00 100
  4  ...........   1.10  0.00 0.57/0.57/0.57 1.00 1.00 1.00 100
  5  ...........   1.94  0.00 0.44/0.44/0.44 1.00 1.00 1.00 100
  6  ...........   1.68  0.00 0.56/0.56/0.56 1.00 0.78 0.78 100
  7  ...........   0.26  0.00 0.89/0.89/0.89 1.00 0.55 0.43 100
  8  ...........   0.00  0.00 1.00/1.00/1.00 1.00 0.50 0.22 100
  9  ...........   0.00  0.00 1.00/1.00/1.00 0.99 0.40 0.09 100
[mcl] jury pruning marks: <100,100,100>, out of 100
[mcl] jury pruning synopsis: <100.0 or really really really good> (cf -scheme, -do log)
[mcl] output is in /home/tomohisa/Projects/HAMSTER/scripts/results/1744904029.452632_project/Protein_Phylogeny/DsrR_mcl_clusters.txt
[mcl] 1 clusters found
[mcl] output is in /home/tomohisa/Projects/HAMSTER/scripts/results/1744904029.452632_project/Protein_Phylogeny/DsrR_mcl_clusters.txt

Please cite:
    Stijn van Dongen, Graph Clustering by Flow Simulation.  PhD thesis,
    University of Utrecht, May 2000.
       (  http://www.library.uu.nl/digiarchief/dip/diss/1895620/full.pdf
       or  http://micans.org/mcl/lit/svdthesis.pdf.gz)
OR
    Stijn van Dongen, A cluster algorithm for graphs. Technical
    Report INS-R0010, National Research Institute for Mathematics
    and Computer Science in the Netherlands, Amsterdam, May 2000.
       (  http://www.cwi.nl/ftp/CWIreports/INS/INS-R0010.ps.Z
       or  http://micans.org/mcl/lit/INS-R0010.ps.Z)

Running MCL clustering for DsrF
[mcl] new tab created
[mcl] pid 122268
 ite -------------------  chaos  time hom(avg,lo,hi) m-ie m-ex i-ex fmv
  1  ...................   0.13  0.00 1.01/0.99/1.04 1.00 1.00 1.00 100
  2  ...................   0.21  0.00 0.95/0.95/0.96 1.00 1.00 1.00 100
  3  ...................   0.41  0.00 0.87/0.87/0.87 1.00 1.00 1.00 100
  4  ...................   0.82  0.00 0.72/0.72/0.72 1.00 1.00 1.00 100
  5  ...................   1.69  0.00 0.52/0.52/0.52 1.00 0.98 0.98 100
  6  ...................   3.19  0.00 0.39/0.39/0.39 1.00 0.91 0.90 100
  7  ...................   4.02  0.00 0.45/0.45/0.45 1.00 0.77 0.69 100
  8  ...................   1.72  0.00 0.68/0.68/0.68 1.00 0.46 0.32 100
  9  ...................   0.42  0.00 0.90/0.90/0.90 1.00 0.37 0.12 100
 10  ...................   0.31  0.00 0.91/0.91/0.91 1.00 0.57 0.07 100
 11  ...................   0.23  0.00 0.80/0.80/0.80 1.00 0.50 0.03 100
 12  ...................   0.23  0.00 0.77/0.77/0.77 0.99 0.99 0.03   0
 13  ...................   0.09  0.00 0.91/0.91/0.91 0.99 0.99 0.03   0
 14  ...................   0.00  0.00 1.00/1.00/1.00 0.99 0.99 0.03   0
 15  ...................   0.00  0.00 1.00/1.00/1.00 0.99 0.50 0.02   0
[mcl] jury pruning marks: <100,100,100>, out of 100
[mcl] jury pruning synopsis: <100.0 or really really really good> (cf -scheme, -do log)
[mcl] output is in /home/tomohisa/Projects/HAMSTER/scripts/results/1744904029.452632_project/Protein_Phylogeny/DsrF_mcl_clusters.txt
[mcl] 1 clusters found
[mcl] output is in /home/tomohisa/Projects/HAMSTER/scripts/results/1744904029.452632_project/Protein_Phylogeny/DsrF_mcl_clusters.txt

Please cite:
    Stijn van Dongen, Graph Clustering by Flow Simulation.  PhD thesis,
    University of Utrecht, May 2000.
       (  http://www.library.uu.nl/digiarchief/dip/diss/1895620/full.pdf
       or  http://micans.org/mcl/lit/svdthesis.pdf.gz)
OR
    Stijn van Dongen, A cluster algorithm for graphs. Technical
    Report INS-R0010, National Research Institute for Mathematics
    and Computer Science in the Netherlands, Amsterdam, May 2000.
       (  http://www.cwi.nl/ftp/CWIreports/INS/INS-R0010.ps.Z
       or  http://micans.org/mcl/lit/INS-R0010.ps.Z)

Running MCL clustering for oxDsrK
[mcl] new tab created
[mcl] pid 122270
 ite --------------------  chaos  time hom(avg,lo,hi) m-ie m-ex i-ex fmv
  1  ....................   0.37  0.00 1.00/0.84/1.44 1.01 1.01 1.01 100
  2  ....................   0.34  0.00 0.84/0.74/0.88 1.00 1.00 1.01 100
  3  ....................   0.51  0.00 0.86/0.81/0.88 1.00 1.00 1.01 100
  4  ....................   0.63  0.00 0.74/0.74/0.74 1.00 0.65 0.65 100
  5  ....................   1.20  0.00 0.56/0.56/0.56 1.00 1.00 0.65 100
  6  ....................   2.07  0.00 0.53/0.53/0.53 1.00 1.00 0.65 100
  7  ....................   2.49  0.00 0.58/0.58/0.58 1.00 0.77 0.50 100
  8  ....................   1.79  0.00 0.53/0.53/0.53 1.00 0.50 0.25 100
  9  ....................   0.79  0.00 0.69/0.69/0.69 1.00 0.55 0.14 100
 10  ....................   0.10  0.00 0.95/0.95/0.95 1.00 0.73 0.10 100
 11  ....................   0.00  0.00 1.00/1.00/1.00 1.00 0.50 0.05 100
 12  ....................   0.00  0.00 1.00/1.00/1.00 1.00 0.50 0.03 100
[mcl] jury pruning marks: <100,100,100>, out of 100
[mcl] jury pruning synopsis: <100.0 or really really really good> (cf -scheme, -do log)
[mcl] output is in /home/tomohisa/Projects/HAMSTER/scripts/results/1744904029.452632_project/Protein_Phylogeny/oxDsrK_mcl_clusters.txt
[mcl] 1 clusters found
[mcl] output is in /home/tomohisa/Projects/HAMSTER/scripts/results/1744904029.452632_project/Protein_Phylogeny/oxDsrK_mcl_clusters.txt

Please cite:
    Stijn van Dongen, Graph Clustering by Flow Simulation.  PhD thesis,
    University of Utrecht, May 2000.
       (  http://www.library.uu.nl/digiarchief/dip/diss/1895620/full.pdf
       or  http://micans.org/mcl/lit/svdthesis.pdf.gz)
OR
    Stijn van Dongen, A cluster algorithm for graphs. Technical
    Report INS-R0010, National Research Institute for Mathematics
    and Computer Science in the Netherlands, Amsterdam, May 2000.
       (  http://www.cwi.nl/ftp/CWIreports/INS/INS-R0010.ps.Z
       or  http://micans.org/mcl/lit/INS-R0010.ps.Z)

Running MCL clustering for redDsrB
[mcl] new tab created
[mcl] pid 122272
 ite ------------  chaos  time hom(avg,lo,hi) m-ie m-ex i-ex fmv
  1  ............   0.27  0.00 1.06/0.97/1.21 1.00 1.00 1.00 100
  2  ............   0.27  0.00 0.96/0.91/1.07 1.00 1.00 1.00 100
  3  ............   0.44  0.00 0.80/0.73/0.85 1.00 1.00 1.00 100
  4  ............   0.76  0.00 0.79/0.77/0.80 1.00 1.00 1.00 100
  5  ............   1.46  0.00 0.62/0.62/0.62 1.00 0.96 0.96 100
  6  ............   2.10  0.00 0.38/0.38/0.38 1.00 0.69 0.67 100
  7  ............   2.73  0.00 0.46/0.46/0.46 1.00 0.87 0.58 100
  8  ............   1.42  0.00 0.76/0.76/0.76 1.00 0.85 0.50 100
  9  ............   0.07  0.00 0.95/0.95/0.95 1.00 0.25 0.12 100
 10  ............   0.00  0.00 1.00/1.00/1.00 0.99 0.66 0.08 100
 11  ............   0.00  0.00 1.00/1.00/1.00 0.98 0.49 0.04 100
[mcl] jury pruning marks: <100,100,100>, out of 100
[mcl] jury pruning synopsis: <100.0 or really really really good> (cf -scheme, -do log)
[mcl] output is in /home/tomohisa/Projects/HAMSTER/scripts/results/1744904029.452632_project/Protein_Phylogeny/redDsrB_mcl_clusters.txt
[mcl] 1 clusters found
[mcl] output is in /home/tomohisa/Projects/HAMSTER/scripts/results/1744904029.452632_project/Protein_Phylogeny/redDsrB_mcl_clusters.txt

Please cite:
    Stijn van Dongen, Graph Clustering by Flow Simulation.  PhD thesis,
    University of Utrecht, May 2000.
       (  http://www.library.uu.nl/digiarchief/dip/diss/1895620/full.pdf
       or  http://micans.org/mcl/lit/svdthesis.pdf.gz)
OR
    Stijn van Dongen, A cluster algorithm for graphs. Technical
    Report INS-R0010, National Research Institute for Mathematics
    and Computer Science in the Netherlands, Amsterdam, May 2000.
       (  http://www.cwi.nl/ftp/CWIreports/INS/INS-R0010.ps.Z
       or  http://micans.org/mcl/lit/INS-R0010.ps.Z)

Running MCL clustering for redDsrC
[mcl] new tab created
[mcl] pid 122274
 ite ----------------  chaos  time hom(avg,lo,hi) m-ie m-ex i-ex fmv
  1  ................   0.15  0.00 1.05/1.01/1.10 1.00 1.00 1.00 100
  2  ................   0.07  0.00 1.00/0.99/1.02 1.00 1.00 1.00 100
  3  ................   0.13  0.00 0.98/0.98/0.98 1.00 1.00 1.00 100
  4  ................   0.26  0.00 0.93/0.93/0.93 1.00 1.00 1.00 100
  5  ................   0.50  0.00 0.81/0.81/0.81 1.00 1.00 1.00 100
  6  ................   0.97  0.00 0.64/0.64/0.64 1.00 1.00 1.00 100
  7  ................   1.83  0.00 0.49/0.49/0.49 1.00 1.00 1.00 100
  8  ................   2.82  0.00 0.44/0.44/0.44 1.00 0.93 0.93 100
  9  ................   1.41  0.00 0.65/0.65/0.65 1.00 0.60 0.56 100
 10  ................   0.12  0.00 0.95/0.95/0.95 0.99 0.55 0.31 100
 11  ................   0.00  0.00 1.00/1.00/1.00 0.99 0.59 0.19 100
 12  ................   0.00  0.00 1.00/1.00/1.00 0.98 0.33 0.06 100
[mcl] jury pruning marks: <100,100,100>, out of 100
[mcl] jury pruning synopsis: <100.0 or really really really good> (cf -scheme, -do log)
[mcl] output is in /home/tomohisa/Projects/HAMSTER/scripts/results/1744904029.452632_project/Protein_Phylogeny/redDsrC_mcl_clusters.txt
[mcl] 1 clusters found
[mcl] output is in /home/tomohisa/Projects/HAMSTER/scripts/results/1744904029.452632_project/Protein_Phylogeny/redDsrC_mcl_clusters.txt

Please cite:
    Stijn van Dongen, Graph Clustering by Flow Simulation.  PhD thesis,
    University of Utrecht, May 2000.
       (  http://www.library.uu.nl/digiarchief/dip/diss/1895620/full.pdf
       or  http://micans.org/mcl/lit/svdthesis.pdf.gz)
OR
    Stijn van Dongen, A cluster algorithm for graphs. Technical
    Report INS-R0010, National Research Institute for Mathematics
    and Computer Science in the Netherlands, Amsterdam, May 2000.
       (  http://www.cwi.nl/ftp/CWIreports/INS/INS-R0010.ps.Z
       or  http://micans.org/mcl/lit/INS-R0010.ps.Z)

Running MCL clustering for oxDsrA
[mcl] new tab created
[mcl] pid 122276
 ite -----------------  chaos  time hom(avg,lo,hi) m-ie m-ex i-ex fmv
  1  .................   0.12  0.00 1.00/0.98/1.03 1.00 1.00 1.00 100
  2  .................   0.19  0.00 0.95/0.94/0.96 1.00 1.00 1.00 100
  3  .................   0.35  0.00 0.86/0.86/0.86 1.00 0.99 0.99 100
  4  .................   0.64  0.00 0.72/0.72/0.72 1.00 1.00 0.99 100
  5  .................   1.12  0.00 0.60/0.60/0.60 1.00 1.00 0.99 100
  6  .................   1.57  0.00 0.60/0.60/0.60 1.00 0.87 0.86 100
  7  .................   1.75  0.00 0.67/0.67/0.67 1.00 0.72 0.61 100
  8  .................   1.61  0.00 0.64/0.64/0.64 1.00 0.53 0.33 100
  9  .................   1.91  0.00 0.51/0.51/0.51 1.00 0.65 0.21 100
 10  .................   1.94  0.00 0.47/0.47/0.47 1.00 0.67 0.14 100
 11  .................   0.92  0.00 0.72/0.72/0.72 1.00 0.70 0.10 100
 12  .................   0.06  0.00 0.97/0.97/0.97 1.00 0.57 0.06 100
 13  .................   0.00  0.00 1.00/1.00/1.00 1.00 0.25 0.01 100
 14  .................   0.00  0.00 1.00/1.00/1.00 0.99 0.99 0.01   0
[mcl] jury pruning marks: <100,100,99>, out of 100
[mcl] jury pruning synopsis: <99.9 or perfect> (cf -scheme, -do log)
[mcl] output is in /home/tomohisa/Projects/HAMSTER/scripts/results/1744904029.452632_project/Protein_Phylogeny/oxDsrA_mcl_clusters.txt
[mcl] 1 clusters found
[mcl] output is in /home/tomohisa/Projects/HAMSTER/scripts/results/1744904029.452632_project/Protein_Phylogeny/oxDsrA_mcl_clusters.txt

Please cite:
    Stijn van Dongen, Graph Clustering by Flow Simulation.  PhD thesis,
    University of Utrecht, May 2000.
       (  http://www.library.uu.nl/digiarchief/dip/diss/1895620/full.pdf
       or  http://micans.org/mcl/lit/svdthesis.pdf.gz)
OR
    Stijn van Dongen, A cluster algorithm for graphs. Technical
    Report INS-R0010, National Research Institute for Mathematics
    and Computer Science in the Netherlands, Amsterdam, May 2000.
       (  http://www.cwi.nl/ftp/CWIreports/INS/INS-R0010.ps.Z
       or  http://micans.org/mcl/lit/INS-R0010.ps.Z)

Running MCL clustering for oxDsrC
[mcl] new tab created
[mcl] pid 122278
 ite ----------------  chaos  time hom(avg,lo,hi) m-ie m-ex i-ex fmv
  1  ................   0.10  0.00 0.99/0.98/1.01 1.00 1.00 1.00 100
  2  ................   0.18  0.00 0.95/0.95/0.95 1.00 1.00 1.00 100
  3  ................   0.34  0.00 0.88/0.88/0.88 1.00 1.00 1.00 100
  4  ................   0.66  0.00 0.80/0.80/0.80 1.00 1.00 1.00 100
  5  ................   1.36  0.00 0.68/0.68/0.68 1.00 1.00 1.00 100
  6  ................   2.63  0.00 0.44/0.44/0.44 1.00 0.82 0.82 100
  7  ................   5.78  0.00 0.26/0.26/0.26 1.00 0.87 0.71 100
  8  ................   7.38  0.00 0.38/0.38/0.38 1.00 0.72 0.52 100
  9  ................   1.39  0.00 0.81/0.81/0.81 1.00 0.44 0.23 100
 10  ................   0.02  0.00 0.99/0.99/0.99 1.00 0.27 0.06 100
 11  ................   0.00  0.00 1.00/1.00/1.00 1.00 0.25 0.02 100
[mcl] jury pruning marks: <100,100,100>, out of 100
[mcl] jury pruning synopsis: <100.0 or really really really good> (cf -scheme, -do log)
[mcl] output is in /home/tomohisa/Projects/HAMSTER/scripts/results/1744904029.452632_project/Protein_Phylogeny/oxDsrC_mcl_clusters.txt
[mcl] 1 clusters found
[mcl] output is in /home/tomohisa/Projects/HAMSTER/scripts/results/1744904029.452632_project/Protein_Phylogeny/oxDsrC_mcl_clusters.txt

Please cite:
    Stijn van Dongen, Graph Clustering by Flow Simulation.  PhD thesis,
    University of Utrecht, May 2000.
       (  http://www.library.uu.nl/digiarchief/dip/diss/1895620/full.pdf
       or  http://micans.org/mcl/lit/svdthesis.pdf.gz)
OR
    Stijn van Dongen, A cluster algorithm for graphs. Technical
    Report INS-R0010, National Research Institute for Mathematics
    and Computer Science in the Netherlands, Amsterdam, May 2000.
       (  http://www.cwi.nl/ftp/CWIreports/INS/INS-R0010.ps.Z
       or  http://micans.org/mcl/lit/INS-R0010.ps.Z)

Running MCL clustering for oxDsrJ
[mcl] new tab created
[mcl] pid 122280
 ite ----------------  chaos  time hom(avg,lo,hi) m-ie m-ex i-ex fmv
  1  ................   0.21  0.00 0.97/0.93/1.02 1.00 1.00 1.00 100
  2  ................   0.24  0.00 0.85/0.83/0.87 1.00 1.00 1.00 100
  3  ................   0.35  0.00 0.78/0.78/0.78 1.00 1.00 1.00 100
  4  ................   0.43  0.00 0.80/0.80/0.80 1.00 1.00 1.00 100
  5  ................   0.52  0.00 0.82/0.82/0.82 1.00 0.93 0.93 100
  6  ................   0.50  0.00 0.74/0.74/0.74 1.00 0.66 0.62 100
  7  ................   0.49  0.00 0.71/0.71/0.71 0.99 0.80 0.50 100
  8  ................   0.45  0.00 0.79/0.79/0.79 0.99 0.99 0.50 100
  9  ................   0.27  0.00 0.84/0.84/0.84 0.99 0.74 0.37 100
 10  ................   0.10  0.00 0.91/0.91/0.91 0.99 0.66 0.25 100
 11  ................   0.01  0.00 0.98/0.98/0.98 0.98 0.74 0.19 100
 12  ................   0.00  0.00 1.00/1.00/1.00 0.98 0.98 0.19 100
 13  ................   0.00  0.00 1.00/1.00/1.00 0.98 0.65 0.12 100
[mcl] jury pruning marks: <100,100,100>, out of 100
[mcl] jury pruning synopsis: <100.0 or really really really good> (cf -scheme, -do log)
[mcl] output is in /home/tomohisa/Projects/HAMSTER/scripts/results/1744904029.452632_project/Protein_Phylogeny/oxDsrJ_mcl_clusters.txt
[mcl] 1 clusters found
[mcl] output is in /home/tomohisa/Projects/HAMSTER/scripts/results/1744904029.452632_project/Protein_Phylogeny/oxDsrJ_mcl_clusters.txt

Please cite:
    Stijn van Dongen, Graph Clustering by Flow Simulation.  PhD thesis,
    University of Utrecht, May 2000.
       (  http://www.library.uu.nl/digiarchief/dip/diss/1895620/full.pdf
       or  http://micans.org/mcl/lit/svdthesis.pdf.gz)
OR
    Stijn van Dongen, A cluster algorithm for graphs. Technical
    Report INS-R0010, National Research Institute for Mathematics
    and Computer Science in the Netherlands, Amsterdam, May 2000.
       (  http://www.cwi.nl/ftp/CWIreports/INS/INS-R0010.ps.Z
       or  http://micans.org/mcl/lit/INS-R0010.ps.Z)

Running MCL clustering for DsrS
[mcl] new tab created
[mcl] pid 122282
 ite -----------  chaos  time hom(avg,lo,hi) m-ie m-ex i-ex fmv
  1  ...........   0.15  0.00 0.99/0.97/1.04 0.99 0.99 0.99 100
  2  ...........   0.20  0.00 0.92/0.91/0.93 0.99 0.99 0.99 100
  3  ...........   0.35  0.00 0.81/0.81/0.81 0.99 0.99 0.99 100
  4  ...........   0.53  0.00 0.73/0.73/0.73 0.99 0.99 0.99 100
  5  ...........   0.73  0.00 0.75/0.75/0.75 0.99 0.99 0.99 100
  6  ...........   1.00  0.00 0.73/0.73/0.73 0.99 0.90 0.90 100
  7  ...........   1.08  0.00 0.60/0.60/0.60 0.99 0.69 0.63 100
  8  ...........   0.83  0.00 0.63/0.63/0.63 0.99 0.71 0.45 100
  9  ...........   0.26  0.00 0.87/0.87/0.87 0.98 0.79 0.36 100
 10  ...........   0.01  0.00 0.99/0.99/0.99 0.98 0.49 0.18 100
 11  ...........   0.00  0.00 1.00/1.00/1.00 0.96 0.48 0.09 100
[mcl] jury pruning marks: <100,100,100>, out of 100
[mcl] jury pruning synopsis: <100.0 or really really really good> (cf -scheme, -do log)
[mcl] output is in /home/tomohisa/Projects/HAMSTER/scripts/results/1744904029.452632_project/Protein_Phylogeny/DsrS_mcl_clusters.txt
[mcl] 1 clusters found
[mcl] output is in /home/tomohisa/Projects/HAMSTER/scripts/results/1744904029.452632_project/Protein_Phylogeny/DsrS_mcl_clusters.txt

Please cite:
    Stijn van Dongen, Graph Clustering by Flow Simulation.  PhD thesis,
    University of Utrecht, May 2000.
       (  http://www.library.uu.nl/digiarchief/dip/diss/1895620/full.pdf
       or  http://micans.org/mcl/lit/svdthesis.pdf.gz)
OR
    Stijn van Dongen, A cluster algorithm for graphs. Technical
    Report INS-R0010, National Research Institute for Mathematics
    and Computer Science in the Netherlands, Amsterdam, May 2000.
       (  http://www.cwi.nl/ftp/CWIreports/INS/INS-R0010.ps.Z
       or  http://micans.org/mcl/lit/INS-R0010.ps.Z)

Running MCL clustering for redDsrN
[mcl] new tab created
[mcl] pid 122284
 ite ---------------  chaos  time hom(avg,lo,hi) m-ie m-ex i-ex fmv
  1  ...............   0.13  0.00 1.01/0.99/1.05 1.00 1.00 1.00 100
  2  ...............   0.16  0.00 0.96/0.96/0.96 1.00 1.00 1.00 100
  3  ...............   0.29  0.00 0.88/0.88/0.88 1.00 1.00 1.00 100
  4  ...............   0.51  0.00 0.75/0.75/0.75 1.00 1.00 1.00 100
  5  ...............   0.84  0.00 0.63/0.63/0.63 1.00 1.00 1.00 100
  6  ...............   1.18  0.00 0.62/0.62/0.62 1.00 1.00 1.00 100
  7  ...............   0.87  0.00 0.76/0.76/0.76 1.00 0.66 0.66 100
  8  ...............   0.92  0.00 0.77/0.77/0.77 0.99 0.79 0.53 100
  9  ...............   0.48  0.00 0.65/0.65/0.65 0.99 0.37 0.20 100
 10  ...............   0.35  0.00 0.76/0.76/0.76 0.98 0.98 0.20 100
 11  ...............   0.06  0.00 0.96/0.96/0.96 0.98 0.98 0.20 100
 12  ...............   0.00  0.00 1.00/1.00/1.00 0.98 0.65 0.13 100
 13  ...............   0.00  0.00 1.00/1.00/1.00 0.97 0.48 0.07 100
[mcl] jury pruning marks: <100,100,100>, out of 100
[mcl] jury pruning synopsis: <100.0 or really really really good> (cf -scheme, -do log)
[mcl] output is in /home/tomohisa/Projects/HAMSTER/scripts/results/1744904029.452632_project/Protein_Phylogeny/redDsrN_mcl_clusters.txt
[mcl] 1 clusters found
[mcl] output is in /home/tomohisa/Projects/HAMSTER/scripts/results/1744904029.452632_project/Protein_Phylogeny/redDsrN_mcl_clusters.txt

Please cite:
    Stijn van Dongen, Graph Clustering by Flow Simulation.  PhD thesis,
    University of Utrecht, May 2000.
       (  http://www.library.uu.nl/digiarchief/dip/diss/1895620/full.pdf
       or  http://micans.org/mcl/lit/svdthesis.pdf.gz)
OR
    Stijn van Dongen, A cluster algorithm for graphs. Technical
    Report INS-R0010, National Research Institute for Mathematics
    and Computer Science in the Netherlands, Amsterdam, May 2000.
       (  http://www.cwi.nl/ftp/CWIreports/INS/INS-R0010.ps.Z
       or  http://micans.org/mcl/lit/INS-R0010.ps.Z)

Running MCL clustering for redDsrP
[mcl] new tab created
[mcl] pid 122286
 ite -------------  chaos  time hom(avg,lo,hi) m-ie m-ex i-ex fmv
  1  .............   0.16  0.00 0.98/0.95/1.10 1.00 1.00 1.00 100
  2  .............   0.22  0.00 0.89/0.87/0.90 1.00 1.00 1.00 100
  3  .............   0.34  0.00 0.86/0.85/0.86 1.00 1.00 1.00 100
  4  .............   0.56  0.00 0.83/0.83/0.83 1.00 1.00 1.00 100
  5  .............   0.97  0.00 0.73/0.73/0.73 1.00 0.92 0.92 100
  6  .............   1.55  0.00 0.56/0.56/0.56 1.00 0.80 0.74 100
  7  .............   2.78  0.00 0.38/0.38/0.38 1.00 0.90 0.67 100
  8  .............   2.47  0.00 0.48/0.48/0.48 1.00 0.67 0.44 100
  9  .............   0.53  0.00 0.86/0.86/0.86 1.00 0.66 0.30 100
 10  .............   0.01  0.00 0.99/0.99/0.99 1.00 0.37 0.11 100
 11  .............   0.00  0.00 1.00/1.00/1.00 0.99 0.33 0.04 100
[mcl] jury pruning marks: <100,100,100>, out of 100
[mcl] jury pruning synopsis: <100.0 or really really really good> (cf -scheme, -do log)
[mcl] output is in /home/tomohisa/Projects/HAMSTER/scripts/results/1744904029.452632_project/Protein_Phylogeny/redDsrP_mcl_clusters.txt
[mcl] 1 clusters found
[mcl] output is in /home/tomohisa/Projects/HAMSTER/scripts/results/1744904029.452632_project/Protein_Phylogeny/redDsrP_mcl_clusters.txt

Please cite:
    Stijn van Dongen, Graph Clustering by Flow Simulation.  PhD thesis,
    University of Utrecht, May 2000.
       (  http://www.library.uu.nl/digiarchief/dip/diss/1895620/full.pdf
       or  http://micans.org/mcl/lit/svdthesis.pdf.gz)
OR
    Stijn van Dongen, A cluster algorithm for graphs. Technical
    Report INS-R0010, National Research Institute for Mathematics
    and Computer Science in the Netherlands, Amsterdam, May 2000.
       (  http://www.cwi.nl/ftp/CWIreports/INS/INS-R0010.ps.Z
       or  http://micans.org/mcl/lit/INS-R0010.ps.Z)

Running MCL clustering for DsrH
[mcl] new tab created
[mcl] pid 122288
 ite -------------  chaos  time hom(avg,lo,hi) m-ie m-ex i-ex fmv
  1  .............   0.15  0.00 0.99/0.98/1.01 1.00 1.00 1.00 100
  2  .............   0.27  0.00 0.92/0.91/0.92 1.00 1.00 1.00 100
  3  .............   0.51  0.00 0.77/0.77/0.77 1.00 1.00 1.00 100
  4  .............   0.90  0.00 0.60/0.60/0.60 1.00 1.00 1.00 100
  5  .............   1.38  0.00 0.59/0.59/0.59 1.00 1.00 1.00 100
  6  .............   1.61  0.00 0.66/0.66/0.66 1.00 0.85 0.85 100
  7  .............   1.19  0.00 0.65/0.65/0.65 1.00 0.54 0.46 100
  8  .............   0.77  0.00 0.68/0.68/0.68 1.00 0.58 0.27 100
  9  .............   0.44  0.00 0.79/0.79/0.79 1.00 0.73 0.20 100
 10  .............   0.16  0.00 0.88/0.88/0.88 1.00 0.62 0.12 100
 11  .............   0.02  0.00 0.97/0.97/0.97 1.00 0.60 0.07 100
 12  .............   0.00  0.00 1.00/1.00/1.00 0.99 0.99 0.07 100
 13  .............   0.00  0.00 1.00/1.00/1.00 0.99 0.66 0.05 100
[mcl] jury pruning marks: <100,100,100>, out of 100
[mcl] jury pruning synopsis: <100.0 or really really really good> (cf -scheme, -do log)
[mcl] output is in /home/tomohisa/Projects/HAMSTER/scripts/results/1744904029.452632_project/Protein_Phylogeny/DsrH_mcl_clusters.txt
[mcl] 1 clusters found
[mcl] output is in /home/tomohisa/Projects/HAMSTER/scripts/results/1744904029.452632_project/Protein_Phylogeny/DsrH_mcl_clusters.txt

Please cite:
    Stijn van Dongen, Graph Clustering by Flow Simulation.  PhD thesis,
    University of Utrecht, May 2000.
       (  http://www.library.uu.nl/digiarchief/dip/diss/1895620/full.pdf
       or  http://micans.org/mcl/lit/svdthesis.pdf.gz)
OR
    Stijn van Dongen, A cluster algorithm for graphs. Technical
    Report INS-R0010, National Research Institute for Mathematics
    and Computer Science in the Netherlands, Amsterdam, May 2000.
       (  http://www.cwi.nl/ftp/CWIreports/INS/INS-R0010.ps.Z
       or  http://micans.org/mcl/lit/INS-R0010.ps.Z)

Running MCL clustering for DsrE2
[mcl] new tab created
[mcl] pid 122290
 ite ---------  chaos  time hom(avg,lo,hi) m-ie m-ex i-ex fmv
  1  .........   0.02  0.00 1.00/1.00/1.00 0.99 0.99 0.99 100
  2  .........   0.03  0.00 1.00/1.00/1.00 0.99 0.99 0.99 100
  3  .........   0.06  0.00 0.99/0.99/0.99 0.99 0.99 0.99 100
  4  .........   0.11  0.00 0.97/0.97/0.97 0.99 0.99 0.99 100
  5  .........   0.21  0.00 0.91/0.91/0.91 0.99 0.99 0.99 100
  6  .........   0.35  0.00 0.84/0.84/0.84 0.99 0.99 0.99 100
  7  .........   0.60  0.00 0.76/0.76/0.76 0.99 0.99 0.99 100
  8  .........   1.04  0.00 0.62/0.62/0.62 0.99 0.99 0.99 100
  9  .........   1.24  0.00 0.51/0.51/0.51 0.99 0.77 0.77 100
 10  .........   0.92  0.00 0.67/0.67/0.67 0.98 0.84 0.66 100
 11  .........   0.13  0.00 0.93/0.93/0.93 0.98 0.65 0.44 100
 12  .........   0.00  0.00 1.00/1.00/1.00 0.97 0.49 0.22 100
 13  .........   0.00  0.00 1.00/1.00/1.00 0.95 0.47 0.11 100
[mcl] jury pruning marks: <100,100,100>, out of 100
[mcl] jury pruning synopsis: <100.0 or really really really good> (cf -scheme, -do log)
[mcl] output is in /home/tomohisa/Projects/HAMSTER/scripts/results/1744904029.452632_project/Protein_Phylogeny/DsrE2_mcl_clusters.txt
[mcl] 1 clusters found
[mcl] output is in /home/tomohisa/Projects/HAMSTER/scripts/results/1744904029.452632_project/Protein_Phylogeny/DsrE2_mcl_clusters.txt

Please cite:
    Stijn van Dongen, Graph Clustering by Flow Simulation.  PhD thesis,
    University of Utrecht, May 2000.
       (  http://www.library.uu.nl/digiarchief/dip/diss/1895620/full.pdf
       or  http://micans.org/mcl/lit/svdthesis.pdf.gz)
OR
    Stijn van Dongen, A cluster algorithm for graphs. Technical
    Report INS-R0010, National Research Institute for Mathematics
    and Computer Science in the Netherlands, Amsterdam, May 2000.
       (  http://www.cwi.nl/ftp/CWIreports/INS/INS-R0010.ps.Z
       or  http://micans.org/mcl/lit/INS-R0010.ps.Z)

Running MCL clustering for oxDsrO
[mcl] new tab created
[mcl] pid 122292
 ite -------------------  chaos  time hom(avg,lo,hi) m-ie m-ex i-ex fmv
  1  ...................   0.24  0.00 1.00/0.93/1.23 1.00 1.00 1.00 100
  2  ...................   0.31  0.00 0.83/0.77/0.86 1.00 1.00 1.00 100
  3  ...................   0.46  0.00 0.79/0.77/0.80 1.00 1.00 1.00 100
  4  ...................   0.69  0.00 0.77/0.77/0.77 1.00 0.97 0.98 100
  5  ...................   0.79  0.00 0.68/0.68/0.68 1.00 0.68 0.67 100
  6  ...................   1.21  0.00 0.63/0.63/0.63 1.00 0.94 0.63 100
  7  ...................   1.42  0.00 0.66/0.66/0.66 1.00 0.75 0.47 100
  8  ...................   1.79  0.00 0.65/0.65/0.65 1.00 0.76 0.36 100
  9  ...................   1.80  0.00 0.54/0.54/0.54 1.00 0.57 0.21 100
 10  ...................   1.89  0.00 0.50/0.50/0.50 1.00 0.69 0.14 100
 11  ...................   1.08  0.00 0.67/0.67/0.67 1.00 0.64 0.09 100
 12  ...................   0.30  0.00 0.88/0.88/0.88 1.00 0.71 0.06 100
 13  ...................   0.01  0.00 0.99/0.99/0.99 1.00 0.40 0.03 100
 14  ...................   0.00  0.00 1.00/1.00/1.00 0.99 0.50 0.01   0
[mcl] jury pruning marks: <100,100,100>, out of 100
[mcl] jury pruning synopsis: <100.0 or really really really good> (cf -scheme, -do log)
[mcl] output is in /home/tomohisa/Projects/HAMSTER/scripts/results/1744904029.452632_project/Protein_Phylogeny/oxDsrO_mcl_clusters.txt
[mcl] 1 clusters found
[mcl] output is in /home/tomohisa/Projects/HAMSTER/scripts/results/1744904029.452632_project/Protein_Phylogeny/oxDsrO_mcl_clusters.txt

Please cite:
    Stijn van Dongen, Graph Clustering by Flow Simulation.  PhD thesis,
    University of Utrecht, May 2000.
       (  http://www.library.uu.nl/digiarchief/dip/diss/1895620/full.pdf
       or  http://micans.org/mcl/lit/svdthesis.pdf.gz)
OR
    Stijn van Dongen, A cluster algorithm for graphs. Technical
    Report INS-R0010, National Research Institute for Mathematics
    and Computer Science in the Netherlands, Amsterdam, May 2000.
       (  http://www.cwi.nl/ftp/CWIreports/INS/INS-R0010.ps.Z
       or  http://micans.org/mcl/lit/INS-R0010.ps.Z)

Running MCL clustering for redDsrA
[mcl] new tab created
[mcl] pid 122294
 ite -----------  chaos  time hom(avg,lo,hi) m-ie m-ex i-ex fmv
  1  ...........   0.34  0.00 1.05/0.94/1.27 1.00 1.00 1.00 100
  2  ...........   0.24  0.00 0.94/0.88/1.08 1.00 1.00 1.00 100
  3  ...........   0.34  0.00 0.80/0.68/0.86 1.00 1.00 1.00 100
  4  ...........   0.49  0.00 0.79/0.77/0.80 1.00 1.00 1.00 100
  5  ...........   0.49  0.00 0.73/0.73/0.73 1.00 0.69 0.69 100
  6  ...........   0.63  0.00 0.79/0.79/0.79 1.00 1.00 0.69 100
  7  ...........   0.82  0.00 0.81/0.81/0.81 1.00 0.87 0.61 100
  8  ...........   0.82  0.00 0.67/0.67/0.67 1.00 0.57 0.35 100
  9  ...........   1.18  0.00 0.52/0.52/0.52 0.99 0.87 0.30 100
 10  ...........   1.04  0.00 0.60/0.60/0.60 0.99 0.85 0.26 100
 11  ...........   0.23  0.00 0.91/0.91/0.91 0.99 0.83 0.22 100
 12  ...........   0.00  0.00 1.00/1.00/1.00 0.99 0.40 0.09 100
 13  ...........   0.00  0.00 1.00/1.00/1.00 0.98 0.49 0.04 100
[mcl] jury pruning marks: <100,100,100>, out of 100
[mcl] jury pruning synopsis: <100.0 or really really really good> (cf -scheme, -do log)
[mcl] output is in /home/tomohisa/Projects/HAMSTER/scripts/results/1744904029.452632_project/Protein_Phylogeny/redDsrA_mcl_clusters.txt
[mcl] 1 clusters found
[mcl] output is in /home/tomohisa/Projects/HAMSTER/scripts/results/1744904029.452632_project/Protein_Phylogeny/redDsrA_mcl_clusters.txt

Please cite:
    Stijn van Dongen, Graph Clustering by Flow Simulation.  PhD thesis,
    University of Utrecht, May 2000.
       (  http://www.library.uu.nl/digiarchief/dip/diss/1895620/full.pdf
       or  http://micans.org/mcl/lit/svdthesis.pdf.gz)
OR
    Stijn van Dongen, A cluster algorithm for graphs. Technical
    Report INS-R0010, National Research Institute for Mathematics
    and Computer Science in the Netherlands, Amsterdam, May 2000.
       (  http://www.cwi.nl/ftp/CWIreports/INS/INS-R0010.ps.Z
       or  http://micans.org/mcl/lit/INS-R0010.ps.Z)

Running MCL clustering for redDsrK
[mcl] new tab created
[mcl] pid 122296
 ite --------------  chaos  time hom(avg,lo,hi) m-ie m-ex i-ex fmv
  1  ..............   0.31  0.00 1.01/0.90/1.39 1.00 1.00 1.00 100
  2  ..............   0.24  0.00 0.88/0.78/0.91 1.00 1.00 1.00 100
  3  ..............   0.35  0.00 0.88/0.83/0.90 1.00 1.00 1.00 100
  4  ..............   0.47  0.00 0.80/0.80/0.80 1.00 0.76 0.76 100
  5  ..............   0.82  0.00 0.66/0.66/0.66 1.00 0.95 0.72 100
  6  ..............   1.41  0.00 0.61/0.61/0.61 1.00 1.00 0.72 100
  7  ..............   2.30  0.00 0.54/0.54/0.54 1.00 0.95 0.69 100
  8  ..............   1.92  0.00 0.51/0.51/0.51 1.00 0.55 0.38 100
  9  ..............   1.26  0.00 0.65/0.65/0.65 1.00 0.72 0.28 100
 10  ..............   0.18  0.00 0.91/0.91/0.91 1.00 0.50 0.14 100
 11  ..............   0.00  0.00 1.00/1.00/1.00 0.99 0.50 0.07 100
 12  ..............   0.00  0.00 1.00/1.00/1.00 0.98 0.49 0.03 100
[mcl] jury pruning marks: <100,100,100>, out of 100
[mcl] jury pruning synopsis: <100.0 or really really really good> (cf -scheme, -do log)
[mcl] output is in /home/tomohisa/Projects/HAMSTER/scripts/results/1744904029.452632_project/Protein_Phylogeny/redDsrK_mcl_clusters.txt
[mcl] 1 clusters found
[mcl] output is in /home/tomohisa/Projects/HAMSTER/scripts/results/1744904029.452632_project/Protein_Phylogeny/redDsrK_mcl_clusters.txt

Please cite:
    Stijn van Dongen, Graph Clustering by Flow Simulation.  PhD thesis,
    University of Utrecht, May 2000.
       (  http://www.library.uu.nl/digiarchief/dip/diss/1895620/full.pdf
       or  http://micans.org/mcl/lit/svdthesis.pdf.gz)
OR
    Stijn van Dongen, A cluster algorithm for graphs. Technical
    Report INS-R0010, National Research Institute for Mathematics
    and Computer Science in the Netherlands, Amsterdam, May 2000.
       (  http://www.cwi.nl/ftp/CWIreports/INS/INS-R0010.ps.Z
       or  http://micans.org/mcl/lit/INS-R0010.ps.Z)

Running MCL clustering for oxDsrN
[mcl] new tab created
[mcl] pid 122298
 ite ------------------  chaos  time hom(avg,lo,hi) m-ie m-ex i-ex fmv
  1  ..................   0.27  0.00 1.01/0.92/1.24 1.00 1.00 1.00 100
  2  ..................   0.43  0.00 0.80/0.76/0.83 1.00 1.00 1.00 100
  3  ..................   0.73  0.00 0.75/0.72/0.76 1.00 1.00 1.00 100
  4  ..................   1.35  0.00 0.75/0.75/0.75 1.00 0.99 0.99 100
  5  ..................   1.96  0.00 0.56/0.56/0.56 1.00 0.64 0.63 100
  6  ..................   4.16  0.00 0.27/0.27/0.27 1.00 0.83 0.53 100
  7  ..................   7.78  0.00 0.31/0.31/0.31 1.00 0.86 0.45 100
  8  ..................   4.00  0.00 0.65/0.65/0.65 1.00 0.60 0.27 100
  9  ..................   0.29  0.00 0.90/0.90/0.90 1.00 0.24 0.06 100
 10  ..................   0.01  0.00 0.99/0.99/0.99 1.00 0.33 0.02 100
 11  ..................   0.00  0.00 1.00/1.00/1.00 0.99 0.50 0.01   0
[mcl] jury pruning marks: <100,100,100>, out of 100
[mcl] jury pruning synopsis: <100.0 or really really really good> (cf -scheme, -do log)
[mcl] output is in /home/tomohisa/Projects/HAMSTER/scripts/results/1744904029.452632_project/Protein_Phylogeny/oxDsrN_mcl_clusters.txt
[mcl] 1 clusters found
[mcl] output is in /home/tomohisa/Projects/HAMSTER/scripts/results/1744904029.452632_project/Protein_Phylogeny/oxDsrN_mcl_clusters.txt

Please cite:
    Stijn van Dongen, Graph Clustering by Flow Simulation.  PhD thesis,
    University of Utrecht, May 2000.
       (  http://www.library.uu.nl/digiarchief/dip/diss/1895620/full.pdf
       or  http://micans.org/mcl/lit/svdthesis.pdf.gz)
OR
    Stijn van Dongen, A cluster algorithm for graphs. Technical
    Report INS-R0010, National Research Institute for Mathematics
    and Computer Science in the Netherlands, Amsterdam, May 2000.
       (  http://www.cwi.nl/ftp/CWIreports/INS/INS-R0010.ps.Z
       or  http://micans.org/mcl/lit/INS-R0010.ps.Z)

Running MCL clustering for DsrE
[mcl] new tab created
[mcl] pid 122300
 ite --------------------  chaos  time hom(avg,lo,hi) m-ie m-ex i-ex fmv
  1  ....................   0.13  0.00 0.99/0.98/1.02 1.00 1.00 1.00 100
  2  ....................   0.22  0.00 0.92/0.91/0.93 1.00 1.00 1.00 100
  3  ....................   0.41  0.00 0.83/0.83/0.83 1.00 1.00 1.00 100
  4  ....................   0.73  0.00 0.73/0.73/0.73 1.00 1.00 1.00 100
  5  ....................   1.38  0.00 0.65/0.65/0.65 1.00 1.00 1.00 100
  6  ....................   2.30  0.00 0.55/0.55/0.55 1.00 0.82 0.82 100
  7  ....................   3.40  0.00 0.39/0.39/0.39 1.00 0.67 0.55 100
  8  ....................   4.99  0.00 0.33/0.33/0.33 1.00 0.76 0.42 100
  9  ....................   1.97  0.00 0.67/0.67/0.67 1.00 0.52 0.22 100
 10  ....................   0.08  0.00 0.97/0.97/0.97 1.00 0.46 0.10 100
 11  ....................   0.00  0.00 1.00/1.00/1.00 1.00 0.17 0.02 100
[mcl] jury pruning marks: <100,100,100>, out of 100
[mcl] jury pruning synopsis: <100.0 or really really really good> (cf -scheme, -do log)
[mcl] output is in /home/tomohisa/Projects/HAMSTER/scripts/results/1744904029.452632_project/Protein_Phylogeny/DsrE_mcl_clusters.txt
[mcl] 1 clusters found
[mcl] output is in /home/tomohisa/Projects/HAMSTER/scripts/results/1744904029.452632_project/Protein_Phylogeny/DsrE_mcl_clusters.txt

Please cite:
    Stijn van Dongen, Graph Clustering by Flow Simulation.  PhD thesis,
    University of Utrecht, May 2000.
       (  http://www.library.uu.nl/digiarchief/dip/diss/1895620/full.pdf
       or  http://micans.org/mcl/lit/svdthesis.pdf.gz)
OR
    Stijn van Dongen, A cluster algorithm for graphs. Technical
    Report INS-R0010, National Research Institute for Mathematics
    and Computer Science in the Netherlands, Amsterdam, May 2000.
       (  http://www.cwi.nl/ftp/CWIreports/INS/INS-R0010.ps.Z
       or  http://micans.org/mcl/lit/INS-R0010.ps.Z)

Processing domain: oxDsrK
Only one cluster identical to reference+merged set. Using grp1_oxDsrK only.
FASTA file saved: /home/tomohisa/Projects/HAMSTER/scripts/results/1744904029.452632_project/Sequences/grp1_oxDsrK.faa
Processing domain: oxDsrP
Only one cluster identical to reference+merged set. Using grp1_oxDsrP only.
FASTA file saved: /home/tomohisa/Projects/HAMSTER/scripts/results/1744904029.452632_project/Sequences/grp1_oxDsrP.faa
Processing domain: DsrL
Only one cluster identical to reference+merged set. Using grp1_DsrL only.
FASTA file saved: /home/tomohisa/Projects/HAMSTER/scripts/results/1744904029.452632_project/Sequences/grp1_DsrL.faa
Processing domain: DsrE
Only one cluster identical to reference+merged set. Using grp1_DsrE only.
FASTA file saved: /home/tomohisa/Projects/HAMSTER/scripts/results/1744904029.452632_project/Sequences/grp1_DsrE.faa
Processing domain: redDsrJ
Only one cluster identical to reference+merged set. Using grp1_redDsrJ only.
FASTA file saved: /home/tomohisa/Projects/HAMSTER/scripts/results/1744904029.452632_project/Sequences/grp1_redDsrJ.faa
Processing domain: oxDsrM
Only one cluster identical to reference+merged set. Using grp1_oxDsrM only.
FASTA file saved: /home/tomohisa/Projects/HAMSTER/scripts/results/1744904029.452632_project/Sequences/grp1_oxDsrM.faa
Processing domain: DsrS
Warning: No reference sequences found for domain 'DsrS', skipping.
Processing domain: redDsrN
Warning: No reference sequences found for domain 'redDsrN', skipping.
Processing domain: oxDsrB
Only one cluster identical to reference+merged set. Using grp1_oxDsrB only.
FASTA file saved: /home/tomohisa/Projects/HAMSTER/scripts/results/1744904029.452632_project/Sequences/grp1_oxDsrB.faa
Processing domain: DsrR
Only one cluster identical to reference+merged set. Using grp1_DsrR only.
FASTA file saved: /home/tomohisa/Projects/HAMSTER/scripts/results/1744904029.452632_project/Sequences/grp1_DsrR.faa
Processing domain: redDsrO
Only one cluster identical to reference+merged set. Using grp1_redDsrO only.
FASTA file saved: /home/tomohisa/Projects/HAMSTER/scripts/results/1744904029.452632_project/Sequences/grp1_redDsrO.faa
Processing domain: redDsrB
Only one cluster identical to reference+merged set. Using grp1_redDsrB only.
FASTA file saved: /home/tomohisa/Projects/HAMSTER/scripts/results/1744904029.452632_project/Sequences/grp1_redDsrB.faa
Processing domain: redDsrP
Only one cluster identical to reference+merged set. Using grp1_redDsrP only.
FASTA file saved: /home/tomohisa/Projects/HAMSTER/scripts/results/1744904029.452632_project/Sequences/grp1_redDsrP.faa
Processing domain: DsrF
Only one cluster identical to reference+merged set. Using grp1_DsrF only.
FASTA file saved: /home/tomohisa/Projects/HAMSTER/scripts/results/1744904029.452632_project/Sequences/grp1_DsrF.faa
Processing domain: TusA
Only one cluster identical to reference+merged set. Using grp1_TusA only.
FASTA file saved: /home/tomohisa/Projects/HAMSTER/scripts/results/1744904029.452632_project/Sequences/grp1_TusA.faa
Processing domain: DsrE2
Only one cluster identical to reference+merged set. Using grp1_DsrE2 only.
FASTA file saved: /home/tomohisa/Projects/HAMSTER/scripts/results/1744904029.452632_project/Sequences/grp1_DsrE2.faa
Processing domain: redDsrC
Warning: No reference sequences found for domain 'redDsrC', skipping.
Processing domain: oxDsrJ
Only one cluster identical to reference+merged set. Using grp1_oxDsrJ only.
FASTA file saved: /home/tomohisa/Projects/HAMSTER/scripts/results/1744904029.452632_project/Sequences/grp1_oxDsrJ.faa
Processing domain: oxDsrN
Only one cluster identical to reference+merged set. Using grp1_oxDsrN only.
FASTA file saved: /home/tomohisa/Projects/HAMSTER/scripts/results/1744904029.452632_project/Sequences/grp1_oxDsrN.faa
Processing domain: oxDsrC
Only one cluster identical to reference+merged set. Using grp1_oxDsrC only.
FASTA file saved: /home/tomohisa/Projects/HAMSTER/scripts/results/1744904029.452632_project/Sequences/grp1_oxDsrC.faa
Processing domain: DsrH
Only one cluster identical to reference+merged set. Using grp1_DsrH only.
FASTA file saved: /home/tomohisa/Projects/HAMSTER/scripts/results/1744904029.452632_project/Sequences/grp1_DsrH.faa
Processing domain: redDsrA
Only one cluster identical to reference+merged set. Using grp1_redDsrA only.
FASTA file saved: /home/tomohisa/Projects/HAMSTER/scripts/results/1744904029.452632_project/Sequences/grp1_redDsrA.faa
Processing domain: oxDsrA
Only one cluster identical to reference+merged set. Using grp1_oxDsrA only.
FASTA file saved: /home/tomohisa/Projects/HAMSTER/scripts/results/1744904029.452632_project/Sequences/grp1_oxDsrA.faa
Processing domain: redDsrM
Only one cluster identical to reference+merged set. Using grp1_redDsrM only.
FASTA file saved: /home/tomohisa/Projects/HAMSTER/scripts/results/1744904029.452632_project/Sequences/grp1_redDsrM.faa
Processing domain: redDsrK
Only one cluster identical to reference+merged set. Using grp1_redDsrK only.
FASTA file saved: /home/tomohisa/Projects/HAMSTER/scripts/results/1744904029.452632_project/Sequences/grp1_redDsrK.faa
Processing domain: oxDsrO
Only one cluster identical to reference+merged set. Using grp1_oxDsrO only.
FASTA file saved: /home/tomohisa/Projects/HAMSTER/scripts/results/1744904029.452632_project/Sequences/grp1_oxDsrO.faa


 7. Recruiting singleton sequences to reference training datasets
------------------------------------------------------------------
Fetching presence from faa_file grp0_redDsrM.faa
Fetching presence from faa_file grp0_DsrH.faa
Fetching presence from faa_file grp0_DsrE2.faa
Fetching presence from faa_file grp0_oxDsrC.faa
Fetching presence from faa_file grp0_TusA.faa
Fetching presence from faa_file grp0_oxDsrB.faa
Fetching presence from faa_file grp0_DsrR.faa
Fetching presence from faa_file grp0_DsrL.faa
Fetching presence from faa_file grp0_redDsrA.faa
Fetching presence from faa_file grp0_DsrE.faa
Fetching presence from faa_file grp0_redDsrB.faa
Fetching presence from faa_file grp0_redDsrJ.faa
Fetching presence from faa_file grp0_oxDsrN.faa
Fetching presence from faa_file grp0_oxDsrM.faa
Fetching presence from faa_file grp0_oxDsrJ.faa
Fetching presence from faa_file grp0_oxDsrK.faa
Fetching presence from faa_file grp0_redDsrK.faa
Fetching presence from faa_file grp0_redDsrP.faa
Fetching presence from faa_file grp0_oxDsrP.faa
Fetching presence from faa_file grp0_DsrF.faa
Fetching presence from faa_file grp0_oxDsrA.faa
Fetching presence from faa_file grp0_redDsrO.faa
Fetching presence from faa_file grp0_oxDsrO.faa
Mapping proteinIDs to genomeID
Step 3 execution (parallelized)
Fetching presence from faa_file grp1_redDsrK.faa
Fetching presence from faa_file grp1_oxDsrB.faa
Fetching presence from faa_file grp1_oxDsrK.faa
Fetching presence from faa_file grp1_DsrH.faa
Fetching presence from faa_file grp1_TusA.faa
Fetching presence from faa_file grp1_redDsrB.faa
Fetching presence from faa_file grp1_redDsrM.faa
Fetching presence from faa_file grp1_oxDsrP.faa
Fetching presence from faa_file grp1_redDsrP.faa
Fetching presence from faa_file grp1_oxDsrM.faa
Fetching presence from faa_file grp1_DsrF.faa
Fetching presence from faa_file grp1_oxDsrA.faa
Fetching presence from faa_file grp1_oxDsrN.faa
Fetching presence from faa_file grp1_DsrE.faa
Fetching presence from faa_file grp1_oxDsrO.faa
Fetching presence from faa_file grp1_DsrL.faa
Fetching presence from faa_file grp1_redDsrA.faa
Fetching presence from faa_file grp1_oxDsrJ.faa
Fetching presence from faa_file grp1_DsrE2.faa
Fetching presence from faa_file grp1_DsrR.faa
Fetching presence from faa_file grp1_oxDsrC.faa
Fetching presence from faa_file grp1_redDsrJ.faa
Fetching presence from faa_file grp1_redDsrO.faa
Mapping proteinIDs to genomeID
Step 3 execution (parallelized)
Presence/absence matrices found and non-empty. Skipping recalculation.
Running logistic regression check...
/home/tomohisa/Projects/HAMSTER/scripts/Singleton_Mx_algorithm.py:662: FutureWarning: DataFrame.applymap has been deprecated. Use DataFrame.map instead.
  extended_bin = extended_df.applymap(lambda x: 1 if isinstance(x, str) and x != "" else 0)
/home/tomohisa/Projects/HAMSTER/scripts/Singleton_Mx_algorithm.py:667: FutureWarning: DataFrame.applymap has been deprecated. Use DataFrame.map instead.
  base_bin = base_df.applymap(lambda x: 1 if isinstance(x, str) and x != "" else 0)
Training sequence selection by regression of the presence/absence matrix
Total DsrE2 candidates 4	Included: 0	Removed: 4
Total DsrL candidates 123	Included: 65	Removed: 58
Total DsrR candidates 10	Included: 4	Removed: 6
Total TusA candidates 2	Included: 0	Removed: 2
Total oxDsrC candidates 16	Included: 6	Removed: 10
Total oxDsrK candidates 28	Included: 13	Removed: 15
Total oxDsrN candidates 48	Included: 21	Removed: 27
Total oxDsrO candidates 28	Included: 20	Removed: 8
Total redDsrK candidates 11	Included: 3	Removed: 8
Total redDsrP candidates 9	Included: 6	Removed: 3
Acceptable distance to a reference sequence 0.05
Analysing placement of hits for DsrE2 in the phylogenetic tree
Analysing placement of hits for redDsrK in the phylogenetic tree
Analysing placement of hits for oxDsrC in the phylogenetic tree
Analysing placement of hits for DsrR in the phylogenetic tree
Analysing placement of hits for oxDsrK in the phylogenetic tree
Analysing placement of hits for TusA in the phylogenetic tree
Analysing placement of hits for redDsrP in the phylogenetic tree
Analysing placement of hits for oxDsrN in the phylogenetic tree
Analysing placement of hits for oxDsrO in the phylogenetic tree
Analysing placement of hits for DsrL in the phylogenetic tree
Training sequence selection by regression of the presence/absence matrix and phylogenetic placement
Total DsrE2 candidates 4	Included: 1	Removed: 3
Total DsrL candidates 123	Included: 65	Removed: 58
Total DsrR candidates 10	Included: 6	Removed: 4
Total TusA candidates 2	Included: 1	Removed: 1
Total oxDsrC candidates 16	Included: 6	Removed: 10
Total oxDsrK candidates 28	Included: 13	Removed: 15
Total oxDsrN candidates 48	Included: 21	Removed: 27
Total oxDsrO candidates 28	Included: 20	Removed: 8
Total redDsrK candidates 11	Included: 3	Removed: 8
Total redDsrP candidates 9	Included: 6	Removed: 3


 8. Aligning sequences
-----------------------
Alignment complete: /home/tomohisa/Projects/HAMSTER/scripts/results/1744904029.452632_project/Sequences/lca_oxDsrC.faa -> /home/tomohisa/Projects/HAMSTER/scripts/results/1744904029.452632_project/Sequences/lca_oxDsrC.faa_aln
Alignment complete: /home/tomohisa/Projects/HAMSTER/scripts/results/1744904029.452632_project/Sequences/lca_oxDsrK.faa -> /home/tomohisa/Projects/HAMSTER/scripts/results/1744904029.452632_project/Sequences/lca_oxDsrK.faa_aln
Alignment complete: /home/tomohisa/Projects/HAMSTER/scripts/results/1744904029.452632_project/Sequences/lca_DsrE2.faa -> /home/tomohisa/Projects/HAMSTER/scripts/results/1744904029.452632_project/Sequences/lca_DsrE2.faa_aln
Alignment complete: /home/tomohisa/Projects/HAMSTER/scripts/results/1744904029.452632_project/Sequences/grp0_redDsrM.faa -> /home/tomohisa/Projects/HAMSTER/scripts/results/1744904029.452632_project/Sequences/grp0_redDsrM.faa_aln
Alignment complete: /home/tomohisa/Projects/HAMSTER/scripts/results/1744904029.452632_project/Sequences/grp0_DsrH.faa -> /home/tomohisa/Projects/HAMSTER/scripts/results/1744904029.452632_project/Sequences/grp0_DsrH.faa_aln
Alignment complete: /home/tomohisa/Projects/HAMSTER/scripts/results/1744904029.452632_project/Sequences/grp2_oxDsrA.faa -> /home/tomohisa/Projects/HAMSTER/scripts/results/1744904029.452632_project/Sequences/grp2_oxDsrA.faa_aln
Alignment complete: /home/tomohisa/Projects/HAMSTER/scripts/results/1744904029.452632_project/Sequences/grp0_DsrE2.faa -> /home/tomohisa/Projects/HAMSTER/scripts/results/1744904029.452632_project/Sequences/grp0_DsrE2.faa_aln
Alignment complete: /home/tomohisa/Projects/HAMSTER/scripts/results/1744904029.452632_project/Sequences/grp1_redDsrK.faa -> /home/tomohisa/Projects/HAMSTER/scripts/results/1744904029.452632_project/Sequences/grp1_redDsrK.faa_aln
Alignment complete: /home/tomohisa/Projects/HAMSTER/scripts/results/1744904029.452632_project/Sequences/grp1_oxDsrB.faa -> /home/tomohisa/Projects/HAMSTER/scripts/results/1744904029.452632_project/Sequences/grp1_oxDsrB.faa_aln
Alignment complete: /home/tomohisa/Projects/HAMSTER/scripts/results/1744904029.452632_project/Sequences/grp0_oxDsrC.faa -> /home/tomohisa/Projects/HAMSTER/scripts/results/1744904029.452632_project/Sequences/grp0_oxDsrC.faa_aln
Alignment complete: /home/tomohisa/Projects/HAMSTER/scripts/results/1744904029.452632_project/Sequences/grp2_redDsrO.faa -> /home/tomohisa/Projects/HAMSTER/scripts/results/1744904029.452632_project/Sequences/grp2_redDsrO.faa_aln
Alignment complete: /home/tomohisa/Projects/HAMSTER/scripts/results/1744904029.452632_project/Sequences/grp2_redDsrA.faa -> /home/tomohisa/Projects/HAMSTER/scripts/results/1744904029.452632_project/Sequences/grp2_redDsrA.faa_aln
Alignment complete: /home/tomohisa/Projects/HAMSTER/scripts/results/1744904029.452632_project/Sequences/lca_redDsrM.faa -> /home/tomohisa/Projects/HAMSTER/scripts/results/1744904029.452632_project/Sequences/lca_redDsrM.faa_aln
Alignment complete: /home/tomohisa/Projects/HAMSTER/scripts/results/1744904029.452632_project/Sequences/sng0_TusA.faa -> /home/tomohisa/Projects/HAMSTER/scripts/results/1744904029.452632_project/Sequences/sng0_TusA.faa_aln
Alignment complete: /home/tomohisa/Projects/HAMSTER/scripts/results/1744904029.452632_project/Sequences/lca_oxDsrO.faa -> /home/tomohisa/Projects/HAMSTER/scripts/results/1744904029.452632_project/Sequences/lca_oxDsrO.faa_aln
Alignment complete: /home/tomohisa/Projects/HAMSTER/scripts/results/1744904029.452632_project/Sequences/lca_TusA.faa -> /home/tomohisa/Projects/HAMSTER/scripts/results/1744904029.452632_project/Sequences/lca_TusA.faa_aln
Alignment complete: /home/tomohisa/Projects/HAMSTER/scripts/results/1744904029.452632_project/Sequences/grp1_oxDsrK.faa -> /home/tomohisa/Projects/HAMSTER/scripts/results/1744904029.452632_project/Sequences/grp1_oxDsrK.faa_aln
Alignment complete: /home/tomohisa/Projects/HAMSTER/scripts/results/1744904029.452632_project/Sequences/lca_redDsrA.faa -> /home/tomohisa/Projects/HAMSTER/scripts/results/1744904029.452632_project/Sequences/lca_redDsrA.faa_aln
Alignment complete: /home/tomohisa/Projects/HAMSTER/scripts/results/1744904029.452632_project/Sequences/grp0_TusA.faa -> /home/tomohisa/Projects/HAMSTER/scripts/results/1744904029.452632_project/Sequences/grp0_TusA.faa_aln
Alignment complete: /home/tomohisa/Projects/HAMSTER/scripts/results/1744904029.452632_project/Sequences/lca_DsrH.faa -> /home/tomohisa/Projects/HAMSTER/scripts/results/1744904029.452632_project/Sequences/lca_DsrH.faa_aln
Alignment complete: /home/tomohisa/Projects/HAMSTER/scripts/results/1744904029.452632_project/Sequences/grp2_redDsrK.faa -> /home/tomohisa/Projects/HAMSTER/scripts/results/1744904029.452632_project/Sequences/grp2_redDsrK.faa_aln
Alignment complete: /home/tomohisa/Projects/HAMSTER/scripts/results/1744904029.452632_project/Sequences/grp1_DsrH.faa -> /home/tomohisa/Projects/HAMSTER/scripts/results/1744904029.452632_project/Sequences/grp1_DsrH.faa_aln
Alignment complete: /home/tomohisa/Projects/HAMSTER/scripts/results/1744904029.452632_project/Sequences/grp1_TusA.faa -> /home/tomohisa/Projects/HAMSTER/scripts/results/1744904029.452632_project/Sequences/grp1_TusA.faa_aln
Alignment complete: /home/tomohisa/Projects/HAMSTER/scripts/results/1744904029.452632_project/Sequences/grp0_oxDsrB.faa -> /home/tomohisa/Projects/HAMSTER/scripts/results/1744904029.452632_project/Sequences/grp0_oxDsrB.faa_aln
Alignment complete: /home/tomohisa/Projects/HAMSTER/scripts/results/1744904029.452632_project/Sequences/grp0_DsrR.faa -> /home/tomohisa/Projects/HAMSTER/scripts/results/1744904029.452632_project/Sequences/grp0_DsrR.faa_aln
Alignment complete: /home/tomohisa/Projects/HAMSTER/scripts/results/1744904029.452632_project/Sequences/grp0_DsrL.faa -> /home/tomohisa/Projects/HAMSTER/scripts/results/1744904029.452632_project/Sequences/grp0_DsrL.faa_aln
Alignment complete: /home/tomohisa/Projects/HAMSTER/scripts/results/1744904029.452632_project/Sequences/lca_DsrF.faa -> /home/tomohisa/Projects/HAMSTER/scripts/results/1744904029.452632_project/Sequences/lca_DsrF.faa_aln
Alignment complete: /home/tomohisa/Projects/HAMSTER/scripts/results/1744904029.452632_project/Sequences/grp2_oxDsrN.faa -> /home/tomohisa/Projects/HAMSTER/scripts/results/1744904029.452632_project/Sequences/grp2_oxDsrN.faa_aln
Alignment complete: /home/tomohisa/Projects/HAMSTER/scripts/results/1744904029.452632_project/Sequences/grp2_redDsrM.faa -> /home/tomohisa/Projects/HAMSTER/scripts/results/1744904029.452632_project/Sequences/grp2_redDsrM.faa_aln
Alignment complete: /home/tomohisa/Projects/HAMSTER/scripts/results/1744904029.452632_project/Sequences/sng0_DsrE2.faa -> /home/tomohisa/Projects/HAMSTER/scripts/results/1744904029.452632_project/Sequences/sng0_DsrE2.faa_aln
Alignment complete: /home/tomohisa/Projects/HAMSTER/scripts/results/1744904029.452632_project/Sequences/grp2_oxDsrP.faa -> /home/tomohisa/Projects/HAMSTER/scripts/results/1744904029.452632_project/Sequences/grp2_oxDsrP.faa_aln
Alignment complete: /home/tomohisa/Projects/HAMSTER/scripts/results/1744904029.452632_project/Sequences/grp2_DsrH.faa -> /home/tomohisa/Projects/HAMSTER/scripts/results/1744904029.452632_project/Sequences/grp2_DsrH.faa_aln
Alignment complete: /home/tomohisa/Projects/HAMSTER/scripts/results/1744904029.452632_project/Sequences/grp0_redDsrA.faa -> /home/tomohisa/Projects/HAMSTER/scripts/results/1744904029.452632_project/Sequences/grp0_redDsrA.faa_aln
Alignment complete: /home/tomohisa/Projects/HAMSTER/scripts/results/1744904029.452632_project/Sequences/grp2_DsrL.faa -> /home/tomohisa/Projects/HAMSTER/scripts/results/1744904029.452632_project/Sequences/grp2_DsrL.faa_aln
Alignment complete: /home/tomohisa/Projects/HAMSTER/scripts/results/1744904029.452632_project/Sequences/grp1_redDsrB.faa -> /home/tomohisa/Projects/HAMSTER/scripts/results/1744904029.452632_project/Sequences/grp1_redDsrB.faa_aln
Alignment complete: /home/tomohisa/Projects/HAMSTER/scripts/results/1744904029.452632_project/Sequences/grp1_redDsrM.faa -> /home/tomohisa/Projects/HAMSTER/scripts/results/1744904029.452632_project/Sequences/grp1_redDsrM.faa_aln
Alignment complete: /home/tomohisa/Projects/HAMSTER/scripts/results/1744904029.452632_project/Sequences/grp1_oxDsrP.faa -> /home/tomohisa/Projects/HAMSTER/scripts/results/1744904029.452632_project/Sequences/grp1_oxDsrP.faa_aln
Alignment complete: /home/tomohisa/Projects/HAMSTER/scripts/results/1744904029.452632_project/Sequences/grp1_redDsrP.faa -> /home/tomohisa/Projects/HAMSTER/scripts/results/1744904029.452632_project/Sequences/grp1_redDsrP.faa_aln
Alignment complete: /home/tomohisa/Projects/HAMSTER/scripts/results/1744904029.452632_project/Sequences/grp2_oxDsrK.faa -> /home/tomohisa/Projects/HAMSTER/scripts/results/1744904029.452632_project/Sequences/grp2_oxDsrK.faa_aln
Alignment complete: /home/tomohisa/Projects/HAMSTER/scripts/results/1744904029.452632_project/Sequences/lca_redDsrJ.faa -> /home/tomohisa/Projects/HAMSTER/scripts/results/1744904029.452632_project/Sequences/lca_redDsrJ.faa_aln
Alignment complete: /home/tomohisa/Projects/HAMSTER/scripts/results/1744904029.452632_project/Sequences/grp2_oxDsrB.faa -> /home/tomohisa/Projects/HAMSTER/scripts/results/1744904029.452632_project/Sequences/grp2_oxDsrB.faa_aln
Alignment complete: /home/tomohisa/Projects/HAMSTER/scripts/results/1744904029.452632_project/Sequences/lca_oxDsrB.faa -> /home/tomohisa/Projects/HAMSTER/scripts/results/1744904029.452632_project/Sequences/lca_oxDsrB.faa_aln
Alignment complete: /home/tomohisa/Projects/HAMSTER/scripts/results/1744904029.452632_project/Sequences/grp0_DsrE.faa -> /home/tomohisa/Projects/HAMSTER/scripts/results/1744904029.452632_project/Sequences/grp0_DsrE.faa_aln
Alignment complete: /home/tomohisa/Projects/HAMSTER/scripts/results/1744904029.452632_project/Sequences/grp2_oxDsrO.faa -> /home/tomohisa/Projects/HAMSTER/scripts/results/1744904029.452632_project/Sequences/grp2_oxDsrO.faa_aln
Alignment complete: /home/tomohisa/Projects/HAMSTER/scripts/results/1744904029.452632_project/Sequences/grp0_redDsrB.faa -> /home/tomohisa/Projects/HAMSTER/scripts/results/1744904029.452632_project/Sequences/grp0_redDsrB.faa_aln
Alignment complete: /home/tomohisa/Projects/HAMSTER/scripts/results/1744904029.452632_project/Sequences/grp1_oxDsrM.faa -> /home/tomohisa/Projects/HAMSTER/scripts/results/1744904029.452632_project/Sequences/grp1_oxDsrM.faa_aln
Alignment complete: /home/tomohisa/Projects/HAMSTER/scripts/results/1744904029.452632_project/Sequences/grp2_DsrF.faa -> /home/tomohisa/Projects/HAMSTER/scripts/results/1744904029.452632_project/Sequences/grp2_DsrF.faa_aln
Alignment complete: /home/tomohisa/Projects/HAMSTER/scripts/results/1744904029.452632_project/Sequences/grp1_DsrF.faa -> /home/tomohisa/Projects/HAMSTER/scripts/results/1744904029.452632_project/Sequences/grp1_DsrF.faa_aln
Alignment complete: /home/tomohisa/Projects/HAMSTER/scripts/results/1744904029.452632_project/Sequences/grp0_redDsrJ.faa -> /home/tomohisa/Projects/HAMSTER/scripts/results/1744904029.452632_project/Sequences/grp0_redDsrJ.faa_aln
Alignment complete: /home/tomohisa/Projects/HAMSTER/scripts/results/1744904029.452632_project/Sequences/grp0_oxDsrN.faa -> /home/tomohisa/Projects/HAMSTER/scripts/results/1744904029.452632_project/Sequences/grp0_oxDsrN.faa_aln
Alignment complete: /home/tomohisa/Projects/HAMSTER/scripts/results/1744904029.452632_project/Sequences/grp2_redDsrP.faa -> /home/tomohisa/Projects/HAMSTER/scripts/results/1744904029.452632_project/Sequences/grp2_redDsrP.faa_aln
Alignment complete: /home/tomohisa/Projects/HAMSTER/scripts/results/1744904029.452632_project/Sequences/grp1_oxDsrA.faa -> /home/tomohisa/Projects/HAMSTER/scripts/results/1744904029.452632_project/Sequences/grp1_oxDsrA.faa_aln
Alignment complete: /home/tomohisa/Projects/HAMSTER/scripts/results/1744904029.452632_project/Sequences/lca_DsrE.faa -> /home/tomohisa/Projects/HAMSTER/scripts/results/1744904029.452632_project/Sequences/lca_DsrE.faa_aln
Alignment complete: /home/tomohisa/Projects/HAMSTER/scripts/results/1744904029.452632_project/Sequences/grp2_DsrE2.faa -> /home/tomohisa/Projects/HAMSTER/scripts/results/1744904029.452632_project/Sequences/grp2_DsrE2.faa_aln
Alignment complete: /home/tomohisa/Projects/HAMSTER/scripts/results/1744904029.452632_project/Sequences/lca_oxDsrA.faa -> /home/tomohisa/Projects/HAMSTER/scripts/results/1744904029.452632_project/Sequences/lca_oxDsrA.faa_aln
Alignment complete: /home/tomohisa/Projects/HAMSTER/scripts/results/1744904029.452632_project/Sequences/grp0_oxDsrM.faa -> /home/tomohisa/Projects/HAMSTER/scripts/results/1744904029.452632_project/Sequences/grp0_oxDsrM.faa_aln
Alignment complete: /home/tomohisa/Projects/HAMSTER/scripts/results/1744904029.452632_project/Sequences/grp1_oxDsrN.faa -> /home/tomohisa/Projects/HAMSTER/scripts/results/1744904029.452632_project/Sequences/grp1_oxDsrN.faa_aln
Alignment complete: /home/tomohisa/Projects/HAMSTER/scripts/results/1744904029.452632_project/Sequences/lca_DsrR.faa -> /home/tomohisa/Projects/HAMSTER/scripts/results/1744904029.452632_project/Sequences/lca_DsrR.faa_aln
Alignment complete: /home/tomohisa/Projects/HAMSTER/scripts/results/1744904029.452632_project/Sequences/grp0_oxDsrJ.faa -> /home/tomohisa/Projects/HAMSTER/scripts/results/1744904029.452632_project/Sequences/grp0_oxDsrJ.faa_aln
Alignment complete: /home/tomohisa/Projects/HAMSTER/scripts/results/1744904029.452632_project/Sequences/lca_oxDsrN.faa -> /home/tomohisa/Projects/HAMSTER/scripts/results/1744904029.452632_project/Sequences/lca_oxDsrN.faa_aln
Alignment complete: /home/tomohisa/Projects/HAMSTER/scripts/results/1744904029.452632_project/Sequences/grp0_oxDsrK.faa -> /home/tomohisa/Projects/HAMSTER/scripts/results/1744904029.452632_project/Sequences/grp0_oxDsrK.faa_aln
Alignment complete: /home/tomohisa/Projects/HAMSTER/scripts/results/1744904029.452632_project/Sequences/lca_DsrL.faa -> /home/tomohisa/Projects/HAMSTER/scripts/results/1744904029.452632_project/Sequences/lca_DsrL.faa_aln
Alignment complete: /home/tomohisa/Projects/HAMSTER/scripts/results/1744904029.452632_project/Sequences/grp2_redDsrJ.faa -> /home/tomohisa/Projects/HAMSTER/scripts/results/1744904029.452632_project/Sequences/grp2_redDsrJ.faa_aln
Alignment complete: /home/tomohisa/Projects/HAMSTER/scripts/results/1744904029.452632_project/Sequences/grp0_redDsrK.faa -> /home/tomohisa/Projects/HAMSTER/scripts/results/1744904029.452632_project/Sequences/grp0_redDsrK.faa_aln
Alignment complete: /home/tomohisa/Projects/HAMSTER/scripts/results/1744904029.452632_project/Sequences/grp2_oxDsrM.faa -> /home/tomohisa/Projects/HAMSTER/scripts/results/1744904029.452632_project/Sequences/grp2_oxDsrM.faa_aln
Alignment complete: /home/tomohisa/Projects/HAMSTER/scripts/results/1744904029.452632_project/Sequences/grp2_DsrE.faa -> /home/tomohisa/Projects/HAMSTER/scripts/results/1744904029.452632_project/Sequences/grp2_DsrE.faa_aln
Alignment complete: /home/tomohisa/Projects/HAMSTER/scripts/results/1744904029.452632_project/Sequences/grp2_redDsrB.faa -> /home/tomohisa/Projects/HAMSTER/scripts/results/1744904029.452632_project/Sequences/grp2_redDsrB.faa_aln
Alignment complete: /home/tomohisa/Projects/HAMSTER/scripts/results/1744904029.452632_project/Sequences/grp1_DsrE.faa -> /home/tomohisa/Projects/HAMSTER/scripts/results/1744904029.452632_project/Sequences/grp1_DsrE.faa_aln
Alignment complete: /home/tomohisa/Projects/HAMSTER/scripts/results/1744904029.452632_project/Sequences/grp1_oxDsrO.faa -> /home/tomohisa/Projects/HAMSTER/scripts/results/1744904029.452632_project/Sequences/grp1_oxDsrO.faa_aln
Alignment complete: /home/tomohisa/Projects/HAMSTER/scripts/results/1744904029.452632_project/Sequences/grp1_DsrL.faa -> /home/tomohisa/Projects/HAMSTER/scripts/results/1744904029.452632_project/Sequences/grp1_DsrL.faa_aln
Alignment complete: /home/tomohisa/Projects/HAMSTER/scripts/results/1744904029.452632_project/Sequences/grp1_redDsrA.faa -> /home/tomohisa/Projects/HAMSTER/scripts/results/1744904029.452632_project/Sequences/grp1_redDsrA.faa_aln
Alignment complete: /home/tomohisa/Projects/HAMSTER/scripts/results/1744904029.452632_project/Sequences/lca_redDsrB.faa -> /home/tomohisa/Projects/HAMSTER/scripts/results/1744904029.452632_project/Sequences/lca_redDsrB.faa_aln
Alignment complete: /home/tomohisa/Projects/HAMSTER/scripts/results/1744904029.452632_project/Sequences/grp0_redDsrP.faa -> /home/tomohisa/Projects/HAMSTER/scripts/results/1744904029.452632_project/Sequences/grp0_redDsrP.faa_aln
Alignment complete: /home/tomohisa/Projects/HAMSTER/scripts/results/1744904029.452632_project/Sequences/grp1_oxDsrJ.faa -> /home/tomohisa/Projects/HAMSTER/scripts/results/1744904029.452632_project/Sequences/grp1_oxDsrJ.faa_aln
Alignment complete: /home/tomohisa/Projects/HAMSTER/scripts/results/1744904029.452632_project/Sequences/grp1_DsrE2.faa -> /home/tomohisa/Projects/HAMSTER/scripts/results/1744904029.452632_project/Sequences/grp1_DsrE2.faa_aln
Alignment complete: /home/tomohisa/Projects/HAMSTER/scripts/results/1744904029.452632_project/Sequences/grp0_oxDsrP.faa -> /home/tomohisa/Projects/HAMSTER/scripts/results/1744904029.452632_project/Sequences/grp0_oxDsrP.faa_aln
Alignment complete: /home/tomohisa/Projects/HAMSTER/scripts/results/1744904029.452632_project/Sequences/lca_oxDsrJ.faa -> /home/tomohisa/Projects/HAMSTER/scripts/results/1744904029.452632_project/Sequences/lca_oxDsrJ.faa_aln
Alignment complete: /home/tomohisa/Projects/HAMSTER/scripts/results/1744904029.452632_project/Sequences/grp0_DsrF.faa -> /home/tomohisa/Projects/HAMSTER/scripts/results/1744904029.452632_project/Sequences/grp0_DsrF.faa_aln
Alignment complete: /home/tomohisa/Projects/HAMSTER/scripts/results/1744904029.452632_project/Sequences/lca_oxDsrM.faa -> /home/tomohisa/Projects/HAMSTER/scripts/results/1744904029.452632_project/Sequences/lca_oxDsrM.faa_aln
Alignment complete: /home/tomohisa/Projects/HAMSTER/scripts/results/1744904029.452632_project/Sequences/grp0_oxDsrA.faa -> /home/tomohisa/Projects/HAMSTER/scripts/results/1744904029.452632_project/Sequences/grp0_oxDsrA.faa_aln
Alignment complete: /home/tomohisa/Projects/HAMSTER/scripts/results/1744904029.452632_project/Sequences/grp1_DsrR.faa -> /home/tomohisa/Projects/HAMSTER/scripts/results/1744904029.452632_project/Sequences/grp1_DsrR.faa_aln
Alignment complete: /home/tomohisa/Projects/HAMSTER/scripts/results/1744904029.452632_project/Sequences/grp1_oxDsrC.faa -> /home/tomohisa/Projects/HAMSTER/scripts/results/1744904029.452632_project/Sequences/grp1_oxDsrC.faa_aln
Alignment complete: /home/tomohisa/Projects/HAMSTER/scripts/results/1744904029.452632_project/Sequences/grp0_redDsrO.faa -> /home/tomohisa/Projects/HAMSTER/scripts/results/1744904029.452632_project/Sequences/grp0_redDsrO.faa_aln
Alignment complete: /home/tomohisa/Projects/HAMSTER/scripts/results/1744904029.452632_project/Sequences/lca_redDsrK.faa -> /home/tomohisa/Projects/HAMSTER/scripts/results/1744904029.452632_project/Sequences/lca_redDsrK.faa_aln
Alignment complete: /home/tomohisa/Projects/HAMSTER/scripts/results/1744904029.452632_project/Sequences/grp1_redDsrJ.faa -> /home/tomohisa/Projects/HAMSTER/scripts/results/1744904029.452632_project/Sequences/grp1_redDsrJ.faa_aln
Alignment complete: /home/tomohisa/Projects/HAMSTER/scripts/results/1744904029.452632_project/Sequences/lca_redDsrP.faa -> /home/tomohisa/Projects/HAMSTER/scripts/results/1744904029.452632_project/Sequences/lca_redDsrP.faa_aln
Alignment complete: /home/tomohisa/Projects/HAMSTER/scripts/results/1744904029.452632_project/Sequences/lca_oxDsrP.faa -> /home/tomohisa/Projects/HAMSTER/scripts/results/1744904029.452632_project/Sequences/lca_oxDsrP.faa_aln
Alignment complete: /home/tomohisa/Projects/HAMSTER/scripts/results/1744904029.452632_project/Sequences/grp2_oxDsrJ.faa -> /home/tomohisa/Projects/HAMSTER/scripts/results/1744904029.452632_project/Sequences/grp2_oxDsrJ.faa_aln
Alignment complete: /home/tomohisa/Projects/HAMSTER/scripts/results/1744904029.452632_project/Sequences/grp2_TusA.faa -> /home/tomohisa/Projects/HAMSTER/scripts/results/1744904029.452632_project/Sequences/grp2_TusA.faa_aln
Alignment complete: /home/tomohisa/Projects/HAMSTER/scripts/results/1744904029.452632_project/Sequences/lca_redDsrO.faa -> /home/tomohisa/Projects/HAMSTER/scripts/results/1744904029.452632_project/Sequences/lca_redDsrO.faa_aln
Alignment complete: /home/tomohisa/Projects/HAMSTER/scripts/results/1744904029.452632_project/Sequences/grp1_redDsrO.faa -> /home/tomohisa/Projects/HAMSTER/scripts/results/1744904029.452632_project/Sequences/grp1_redDsrO.faa_aln
Alignment complete: /home/tomohisa/Projects/HAMSTER/scripts/results/1744904029.452632_project/Sequences/grp2_oxDsrC.faa -> /home/tomohisa/Projects/HAMSTER/scripts/results/1744904029.452632_project/Sequences/grp2_oxDsrC.faa_aln
Alignment complete: /home/tomohisa/Projects/HAMSTER/scripts/results/1744904029.452632_project/Sequences/grp2_DsrR.faa -> /home/tomohisa/Projects/HAMSTER/scripts/results/1744904029.452632_project/Sequences/grp2_DsrR.faa_aln
Alignment complete: /home/tomohisa/Projects/HAMSTER/scripts/results/1744904029.452632_project/Sequences/grp0_oxDsrO.faa -> /home/tomohisa/Projects/HAMSTER/scripts/results/1744904029.452632_project/Sequences/grp0_oxDsrO.faa_aln
Trimming /home/tomohisa/Projects/HAMSTER/scripts/results/1744904029.452632_project/Sequences/grp2_redDsrK.faa_aln with 0.05
Trimming /home/tomohisa/Projects/HAMSTER/scripts/results/1744904029.452632_project/Sequences/grp2_DsrR.faa_aln with 0.05
Trimming /home/tomohisa/Projects/HAMSTER/scripts/results/1744904029.452632_project/Sequences/grp0_redDsrK.faa_aln with 0.05
Trimming /home/tomohisa/Projects/HAMSTER/scripts/results/1744904029.452632_project/Sequences/grp1_redDsrB.faa_aln with 0.05
Trimming /home/tomohisa/Projects/HAMSTER/scripts/results/1744904029.452632_project/Sequences/lca_oxDsrO.faa_aln with 0.05
Trimming /home/tomohisa/Projects/HAMSTER/scripts/results/1744904029.452632_project/Sequences/grp1_oxDsrB.faa_aln with 0.05
Trimming /home/tomohisa/Projects/HAMSTER/scripts/results/1744904029.452632_project/Sequences/grp1_oxDsrM.faa_aln with 0.05
Trimming /home/tomohisa/Projects/HAMSTER/scripts/results/1744904029.452632_project/Sequences/grp0_oxDsrN.faa_aln with 0.05
Trimming /home/tomohisa/Projects/HAMSTER/scripts/results/1744904029.452632_project/Sequences/lca_DsrR.faa_aln with 0.05
Trimming /home/tomohisa/Projects/HAMSTER/scripts/results/1744904029.452632_project/Sequences/grp2_oxDsrC.faa_aln with 0.05
Trimming /home/tomohisa/Projects/HAMSTER/scripts/results/1744904029.452632_project/Sequences/grp2_TusA.faa_aln with 0.05
Trimming /home/tomohisa/Projects/HAMSTER/scripts/results/1744904029.452632_project/Sequences/lca_redDsrM.faa_aln with 0.05
Trimming /home/tomohisa/Projects/HAMSTER/scripts/results/1744904029.452632_project/Sequences/lca_DsrL.faa_aln with 0.05
Trimming /home/tomohisa/Projects/HAMSTER/scripts/results/1744904029.452632_project/Sequences/grp0_oxDsrJ.faa_aln with 0.05
Trimming /home/tomohisa/Projects/HAMSTER/scripts/results/1744904029.452632_project/Sequences/lca_redDsrK.faa_aln with 0.05
Trimming /home/tomohisa/Projects/HAMSTER/scripts/results/1744904029.452632_project/Sequences/grp2_oxDsrP.faa_aln with 0.05
Trimming /home/tomohisa/Projects/HAMSTER/scripts/results/1744904029.452632_project/Sequences/grp2_DsrL.faa_aln with 0.05
Trimming /home/tomohisa/Projects/HAMSTER/scripts/results/1744904029.452632_project/Sequences/lca_redDsrP.faa_aln with 0.05
Trimming /home/tomohisa/Projects/HAMSTER/scripts/results/1744904029.452632_project/Sequences/sng0_DsrE2.faa_aln with 0.05
Trimming /home/tomohisa/Projects/HAMSTER/scripts/results/1744904029.452632_project/Sequences/grp1_DsrR.faa_aln with 0.05
Trimming /home/tomohisa/Projects/HAMSTER/scripts/results/1744904029.452632_project/Sequences/grp2_oxDsrM.faa_aln with 0.05
Trimming /home/tomohisa/Projects/HAMSTER/scripts/results/1744904029.452632_project/Sequences/grp1_redDsrJ.faa_aln with 0.05
Trimming /home/tomohisa/Projects/HAMSTER/scripts/results/1744904029.452632_project/Sequences/lca_redDsrB.faa_aln with 0.05
Trimming /home/tomohisa/Projects/HAMSTER/scripts/results/1744904029.452632_project/Sequences/lca_TusA.faa_aln with 0.05
Trimming /home/tomohisa/Projects/HAMSTER/scripts/results/1744904029.452632_project/Sequences/lca_oxDsrN.faa_aln with 0.05
Trimming /home/tomohisa/Projects/HAMSTER/scripts/results/1744904029.452632_project/Sequences/lca_DsrF.faa_aln with 0.05
Trimming /home/tomohisa/Projects/HAMSTER/scripts/results/1744904029.452632_project/Sequences/lca_oxDsrB.faa_aln with 0.05
Trimming /home/tomohisa/Projects/HAMSTER/scripts/results/1744904029.452632_project/Sequences/grp2_oxDsrO.faa_aln with 0.05
Trimming /home/tomohisa/Projects/HAMSTER/scripts/results/1744904029.452632_project/Sequences/grp1_oxDsrJ.faa_aln with 0.05
Trimming /home/tomohisa/Projects/HAMSTER/scripts/results/1744904029.452632_project/Sequences/grp2_DsrE.faa_aln with 0.05
Trimming /home/tomohisa/Projects/HAMSTER/scripts/results/1744904029.452632_project/Sequences/grp1_DsrF.faa_aln with 0.05
Trimming /home/tomohisa/Projects/HAMSTER/scripts/results/1744904029.452632_project/Sequences/grp0_oxDsrP.faa_aln with 0.05
Trimming /home/tomohisa/Projects/HAMSTER/scripts/results/1744904029.452632_project/Sequences/grp0_redDsrO.faa_aln with 0.05
Trimming /home/tomohisa/Projects/HAMSTER/scripts/results/1744904029.452632_project/Sequences/grp0_redDsrP.faa_aln with 0.05
Trimming /home/tomohisa/Projects/HAMSTER/scripts/results/1744904029.452632_project/Sequences/grp0_DsrE.faa_aln with 0.05
Trimming /home/tomohisa/Projects/HAMSTER/scripts/results/1744904029.452632_project/Sequences/sng0_TusA.faa_aln with 0.05
Trimming /home/tomohisa/Projects/HAMSTER/scripts/results/1744904029.452632_project/Sequences/grp2_DsrF.faa_aln with 0.05
Trimming /home/tomohisa/Projects/HAMSTER/scripts/results/1744904029.452632_project/Sequences/grp2_oxDsrB.faa_aln with 0.05
Trimming /home/tomohisa/Projects/HAMSTER/scripts/results/1744904029.452632_project/Sequences/grp2_redDsrJ.faa_aln with 0.05
Trimming /home/tomohisa/Projects/HAMSTER/scripts/results/1744904029.452632_project/Sequences/lca_oxDsrP.faa_aln with 0.05
Trimming /home/tomohisa/Projects/HAMSTER/scripts/results/1744904029.452632_project/Sequences/grp0_redDsrM.faa_aln with 0.05
Trimming /home/tomohisa/Projects/HAMSTER/scripts/results/1744904029.452632_project/Sequences/grp0_oxDsrB.faa_aln with 0.05
Trimming /home/tomohisa/Projects/HAMSTER/scripts/results/1744904029.452632_project/Sequences/grp1_DsrE2.faa_aln with 0.05
Trimming /home/tomohisa/Projects/HAMSTER/scripts/results/1744904029.452632_project/Sequences/lca_redDsrJ.faa_aln with 0.05
Trimming /home/tomohisa/Projects/HAMSTER/scripts/results/1744904029.452632_project/Sequences/grp2_oxDsrN.faa_aln with 0.05
Trimming /home/tomohisa/Projects/HAMSTER/scripts/results/1744904029.452632_project/Sequences/grp1_oxDsrN.faa_aln with 0.05
Trimming /home/tomohisa/Projects/HAMSTER/scripts/results/1744904029.452632_project/Sequences/grp0_DsrE2.faa_aln with 0.05
Trimming /home/tomohisa/Projects/HAMSTER/scripts/results/1744904029.452632_project/Sequences/lca_oxDsrC.faa_aln with 0.05
Trimming /home/tomohisa/Projects/HAMSTER/scripts/results/1744904029.452632_project/Sequences/lca_oxDsrJ.faa_aln with 0.05
Trimming /home/tomohisa/Projects/HAMSTER/scripts/results/1744904029.452632_project/Sequences/grp2_oxDsrA.faa_aln with 0.05
Trimming /home/tomohisa/Projects/HAMSTER/scripts/results/1744904029.452632_project/Sequences/grp0_oxDsrK.faa_aln with 0.05
Trimming /home/tomohisa/Projects/HAMSTER/scripts/results/1744904029.452632_project/Sequences/lca_redDsrO.faa_aln with 0.05
Trimming /home/tomohisa/Projects/HAMSTER/scripts/results/1744904029.452632_project/Sequences/grp2_redDsrM.faa_aln with 0.05
Trimming /home/tomohisa/Projects/HAMSTER/scripts/results/1744904029.452632_project/Sequences/grp2_redDsrP.faa_aln with 0.05
Trimming /home/tomohisa/Projects/HAMSTER/scripts/results/1744904029.452632_project/Sequences/lca_oxDsrA.faa_aln with 0.05
Trimming /home/tomohisa/Projects/HAMSTER/scripts/results/1744904029.452632_project/Sequences/lca_DsrE2.faa_aln with 0.05
Trimming /home/tomohisa/Projects/HAMSTER/scripts/results/1744904029.452632_project/Sequences/grp1_redDsrP.faa_aln with 0.05
Trimming /home/tomohisa/Projects/HAMSTER/scripts/results/1744904029.452632_project/Sequences/grp1_oxDsrO.faa_aln with 0.05
Trimming /home/tomohisa/Projects/HAMSTER/scripts/results/1744904029.452632_project/Sequences/grp1_oxDsrK.faa_aln with 0.05
Trimming /home/tomohisa/Projects/HAMSTER/scripts/results/1744904029.452632_project/Sequences/grp1_DsrL.faa_aln with 0.05
Trimming /home/tomohisa/Projects/HAMSTER/scripts/results/1744904029.452632_project/Sequences/lca_redDsrA.faa_aln with 0.05
Trimming /home/tomohisa/Projects/HAMSTER/scripts/results/1744904029.452632_project/Sequences/grp1_TusA.faa_aln with 0.05
Trimming /home/tomohisa/Projects/HAMSTER/scripts/results/1744904029.452632_project/Sequences/grp2_DsrE2.faa_aln with 0.05
Trimming /home/tomohisa/Projects/HAMSTER/scripts/results/1744904029.452632_project/Sequences/grp0_oxDsrM.faa_aln with 0.05
Trimming /home/tomohisa/Projects/HAMSTER/scripts/results/1744904029.452632_project/Sequences/grp0_oxDsrC.faa_aln with 0.05
Trimming /home/tomohisa/Projects/HAMSTER/scripts/results/1744904029.452632_project/Sequences/grp0_DsrR.faa_aln with 0.05
Trimming /home/tomohisa/Projects/HAMSTER/scripts/results/1744904029.452632_project/Sequences/grp2_redDsrB.faa_aln with 0.05
Trimming /home/tomohisa/Projects/HAMSTER/scripts/results/1744904029.452632_project/Sequences/grp0_oxDsrO.faa_aln with 0.05
Trimming /home/tomohisa/Projects/HAMSTER/scripts/results/1744904029.452632_project/Sequences/grp0_TusA.faa_aln with 0.05
Trimming /home/tomohisa/Projects/HAMSTER/scripts/results/1744904029.452632_project/Sequences/grp0_oxDsrA.faa_aln with 0.05
Trimming /home/tomohisa/Projects/HAMSTER/scripts/results/1744904029.452632_project/Sequences/grp0_redDsrJ.faa_aln with 0.05
Trimming /home/tomohisa/Projects/HAMSTER/scripts/results/1744904029.452632_project/Sequences/grp1_redDsrO.faa_aln with 0.05
Trimming /home/tomohisa/Projects/HAMSTER/scripts/results/1744904029.452632_project/Sequences/grp0_DsrH.faa_aln with 0.05
Trimming /home/tomohisa/Projects/HAMSTER/scripts/results/1744904029.452632_project/Sequences/grp1_oxDsrP.faa_aln with 0.05
Trimming /home/tomohisa/Projects/HAMSTER/scripts/results/1744904029.452632_project/Sequences/lca_oxDsrK.faa_aln with 0.05
Trimming /home/tomohisa/Projects/HAMSTER/scripts/results/1744904029.452632_project/Sequences/grp1_redDsrA.faa_aln with 0.05
Trimming /home/tomohisa/Projects/HAMSTER/scripts/results/1744904029.452632_project/Sequences/grp2_oxDsrK.faa_aln with 0.05
Trimming /home/tomohisa/Projects/HAMSTER/scripts/results/1744904029.452632_project/Sequences/grp1_oxDsrA.faa_aln with 0.05
Trimming /home/tomohisa/Projects/HAMSTER/scripts/results/1744904029.452632_project/Sequences/grp0_DsrL.faa_aln with 0.05
Trimming /home/tomohisa/Projects/HAMSTER/scripts/results/1744904029.452632_project/Sequences/lca_oxDsrM.faa_aln with 0.05
Trimming /home/tomohisa/Projects/HAMSTER/scripts/results/1744904029.452632_project/Sequences/grp0_DsrF.faa_aln with 0.05
Trimming /home/tomohisa/Projects/HAMSTER/scripts/results/1744904029.452632_project/Sequences/grp0_redDsrB.faa_aln with 0.05
Trimming /home/tomohisa/Projects/HAMSTER/scripts/results/1744904029.452632_project/Sequences/grp2_DsrH.faa_aln with 0.05
Trimming /home/tomohisa/Projects/HAMSTER/scripts/results/1744904029.452632_project/Sequences/grp1_oxDsrC.faa_aln with 0.05
Trimming /home/tomohisa/Projects/HAMSTER/scripts/results/1744904029.452632_project/Sequences/grp2_redDsrO.faa_aln with 0.05
Trimming /home/tomohisa/Projects/HAMSTER/scripts/results/1744904029.452632_project/Sequences/grp1_redDsrK.faa_aln with 0.05
Trimming /home/tomohisa/Projects/HAMSTER/scripts/results/1744904029.452632_project/Sequences/grp0_redDsrA.faa_aln with 0.05
Trimming /home/tomohisa/Projects/HAMSTER/scripts/results/1744904029.452632_project/Sequences/grp2_oxDsrJ.faa_aln with 0.05
Trimming /home/tomohisa/Projects/HAMSTER/scripts/results/1744904029.452632_project/Sequences/lca_DsrE.faa_aln with 0.05
Trimming /home/tomohisa/Projects/HAMSTER/scripts/results/1744904029.452632_project/Sequences/grp1_DsrE.faa_aln with 0.05
Trimming /home/tomohisa/Projects/HAMSTER/scripts/results/1744904029.452632_project/Sequences/grp1_redDsrM.faa_aln with 0.05
Trimming /home/tomohisa/Projects/HAMSTER/scripts/results/1744904029.452632_project/Sequences/grp2_redDsrA.faa_aln with 0.05
Trimming /home/tomohisa/Projects/HAMSTER/scripts/results/1744904029.452632_project/Sequences/grp1_DsrH.faa_aln with 0.05
Trimming /home/tomohisa/Projects/HAMSTER/scripts/results/1744904029.452632_project/Sequences/lca_DsrH.faa_aln with 0.05


 7. Performing cross valdation procedure
-----------------------------------------
Initialize training data subsamples
Running hmmbuild for lca_redDsrM.fasta_aln -> /home/tomohisa/Projects/HAMSTER/scripts/results/1744904029.452632_project/Hidden_markov_models/lca_redDsrM.hmm
Running hmmbuild for grp1_redDsrB.fasta_aln -> /home/tomohisa/Projects/HAMSTER/scripts/results/1744904029.452632_project/Hidden_markov_models/grp1_redDsrB.hmm
Running hmmbuild for grp1_oxDsrO.fasta_aln -> /home/tomohisa/Projects/HAMSTER/scripts/results/1744904029.452632_project/Hidden_markov_models/grp1_oxDsrO.hmm
Running hmmbuild for grp2_oxDsrJ.fasta_aln -> /home/tomohisa/Projects/HAMSTER/scripts/results/1744904029.452632_project/Hidden_markov_models/grp2_oxDsrJ.hmm
Running hmmbuild for grp0_oxDsrP.fasta_aln -> /home/tomohisa/Projects/HAMSTER/scripts/results/1744904029.452632_project/Hidden_markov_models/grp0_oxDsrP.hmm
Running hmmbuild for grp2_redDsrA.fasta_aln -> /home/tomohisa/Projects/HAMSTER/scripts/results/1744904029.452632_project/Hidden_markov_models/grp2_redDsrA.hmm
Running hmmbuild for lca_DsrE.fasta_aln -> /home/tomohisa/Projects/HAMSTER/scripts/results/1744904029.452632_project/Hidden_markov_models/lca_DsrE.hmm
Running hmmbuild for grp1_TusA.fasta_aln -> /home/tomohisa/Projects/HAMSTER/scripts/results/1744904029.452632_project/Hidden_markov_models/grp1_TusA.hmm
Running hmmbuild for grp1_DsrR.fasta_aln -> /home/tomohisa/Projects/HAMSTER/scripts/results/1744904029.452632_project/Hidden_markov_models/grp1_DsrR.hmm
Running hmmbuild for sng0_TusA.fasta_aln -> /home/tomohisa/Projects/HAMSTER/scripts/results/1744904029.452632_project/Hidden_markov_models/sng0_TusA.hmm
Running hmmbuild for lca_DsrE2.fasta_aln -> /home/tomohisa/Projects/HAMSTER/scripts/results/1744904029.452632_project/Hidden_markov_models/lca_DsrE2.hmm
Running hmmbuild for grp0_oxDsrJ.fasta_aln -> /home/tomohisa/Projects/HAMSTER/scripts/results/1744904029.452632_project/Hidden_markov_models/grp0_oxDsrJ.hmm
Running hmmbuild for grp2_redDsrK.fasta_aln -> /home/tomohisa/Projects/HAMSTER/scripts/results/1744904029.452632_project/Hidden_markov_models/grp2_redDsrK.hmm
Running hmmbuild for grp0_redDsrB.fasta_aln -> /home/tomohisa/Projects/HAMSTER/scripts/results/1744904029.452632_project/Hidden_markov_models/grp0_redDsrB.hmm
Running hmmbuild for grp0_DsrR.fasta_aln -> /home/tomohisa/Projects/HAMSTER/scripts/results/1744904029.452632_project/Hidden_markov_models/grp0_DsrR.hmm
Running hmmbuild for grp2_DsrE2.fasta_aln -> /home/tomohisa/Projects/HAMSTER/scripts/results/1744904029.452632_project/Hidden_markov_models/grp2_DsrE2.hmm
Running hmmbuild for grp2_DsrH.fasta_aln -> /home/tomohisa/Projects/HAMSTER/scripts/results/1744904029.452632_project/Hidden_markov_models/grp2_DsrH.hmm
Running hmmbuild for grp2_redDsrO.fasta_aln -> /home/tomohisa/Projects/HAMSTER/scripts/results/1744904029.452632_project/Hidden_markov_models/grp2_redDsrO.hmm
Running hmmbuild for sng0_DsrE2.fasta_aln -> /home/tomohisa/Projects/HAMSTER/scripts/results/1744904029.452632_project/Hidden_markov_models/sng0_DsrE2.hmm
Running hmmbuild for lca_oxDsrN.fasta_aln -> /home/tomohisa/Projects/HAMSTER/scripts/results/1744904029.452632_project/Hidden_markov_models/lca_oxDsrN.hmm
Running hmmbuild for grp0_DsrE.fasta_aln -> /home/tomohisa/Projects/HAMSTER/scripts/results/1744904029.452632_project/Hidden_markov_models/grp0_DsrE.hmm
Running hmmbuild for grp1_DsrL.fasta_aln -> /home/tomohisa/Projects/HAMSTER/scripts/results/1744904029.452632_project/Hidden_markov_models/grp1_DsrL.hmm
Running hmmbuild for grp2_TusA.fasta_aln -> /home/tomohisa/Projects/HAMSTER/scripts/results/1744904029.452632_project/Hidden_markov_models/grp2_TusA.hmm
Running hmmbuild for grp1_DsrE.fasta_aln -> /home/tomohisa/Projects/HAMSTER/scripts/results/1744904029.452632_project/Hidden_markov_models/grp1_DsrE.hmm
Running hmmbuild for grp1_oxDsrB.fasta_aln -> /home/tomohisa/Projects/HAMSTER/scripts/results/1744904029.452632_project/Hidden_markov_models/grp1_oxDsrB.hmm
Running hmmbuild for grp2_DsrR.fasta_aln -> /home/tomohisa/Projects/HAMSTER/scripts/results/1744904029.452632_project/Hidden_markov_models/grp2_DsrR.hmm
Running hmmbuild for grp1_oxDsrM.fasta_aln -> /home/tomohisa/Projects/HAMSTER/scripts/results/1744904029.452632_project/Hidden_markov_models/grp1_oxDsrM.hmm
Running hmmbuild for lca_redDsrK.fasta_aln -> /home/tomohisa/Projects/HAMSTER/scripts/results/1744904029.452632_project/Hidden_markov_models/lca_redDsrK.hmm
Running hmmbuild for lca_redDsrB.fasta_aln -> /home/tomohisa/Projects/HAMSTER/scripts/results/1744904029.452632_project/Hidden_markov_models/lca_redDsrB.hmm
Running hmmbuild for grp0_oxDsrM.fasta_aln -> /home/tomohisa/Projects/HAMSTER/scripts/results/1744904029.452632_project/Hidden_markov_models/grp0_oxDsrM.hmm
Running hmmbuild for lca_DsrF.fasta_aln -> /home/tomohisa/Projects/HAMSTER/scripts/results/1744904029.452632_project/Hidden_markov_models/lca_DsrF.hmm
Running hmmbuild for grp1_redDsrJ.fasta_aln -> /home/tomohisa/Projects/HAMSTER/scripts/results/1744904029.452632_project/Hidden_markov_models/grp1_redDsrJ.hmm
Running hmmbuild for grp2_oxDsrK.fasta_aln -> /home/tomohisa/Projects/HAMSTER/scripts/results/1744904029.452632_project/Hidden_markov_models/grp2_oxDsrK.hmm
Running hmmbuild for lca_redDsrO.fasta_aln -> /home/tomohisa/Projects/HAMSTER/scripts/results/1744904029.452632_project/Hidden_markov_models/lca_redDsrO.hmm
Running hmmbuild for lca_oxDsrM.fasta_aln -> /home/tomohisa/Projects/HAMSTER/scripts/results/1744904029.452632_project/Hidden_markov_models/lca_oxDsrM.hmm
Running hmmbuild for grp1_oxDsrN.fasta_aln -> /home/tomohisa/Projects/HAMSTER/scripts/results/1744904029.452632_project/Hidden_markov_models/grp1_oxDsrN.hmm
Running hmmbuild for grp0_oxDsrA.fasta_aln -> /home/tomohisa/Projects/HAMSTER/scripts/results/1744904029.452632_project/Hidden_markov_models/grp0_oxDsrA.hmm
Running hmmbuild for grp1_oxDsrJ.fasta_aln -> /home/tomohisa/Projects/HAMSTER/scripts/results/1744904029.452632_project/Hidden_markov_models/grp1_oxDsrJ.hmm
Running hmmbuild for grp0_TusA.fasta_aln -> /home/tomohisa/Projects/HAMSTER/scripts/results/1744904029.452632_project/Hidden_markov_models/grp0_TusA.hmm
Running hmmbuild for grp2_DsrF.fasta_aln -> /home/tomohisa/Projects/HAMSTER/scripts/results/1744904029.452632_project/Hidden_markov_models/grp2_DsrF.hmm
Running hmmbuild for lca_DsrL.fasta_aln -> /home/tomohisa/Projects/HAMSTER/scripts/results/1744904029.452632_project/Hidden_markov_models/lca_DsrL.hmm
Running hmmbuild for grp0_oxDsrB.fasta_aln -> /home/tomohisa/Projects/HAMSTER/scripts/results/1744904029.452632_project/Hidden_markov_models/grp0_oxDsrB.hmm
Running hmmbuild for lca_redDsrJ.fasta_aln -> /home/tomohisa/Projects/HAMSTER/scripts/results/1744904029.452632_project/Hidden_markov_models/lca_redDsrJ.hmm
Running hmmbuild for lca_redDsrP.fasta_aln -> /home/tomohisa/Projects/HAMSTER/scripts/results/1744904029.452632_project/Hidden_markov_models/lca_redDsrP.hmm
Running hmmbuild for lca_DsrR.fasta_aln -> /home/tomohisa/Projects/HAMSTER/scripts/results/1744904029.452632_project/Hidden_markov_models/lca_DsrR.hmm
Running hmmbuild for grp0_DsrL.fasta_aln -> /home/tomohisa/Projects/HAMSTER/scripts/results/1744904029.452632_project/Hidden_markov_models/grp0_DsrL.hmm
Running hmmbuild for grp1_oxDsrK.fasta_aln -> /home/tomohisa/Projects/HAMSTER/scripts/results/1744904029.452632_project/Hidden_markov_models/grp1_oxDsrK.hmm
Running hmmbuild for lca_TusA.fasta_aln -> /home/tomohisa/Projects/HAMSTER/scripts/results/1744904029.452632_project/Hidden_markov_models/lca_TusA.hmm
Running hmmbuild for grp1_DsrH.fasta_aln -> /home/tomohisa/Projects/HAMSTER/scripts/results/1744904029.452632_project/Hidden_markov_models/grp1_DsrH.hmm
Running hmmbuild for grp0_redDsrO.fasta_aln -> /home/tomohisa/Projects/HAMSTER/scripts/results/1744904029.452632_project/Hidden_markov_models/grp0_redDsrO.hmm
Running hmmbuild for grp0_oxDsrO.fasta_aln -> /home/tomohisa/Projects/HAMSTER/scripts/results/1744904029.452632_project/Hidden_markov_models/grp0_oxDsrO.hmm
Running hmmbuild for lca_redDsrA.fasta_aln -> /home/tomohisa/Projects/HAMSTER/scripts/results/1744904029.452632_project/Hidden_markov_models/lca_redDsrA.hmm
Running hmmbuild for grp1_DsrE2.fasta_aln -> /home/tomohisa/Projects/HAMSTER/scripts/results/1744904029.452632_project/Hidden_markov_models/grp1_DsrE2.hmm
Running hmmbuild for grp2_oxDsrO.fasta_aln -> /home/tomohisa/Projects/HAMSTER/scripts/results/1744904029.452632_project/Hidden_markov_models/grp2_oxDsrO.hmm
Running hmmbuild for grp1_redDsrA.fasta_aln -> /home/tomohisa/Projects/HAMSTER/scripts/results/1744904029.452632_project/Hidden_markov_models/grp1_redDsrA.hmm
Running hmmbuild for grp0_oxDsrK.fasta_aln -> /home/tomohisa/Projects/HAMSTER/scripts/results/1744904029.452632_project/Hidden_markov_models/grp0_oxDsrK.hmm
Running hmmbuild for grp0_DsrF.fasta_aln -> /home/tomohisa/Projects/HAMSTER/scripts/results/1744904029.452632_project/Hidden_markov_models/grp0_DsrF.hmm
Running hmmbuild for lca_oxDsrP.fasta_aln -> /home/tomohisa/Projects/HAMSTER/scripts/results/1744904029.452632_project/Hidden_markov_models/lca_oxDsrP.hmm
Running hmmbuild for grp0_redDsrK.fasta_aln -> /home/tomohisa/Projects/HAMSTER/scripts/results/1744904029.452632_project/Hidden_markov_models/grp0_redDsrK.hmm
Running hmmbuild for grp1_redDsrK.fasta_aln -> /home/tomohisa/Projects/HAMSTER/scripts/results/1744904029.452632_project/Hidden_markov_models/grp1_redDsrK.hmm
Running hmmbuild for grp2_oxDsrN.fasta_aln -> /home/tomohisa/Projects/HAMSTER/scripts/results/1744904029.452632_project/Hidden_markov_models/grp2_oxDsrN.hmm
Running hmmbuild for grp2_oxDsrA.fasta_aln -> /home/tomohisa/Projects/HAMSTER/scripts/results/1744904029.452632_project/Hidden_markov_models/grp2_oxDsrA.hmm
Running hmmbuild for grp0_oxDsrC.fasta_aln -> /home/tomohisa/Projects/HAMSTER/scripts/results/1744904029.452632_project/Hidden_markov_models/grp0_oxDsrC.hmm
Running hmmbuild for grp1_oxDsrC.fasta_aln -> /home/tomohisa/Projects/HAMSTER/scripts/results/1744904029.452632_project/Hidden_markov_models/grp1_oxDsrC.hmm
Running hmmbuild for grp2_oxDsrM.fasta_aln -> /home/tomohisa/Projects/HAMSTER/scripts/results/1744904029.452632_project/Hidden_markov_models/grp2_oxDsrM.hmm
Running hmmbuild for grp0_redDsrP.fasta_aln -> /home/tomohisa/Projects/HAMSTER/scripts/results/1744904029.452632_project/Hidden_markov_models/grp0_redDsrP.hmm
Running hmmbuild for lca_oxDsrK.fasta_aln -> /home/tomohisa/Projects/HAMSTER/scripts/results/1744904029.452632_project/Hidden_markov_models/lca_oxDsrK.hmm
Running hmmbuild for grp2_DsrL.fasta_aln -> /home/tomohisa/Projects/HAMSTER/scripts/results/1744904029.452632_project/Hidden_markov_models/grp2_DsrL.hmm
Running hmmbuild for grp2_redDsrP.fasta_aln -> /home/tomohisa/Projects/HAMSTER/scripts/results/1744904029.452632_project/Hidden_markov_models/grp2_redDsrP.hmm
Running hmmbuild for grp0_DsrE2.fasta_aln -> /home/tomohisa/Projects/HAMSTER/scripts/results/1744904029.452632_project/Hidden_markov_models/grp0_DsrE2.hmm
Running hmmbuild for grp1_oxDsrP.fasta_aln -> /home/tomohisa/Projects/HAMSTER/scripts/results/1744904029.452632_project/Hidden_markov_models/grp1_oxDsrP.hmm
Running hmmbuild for grp0_redDsrA.fasta_aln -> /home/tomohisa/Projects/HAMSTER/scripts/results/1744904029.452632_project/Hidden_markov_models/grp0_redDsrA.hmm
Running hmmbuild for lca_oxDsrA.fasta_aln -> /home/tomohisa/Projects/HAMSTER/scripts/results/1744904029.452632_project/Hidden_markov_models/lca_oxDsrA.hmm
Running hmmbuild for grp2_oxDsrP.fasta_aln -> /home/tomohisa/Projects/HAMSTER/scripts/results/1744904029.452632_project/Hidden_markov_models/grp2_oxDsrP.hmm
Running hmmbuild for grp2_oxDsrC.fasta_aln -> /home/tomohisa/Projects/HAMSTER/scripts/results/1744904029.452632_project/Hidden_markov_models/grp2_oxDsrC.hmm
Running hmmbuild for grp0_redDsrJ.fasta_aln -> /home/tomohisa/Projects/HAMSTER/scripts/results/1744904029.452632_project/Hidden_markov_models/grp0_redDsrJ.hmm
Running hmmbuild for lca_oxDsrB.fasta_aln -> /home/tomohisa/Projects/HAMSTER/scripts/results/1744904029.452632_project/Hidden_markov_models/lca_oxDsrB.hmm
Running hmmbuild for grp0_DsrH.fasta_aln -> /home/tomohisa/Projects/HAMSTER/scripts/results/1744904029.452632_project/Hidden_markov_models/grp0_DsrH.hmm
Running hmmbuild for grp0_redDsrM.fasta_aln -> /home/tomohisa/Projects/HAMSTER/scripts/results/1744904029.452632_project/Hidden_markov_models/grp0_redDsrM.hmm
Running hmmbuild for grp1_redDsrP.fasta_aln -> /home/tomohisa/Projects/HAMSTER/scripts/results/1744904029.452632_project/Hidden_markov_models/grp1_redDsrP.hmm
Running hmmbuild for grp1_DsrF.fasta_aln -> /home/tomohisa/Projects/HAMSTER/scripts/results/1744904029.452632_project/Hidden_markov_models/grp1_DsrF.hmm
Running hmmbuild for grp0_oxDsrN.fasta_aln -> /home/tomohisa/Projects/HAMSTER/scripts/results/1744904029.452632_project/Hidden_markov_models/grp0_oxDsrN.hmm
Running hmmbuild for grp2_redDsrM.fasta_aln -> /home/tomohisa/Projects/HAMSTER/scripts/results/1744904029.452632_project/Hidden_markov_models/grp2_redDsrM.hmm
Running hmmbuild for lca_oxDsrO.fasta_aln -> /home/tomohisa/Projects/HAMSTER/scripts/results/1744904029.452632_project/Hidden_markov_models/lca_oxDsrO.hmm
Running hmmbuild for lca_DsrH.fasta_aln -> /home/tomohisa/Projects/HAMSTER/scripts/results/1744904029.452632_project/Hidden_markov_models/lca_DsrH.hmm
Running hmmbuild for grp2_DsrE.fasta_aln -> /home/tomohisa/Projects/HAMSTER/scripts/results/1744904029.452632_project/Hidden_markov_models/grp2_DsrE.hmm
Running hmmbuild for grp1_redDsrM.fasta_aln -> /home/tomohisa/Projects/HAMSTER/scripts/results/1744904029.452632_project/Hidden_markov_models/grp1_redDsrM.hmm
Running hmmbuild for grp2_redDsrJ.fasta_aln -> /home/tomohisa/Projects/HAMSTER/scripts/results/1744904029.452632_project/Hidden_markov_models/grp2_redDsrJ.hmm
Running hmmbuild for grp1_redDsrO.fasta_aln -> /home/tomohisa/Projects/HAMSTER/scripts/results/1744904029.452632_project/Hidden_markov_models/grp1_redDsrO.hmm
Running hmmbuild for grp1_oxDsrA.fasta_aln -> /home/tomohisa/Projects/HAMSTER/scripts/results/1744904029.452632_project/Hidden_markov_models/grp1_oxDsrA.hmm
Running hmmbuild for lca_oxDsrC.fasta_aln -> /home/tomohisa/Projects/HAMSTER/scripts/results/1744904029.452632_project/Hidden_markov_models/lca_oxDsrC.hmm
Running hmmbuild for grp2_redDsrB.fasta_aln -> /home/tomohisa/Projects/HAMSTER/scripts/results/1744904029.452632_project/Hidden_markov_models/grp2_redDsrB.hmm
Running hmmbuild for lca_oxDsrJ.fasta_aln -> /home/tomohisa/Projects/HAMSTER/scripts/results/1744904029.452632_project/Hidden_markov_models/lca_oxDsrJ.hmm
Running hmmbuild for grp2_oxDsrB.fasta_aln -> /home/tomohisa/Projects/HAMSTER/scripts/results/1744904029.452632_project/Hidden_markov_models/grp2_oxDsrB.hmm
Saving HMMs in the  directory: /home/tomohisa/Projects/HAMSTER/scripts/results/1744904029.452632_project/Hidden_markov_models
/home/tomohisa/Projects/HAMSTER/scripts/results/1744904029.452632_project/Cross_validation/superfamily_DsrE.faa did not exist
/home/tomohisa/Projects/HAMSTER/scripts/results/1744904029.452632_project/Cross_validation/superfamily_DsrE2.faa did not exist
/home/tomohisa/Projects/HAMSTER/scripts/results/1744904029.452632_project/Cross_validation/superfamily_DsrF.faa did not exist
/home/tomohisa/Projects/HAMSTER/scripts/results/1744904029.452632_project/Cross_validation/superfamily_DsrH.faa did not exist
/home/tomohisa/Projects/HAMSTER/scripts/results/1744904029.452632_project/Cross_validation/superfamily_DsrL.faa did not exist
/home/tomohisa/Projects/HAMSTER/scripts/results/1744904029.452632_project/Cross_validation/superfamily_DsrR.faa did not exist
/home/tomohisa/Projects/HAMSTER/scripts/results/1744904029.452632_project/Cross_validation/superfamily_DsrS.faa did not exist
/home/tomohisa/Projects/HAMSTER/scripts/results/1744904029.452632_project/Cross_validation/superfamily_RhdI.faa did not exist
/home/tomohisa/Projects/HAMSTER/scripts/results/1744904029.452632_project/Cross_validation/superfamily_TusA.faa did not exist
/home/tomohisa/Projects/HAMSTER/scripts/results/1744904029.452632_project/Cross_validation/superfamily_YeeE.faa did not exist
/home/tomohisa/Projects/HAMSTER/scripts/results/1744904029.452632_project/Cross_validation/superfamily_oxDsrA.faa did not exist
/home/tomohisa/Projects/HAMSTER/scripts/results/1744904029.452632_project/Cross_validation/superfamily_oxDsrB.faa did not exist
/home/tomohisa/Projects/HAMSTER/scripts/results/1744904029.452632_project/Cross_validation/superfamily_oxDsrC.faa did not exist
/home/tomohisa/Projects/HAMSTER/scripts/results/1744904029.452632_project/Cross_validation/superfamily_oxDsrJ.faa did not exist
/home/tomohisa/Projects/HAMSTER/scripts/results/1744904029.452632_project/Cross_validation/superfamily_oxDsrK.faa did not exist
/home/tomohisa/Projects/HAMSTER/scripts/results/1744904029.452632_project/Cross_validation/superfamily_oxDsrM.faa did not exist
/home/tomohisa/Projects/HAMSTER/scripts/results/1744904029.452632_project/Cross_validation/superfamily_oxDsrN.faa did not exist
/home/tomohisa/Projects/HAMSTER/scripts/results/1744904029.452632_project/Cross_validation/superfamily_oxDsrO.faa did not exist
/home/tomohisa/Projects/HAMSTER/scripts/results/1744904029.452632_project/Cross_validation/superfamily_oxDsrP.faa did not exist
/home/tomohisa/Projects/HAMSTER/scripts/results/1744904029.452632_project/Cross_validation/superfamily_redDsrA.faa did not exist
/home/tomohisa/Projects/HAMSTER/scripts/results/1744904029.452632_project/Cross_validation/superfamily_redDsrB.faa did not exist
/home/tomohisa/Projects/HAMSTER/scripts/results/1744904029.452632_project/Cross_validation/superfamily_redDsrC.faa did not exist
/home/tomohisa/Projects/HAMSTER/scripts/results/1744904029.452632_project/Cross_validation/superfamily_redDsrD.faa did not exist
/home/tomohisa/Projects/HAMSTER/scripts/results/1744904029.452632_project/Cross_validation/superfamily_redDsrJ.faa did not exist
/home/tomohisa/Projects/HAMSTER/scripts/results/1744904029.452632_project/Cross_validation/superfamily_redDsrK.faa did not exist
/home/tomohisa/Projects/HAMSTER/scripts/results/1744904029.452632_project/Cross_validation/superfamily_redDsrM.faa did not exist
/home/tomohisa/Projects/HAMSTER/scripts/results/1744904029.452632_project/Cross_validation/superfamily_redDsrN.faa did not exist
/home/tomohisa/Projects/HAMSTER/scripts/results/1744904029.452632_project/Cross_validation/superfamily_redDsrO.faa did not exist
/home/tomohisa/Projects/HAMSTER/scripts/results/1744904029.452632_project/Cross_validation/superfamily_redDsrP.faa did not exist
Initialize target sequence sets
From /home/tomohisa/Projects/HAMSTER/scripts/results/1744904029.452632_project/Cross_validation the following target files were selected {'DsrE2': '/home/tomohisa/Projects/HAMSTER/scripts/results/1744904029.452632_project/Cross_validation/superfamily_DsrE2.faa', 'DsrL': '/home/tomohisa/Projects/HAMSTER/scripts/results/1744904029.452632_project/Cross_validation/superfamily_DsrL.faa', 'RhdI': '/home/tomohisa/Projects/HAMSTER/scripts/results/1744904029.452632_project/Cross_validation/superfamily_RhdI.faa', 'redDsrB': '/home/tomohisa/Projects/HAMSTER/scripts/results/1744904029.452632_project/Cross_validation/superfamily_redDsrB.faa', 'redDsrK': '/home/tomohisa/Projects/HAMSTER/scripts/results/1744904029.452632_project/Cross_validation/superfamily_redDsrK.faa', 'redDsrM': '/home/tomohisa/Projects/HAMSTER/scripts/results/1744904029.452632_project/Cross_validation/superfamily_redDsrM.faa', 'redDsrN': '/home/tomohisa/Projects/HAMSTER/scripts/results/1744904029.452632_project/Cross_validation/superfamily_redDsrN.faa', 'DsrH': '/home/tomohisa/Projects/HAMSTER/scripts/results/1744904029.452632_project/Cross_validation/superfamily_DsrH.faa', 'DsrF': '/home/tomohisa/Projects/HAMSTER/scripts/results/1744904029.452632_project/Cross_validation/superfamily_DsrF.faa', 'oxDsrN': '/home/tomohisa/Projects/HAMSTER/scripts/results/1744904029.452632_project/Cross_validation/superfamily_oxDsrN.faa', 'oxDsrC': '/home/tomohisa/Projects/HAMSTER/scripts/results/1744904029.452632_project/Cross_validation/superfamily_oxDsrC.faa', 'YeeE': '/home/tomohisa/Projects/HAMSTER/scripts/results/1744904029.452632_project/Cross_validation/superfamily_YeeE.faa', 'oxDsrP': '/home/tomohisa/Projects/HAMSTER/scripts/results/1744904029.452632_project/Cross_validation/superfamily_oxDsrP.faa', 'DsrR': '/home/tomohisa/Projects/HAMSTER/scripts/results/1744904029.452632_project/Cross_validation/superfamily_DsrR.faa', 'oxDsrK': '/home/tomohisa/Projects/HAMSTER/scripts/results/1744904029.452632_project/Cross_validation/superfamily_oxDsrK.faa', 'redDsrJ': '/home/tomohisa/Projects/HAMSTER/scripts/results/1744904029.452632_project/Cross_validation/superfamily_redDsrJ.faa', 'TusA': '/home/tomohisa/Projects/HAMSTER/scripts/results/1744904029.452632_project/Cross_validation/superfamily_TusA.faa', 'oxDsrB': '/home/tomohisa/Projects/HAMSTER/scripts/results/1744904029.452632_project/Cross_validation/superfamily_oxDsrB.faa', 'redDsrO': '/home/tomohisa/Projects/HAMSTER/scripts/results/1744904029.452632_project/Cross_validation/superfamily_redDsrO.faa', 'DsrS': '/home/tomohisa/Projects/HAMSTER/scripts/results/1744904029.452632_project/Cross_validation/superfamily_DsrS.faa', 'oxDsrM': '/home/tomohisa/Projects/HAMSTER/scripts/results/1744904029.452632_project/Cross_validation/superfamily_oxDsrM.faa', 'redDsrD': '/home/tomohisa/Projects/HAMSTER/scripts/results/1744904029.452632_project/Cross_validation/superfamily_redDsrD.faa', 'redDsrP': '/home/tomohisa/Projects/HAMSTER/scripts/results/1744904029.452632_project/Cross_validation/superfamily_redDsrP.faa', 'redDsrA': '/home/tomohisa/Projects/HAMSTER/scripts/results/1744904029.452632_project/Cross_validation/superfamily_redDsrA.faa', 'oxDsrA': '/home/tomohisa/Projects/HAMSTER/scripts/results/1744904029.452632_project/Cross_validation/superfamily_oxDsrA.faa', 'redDsrC': '/home/tomohisa/Projects/HAMSTER/scripts/results/1744904029.452632_project/Cross_validation/superfamily_redDsrC.faa', 'DsrE': '/home/tomohisa/Projects/HAMSTER/scripts/results/1744904029.452632_project/Cross_validation/superfamily_DsrE.faa', 'oxDsrO': '/home/tomohisa/Projects/HAMSTER/scripts/results/1744904029.452632_project/Cross_validation/superfamily_oxDsrO.faa', 'oxDsrJ': '/home/tomohisa/Projects/HAMSTER/scripts/results/1744904029.452632_project/Cross_validation/superfamily_oxDsrJ.faa'}
Initilizing cross-validation
Cutoff and performance validation without folds
Initial validation of HMM grp2_oxDsrJ
Initial validation of HMM lca_redDsrM
Initial validation of HMM lca_DsrE
Initial validation of HMM sng0_TusA
Initial validation of HMM grp2_redDsrK
Initial validation of HMM grp2_DsrE2
Initial validation of HMM sng0_DsrE2
Initial validation of HMM grp1_DsrL
Finished HMM grp2_oxDsrJ cutoffs: 181.4 181.4 181.4 and MCC: 1.0
Finished HMM sng0_TusA cutoffs: 172.3 172.3 172.3 and MCC: 1.0
Saved hit_id_distribution for grp2_oxDsrJ to /home/tomohisa/Projects/HAMSTER/scripts/results/1744904029.452632_project/Initial_validation/grp2_oxDsrJ/grp2_oxDsrJ_hit_id_distribution.pkl
Initial validation of HMM grp0_oxDsrP
Saved hit_id_distribution for sng0_TusA to /home/tomohisa/Projects/HAMSTER/scripts/results/1744904029.452632_project/Initial_validation/sng0_TusA/sng0_TusA_hit_id_distribution.pkl
Initial validation of HMM lca_DsrE2
Finished HMM lca_DsrE cutoffs: 186.1 186.1 186.1 and MCC: 1.0
Saved hit_id_distribution for lca_DsrE to /home/tomohisa/Projects/HAMSTER/scripts/results/1744904029.452632_project/Initial_validation/lca_DsrE/lca_DsrE_hit_id_distribution.pkl
Initial validation of HMM grp1_TusA
Finished HMM grp2_DsrE2 cutoffs: 353.6 353.6 347.9 and MCC: 0.8159506119058424
Saved hit_id_distribution for grp2_DsrE2 to /home/tomohisa/Projects/HAMSTER/scripts/results/1744904029.452632_project/Initial_validation/grp2_DsrE2/grp2_DsrE2_hit_id_distribution.pkl
Initial validation of HMM grp2_DsrH
Finished HMM grp1_TusA cutoffs: 172.3 172.3 172.3 and MCC: 1.0
Saved hit_id_distribution for grp1_TusA to /home/tomohisa/Projects/HAMSTER/scripts/results/1744904029.452632_project/Initial_validation/grp1_TusA/grp1_TusA_hit_id_distribution.pkl
Initial validation of HMM grp1_DsrR
Finished HMM sng0_DsrE2 cutoffs: 345.8 346.2 345.8 and MCC: 0.9483651081042668
Saved hit_id_distribution for sng0_DsrE2 to /home/tomohisa/Projects/HAMSTER/scripts/results/1744904029.452632_project/Initial_validation/sng0_DsrE2/sng0_DsrE2_hit_id_distribution.pkl
Initial validation of HMM lca_oxDsrN
Finished HMM grp2_DsrH cutoffs: 131.2 131.2 131.2 and MCC: 1.0
Saved hit_id_distribution for grp2_DsrH to /home/tomohisa/Projects/HAMSTER/scripts/results/1744904029.452632_project/Initial_validation/grp2_DsrH/grp2_DsrH_hit_id_distribution.pkl
Initial validation of HMM grp2_redDsrO
Finished HMM grp1_DsrR cutoffs: 155.2 155.2 155.2 and MCC: 1.0
Saved hit_id_distribution for grp1_DsrR to /home/tomohisa/Projects/HAMSTER/scripts/results/1744904029.452632_project/Initial_validation/grp1_DsrR/grp1_DsrR_hit_id_distribution.pkl
Initial validation of HMM grp1_oxDsrB
Finished HMM lca_DsrE2 cutoffs: 345.8 346.2 345.8 and MCC: 0.9483651081042668
Saved hit_id_distribution for lca_DsrE2 to /home/tomohisa/Projects/HAMSTER/scripts/results/1744904029.452632_project/Initial_validation/lca_DsrE2/lca_DsrE2_hit_id_distribution.pkl
Initial validation of HMM grp0_oxDsrJ
Finished HMM lca_redDsrM cutoffs: 521.5 521.5 521.5 and MCC: 1.0
Saved hit_id_distribution for lca_redDsrM to /home/tomohisa/Projects/HAMSTER/scripts/results/1744904029.452632_project/Initial_validation/lca_redDsrM/lca_redDsrM_hit_id_distribution.pkl
Initial validation of HMM grp1_redDsrB
Finished HMM grp0_oxDsrJ cutoffs: 181.4 181.4 181.4 and MCC: 1.0
Saved hit_id_distribution for grp0_oxDsrJ to /home/tomohisa/Projects/HAMSTER/scripts/results/1744904029.452632_project/Initial_validation/grp0_oxDsrJ/grp0_oxDsrJ_hit_id_distribution.pkl
Initial validation of HMM lca_redDsrK
Finished HMM grp1_redDsrB cutoffs: 506.0 506.0 506.0 and MCC: 1.0
Saved hit_id_distribution for grp1_redDsrB to /home/tomohisa/Projects/HAMSTER/scripts/results/1744904029.452632_project/Initial_validation/grp1_redDsrB/grp1_redDsrB_hit_id_distribution.pkl
Initial validation of HMM grp1_oxDsrO
Finished HMM grp0_oxDsrP cutoffs: 567.7 567.7 425.5 and MCC: 0.98940243920732
Saved hit_id_distribution for grp0_oxDsrP to /home/tomohisa/Projects/HAMSTER/scripts/results/1744904029.452632_project/Initial_validation/grp0_oxDsrP/grp0_oxDsrP_hit_id_distribution.pkl
Initial validation of HMM grp2_redDsrA
Finished HMM grp1_oxDsrB cutoffs: 416.6 416.6 416.6 and MCC: 1.0
Saved hit_id_distribution for grp1_oxDsrB to /home/tomohisa/Projects/HAMSTER/scripts/results/1744904029.452632_project/Initial_validation/grp1_oxDsrB/grp1_oxDsrB_hit_id_distribution.pkl
Initial validation of HMM grp2_DsrR
Finished HMM grp2_DsrR cutoffs: 159.4 175.5 159.4 and MCC: 0.9505472524273241
Saved hit_id_distribution for grp2_DsrR to /home/tomohisa/Projects/HAMSTER/scripts/results/1744904029.452632_project/Initial_validation/grp2_DsrR/grp2_DsrR_hit_id_distribution.pkl
Initial validation of HMM grp1_oxDsrM
Finished HMM grp2_redDsrO cutoffs: 357.2 357.2 357.2 and MCC: 1.0
Saved hit_id_distribution for grp2_redDsrO to /home/tomohisa/Projects/HAMSTER/scripts/results/1744904029.452632_project/Initial_validation/grp2_redDsrO/grp2_redDsrO_hit_id_distribution.pkl
Initial validation of HMM lca_DsrF
Finished HMM grp2_redDsrA cutoffs: 477.3 477.3 477.3 and MCC: 1.0
Saved hit_id_distribution for grp2_redDsrA to /home/tomohisa/Projects/HAMSTER/scripts/results/1744904029.452632_project/Initial_validation/grp2_redDsrA/grp2_redDsrA_hit_id_distribution.pkl
Finished HMM grp2_redDsrK cutoffs: 977.3 977.3 977.3 and MCC: 1.0
Initial validation of HMM lca_redDsrO
Saved hit_id_distribution for grp2_redDsrK to /home/tomohisa/Projects/HAMSTER/scripts/results/1744904029.452632_project/Initial_validation/grp2_redDsrK/grp2_redDsrK_hit_id_distribution.pkl
Initial validation of HMM grp0_redDsrB
Finished HMM grp1_oxDsrO cutoffs: 231.7 231.7 195.1 and MCC: 0.9304337261619144
Saved hit_id_distribution for grp1_oxDsrO to /home/tomohisa/Projects/HAMSTER/scripts/results/1744904029.452632_project/Initial_validation/grp1_oxDsrO/grp1_oxDsrO_hit_id_distribution.pkl
Initial validation of HMM grp0_oxDsrA
Finished HMM lca_DsrF cutoffs: 154.0 154.0 154.0 and MCC: 1.0
Saved hit_id_distribution for lca_DsrF to /home/tomohisa/Projects/HAMSTER/scripts/results/1744904029.452632_project/Initial_validation/lca_DsrF/lca_DsrF_hit_id_distribution.pkl
Initial validation of HMM grp1_redDsrJ
Finished HMM lca_redDsrK cutoffs: 478.5 478.5 478.5 and MCC: 1.0
Saved hit_id_distribution for lca_redDsrK to /home/tomohisa/Projects/HAMSTER/scripts/results/1744904029.452632_project/Initial_validation/lca_redDsrK/lca_redDsrK_hit_id_distribution.pkl
Initial validation of HMM lca_redDsrB
Finished HMM grp1_redDsrJ cutoffs: 166.3 166.3 166.3 and MCC: 1.0
Saved hit_id_distribution for grp1_redDsrJ to /home/tomohisa/Projects/HAMSTER/scripts/results/1744904029.452632_project/Initial_validation/grp1_redDsrJ/grp1_redDsrJ_hit_id_distribution.pkl
Initial validation of HMM grp2_oxDsrK
Finished HMM grp1_oxDsrM cutoffs: 235.3 235.3 235.3 and MCC: 1.0
Saved hit_id_distribution for grp1_oxDsrM to /home/tomohisa/Projects/HAMSTER/scripts/results/1744904029.452632_project/Initial_validation/grp1_oxDsrM/grp1_oxDsrM_hit_id_distribution.pkl
Initial validation of HMM grp2_DsrF
Finished HMM grp2_DsrF cutoffs: 154.0 154.0 154.0 and MCC: 1.0
Saved hit_id_distribution for grp2_DsrF to /home/tomohisa/Projects/HAMSTER/scripts/results/1744904029.452632_project/Initial_validation/grp2_DsrF/grp2_DsrF_hit_id_distribution.pkl
Initial validation of HMM lca_DsrL
Finished HMM grp0_redDsrB cutoffs: 505.4 510.9 505.4 and MCC: 0.9786135578455817
Saved hit_id_distribution for grp0_redDsrB to /home/tomohisa/Projects/HAMSTER/scripts/results/1744904029.452632_project/Initial_validation/grp0_redDsrB/grp0_redDsrB_hit_id_distribution.pkl
Initial validation of HMM grp0_DsrR
Finished HMM lca_redDsrB cutoffs: 505.5 505.5 505.5 and MCC: 1.0
Saved hit_id_distribution for lca_redDsrB to /home/tomohisa/Projects/HAMSTER/scripts/results/1744904029.452632_project/Initial_validation/lca_redDsrB/lca_redDsrB_hit_id_distribution.pkl
Initial validation of HMM grp0_oxDsrM
Finished HMM grp0_DsrR cutoffs: 163.3 176.3 163.3 and MCC: 0.7846764733541634
Saved hit_id_distribution for grp0_DsrR to /home/tomohisa/Projects/HAMSTER/scripts/results/1744904029.452632_project/Initial_validation/grp0_DsrR/grp0_DsrR_hit_id_distribution.pkl
Initial validation of HMM lca_redDsrJ
Finished HMM lca_oxDsrN cutoffs: 377.7 377.7 377.7 and MCC: 1.0
Saved hit_id_distribution for lca_oxDsrN to /home/tomohisa/Projects/HAMSTER/scripts/results/1744904029.452632_project/Initial_validation/lca_oxDsrN/lca_oxDsrN_hit_id_distribution.pkl
Initial validation of HMM grp0_DsrE
Finished HMM lca_redDsrJ cutoffs: 166.3 166.3 166.3 and MCC: 1.0
Saved hit_id_distribution for lca_redDsrJ to /home/tomohisa/Projects/HAMSTER/scripts/results/1744904029.452632_project/Initial_validation/lca_redDsrJ/lca_redDsrJ_hit_id_distribution.pkl
Initial validation of HMM lca_redDsrP
Finished HMM grp0_DsrE cutoffs: 180.3 180.3 180.3 and MCC: 1.0
Saved hit_id_distribution for grp0_DsrE to /home/tomohisa/Projects/HAMSTER/scripts/results/1744904029.452632_project/Initial_validation/grp0_DsrE/grp0_DsrE_hit_id_distribution.pkl
Initial validation of HMM grp0_DsrL
Finished HMM grp0_oxDsrM cutoffs: 235.3 235.3 235.3 and MCC: 1.0
Saved hit_id_distribution for grp0_oxDsrM to /home/tomohisa/Projects/HAMSTER/scripts/results/1744904029.452632_project/Initial_validation/grp0_oxDsrM/grp0_oxDsrM_hit_id_distribution.pkl
Initial validation of HMM grp1_DsrH
Finished HMM grp1_DsrH cutoffs: 131.2 131.2 131.2 and MCC: 1.0
Saved hit_id_distribution for grp1_DsrH to /home/tomohisa/Projects/HAMSTER/scripts/results/1744904029.452632_project/Initial_validation/grp1_DsrH/grp1_DsrH_hit_id_distribution.pkl
Initial validation of HMM grp0_redDsrO
Finished HMM lca_redDsrP cutoffs: 397.9 397.9 397.9 and MCC: 1.0
Saved hit_id_distribution for lca_redDsrP to /home/tomohisa/Projects/HAMSTER/scripts/results/1744904029.452632_project/Initial_validation/lca_redDsrP/lca_redDsrP_hit_id_distribution.pkl
Initial validation of HMM lca_DsrR
Finished HMM lca_DsrR cutoffs: 155.2 155.2 155.2 and MCC: 1.0
Saved hit_id_distribution for lca_DsrR to /home/tomohisa/Projects/HAMSTER/scripts/results/1744904029.452632_project/Initial_validation/lca_DsrR/lca_DsrR_hit_id_distribution.pkl
Initial validation of HMM lca_redDsrA
Finished HMM grp0_oxDsrA cutoffs: 433.5 754.3 433.5 and MCC: 0.9619438590966513
Saved hit_id_distribution for grp0_oxDsrA to /home/tomohisa/Projects/HAMSTER/scripts/results/1744904029.452632_project/Initial_validation/grp0_oxDsrA/grp0_oxDsrA_hit_id_distribution.pkl
Initial validation of HMM grp1_oxDsrJ
Finished HMM grp1_oxDsrJ cutoffs: 181.4 181.4 181.4 and MCC: 1.0
Saved hit_id_distribution for grp1_oxDsrJ to /home/tomohisa/Projects/HAMSTER/scripts/results/1744904029.452632_project/Initial_validation/grp1_oxDsrJ/grp1_oxDsrJ_hit_id_distribution.pkl
Initial validation of HMM grp0_TusA
Finished HMM lca_redDsrA cutoffs: 473.7 473.7 473.7 and MCC: 1.0
Saved hit_id_distribution for lca_redDsrA to /home/tomohisa/Projects/HAMSTER/scripts/results/1744904029.452632_project/Initial_validation/lca_redDsrA/lca_redDsrA_hit_id_distribution.pkl
Initial validation of HMM grp1_DsrE2
Finished HMM grp0_TusA cutoffs: 173.1 177.3 173.1 and MCC: 0.9483651081042668
Saved hit_id_distribution for grp0_TusA to /home/tomohisa/Projects/HAMSTER/scripts/results/1744904029.452632_project/Initial_validation/grp0_TusA/grp0_TusA_hit_id_distribution.pkl
Initial validation of HMM grp1_redDsrA
Finished HMM lca_redDsrO cutoffs: 357.2 357.2 357.2 and MCC: 1.0
Saved hit_id_distribution for lca_redDsrO to /home/tomohisa/Projects/HAMSTER/scripts/results/1744904029.452632_project/Initial_validation/lca_redDsrO/lca_redDsrO_hit_id_distribution.pkl
Initial validation of HMM lca_oxDsrM
Finished HMM grp1_DsrE2 cutoffs: 345.8 346.2 345.8 and MCC: 0.9483651081042668
Saved hit_id_distribution for grp1_DsrE2 to /home/tomohisa/Projects/HAMSTER/scripts/results/1744904029.452632_project/Initial_validation/grp1_DsrE2/grp1_DsrE2_hit_id_distribution.pkl
Initial validation of HMM grp2_oxDsrO
Finished HMM lca_oxDsrM cutoffs: 235.3 235.3 235.3 and MCC: 1.0
Saved hit_id_distribution for lca_oxDsrM to /home/tomohisa/Projects/HAMSTER/scripts/results/1744904029.452632_project/Initial_validation/lca_oxDsrM/lca_oxDsrM_hit_id_distribution.pkl
Initial validation of HMM grp1_oxDsrN
Finished HMM grp0_redDsrO cutoffs: 350.8 418.0 350.8 and MCC: 0.9248825601905316
Saved hit_id_distribution for grp0_redDsrO to /home/tomohisa/Projects/HAMSTER/scripts/results/1744904029.452632_project/Initial_validation/grp0_redDsrO/grp0_redDsrO_hit_id_distribution.pkl
Initial validation of HMM grp0_oxDsrO
Finished HMM grp1_redDsrA cutoffs: 465.2 465.2 465.2 and MCC: 1.0
Saved hit_id_distribution for grp1_redDsrA to /home/tomohisa/Projects/HAMSTER/scripts/results/1744904029.452632_project/Initial_validation/grp1_redDsrA/grp1_redDsrA_hit_id_distribution.pkl
Initial validation of HMM grp0_oxDsrK
Finished HMM grp2_oxDsrO cutoffs: 228.1 232.4 200.5 and MCC: 0.962011380135908
Saved hit_id_distribution for grp2_oxDsrO to /home/tomohisa/Projects/HAMSTER/scripts/results/1744904029.452632_project/Initial_validation/grp2_oxDsrO/grp2_oxDsrO_hit_id_distribution.pkl
Initial validation of HMM lca_oxDsrP
Finished HMM lca_oxDsrP cutoffs: 424.3 424.3 424.3 and MCC: 1.0
Saved hit_id_distribution for lca_oxDsrP to /home/tomohisa/Projects/HAMSTER/scripts/results/1744904029.452632_project/Initial_validation/lca_oxDsrP/lca_oxDsrP_hit_id_distribution.pkl
Initial validation of HMM grp0_redDsrK
Finished HMM grp0_oxDsrO cutoffs: 356.3 392.9 199.1 and MCC: 0.9793103448275862
Saved hit_id_distribution for grp0_oxDsrO to /home/tomohisa/Projects/HAMSTER/scripts/results/1744904029.452632_project/Initial_validation/grp0_oxDsrO/grp0_oxDsrO_hit_id_distribution.pkl
Initial validation of HMM grp2_oxDsrN
Finished HMM grp2_oxDsrK cutoffs: 571.0 813.9 553.5 and MCC: 0.9674864664030771
Saved hit_id_distribution for grp2_oxDsrK to /home/tomohisa/Projects/HAMSTER/scripts/results/1744904029.452632_project/Initial_validation/grp2_oxDsrK/grp2_oxDsrK_hit_id_distribution.pkl
Initial validation of HMM grp1_oxDsrC
Finished HMM grp1_oxDsrC cutoffs: 170.5 -inf 170.5 and MCC: 0.9921631342707371
Saved hit_id_distribution for grp1_oxDsrC to /home/tomohisa/Projects/HAMSTER/scripts/results/1744904029.452632_project/Initial_validation/grp1_oxDsrC/grp1_oxDsrC_hit_id_distribution.pkl
Initial validation of HMM grp2_oxDsrM
Finished HMM grp2_oxDsrM cutoffs: 235.3 235.3 235.3 and MCC: 1.0
Saved hit_id_distribution for grp2_oxDsrM to /home/tomohisa/Projects/HAMSTER/scripts/results/1744904029.452632_project/Initial_validation/grp2_oxDsrM/grp2_oxDsrM_hit_id_distribution.pkl
Initial validation of HMM grp0_redDsrP
Finished HMM grp1_oxDsrN cutoffs: 378.2 378.2 378.2 and MCC: 1.0
Saved hit_id_distribution for grp1_oxDsrN to /home/tomohisa/Projects/HAMSTER/scripts/results/1744904029.452632_project/Initial_validation/grp1_oxDsrN/grp1_oxDsrN_hit_id_distribution.pkl
Initial validation of HMM lca_oxDsrK
Finished HMM grp0_redDsrK cutoffs: 984.1 1070.9 984.1 and MCC: 0.9248825601905316
Saved hit_id_distribution for grp0_redDsrK to /home/tomohisa/Projects/HAMSTER/scripts/results/1744904029.452632_project/Initial_validation/grp0_redDsrK/grp0_redDsrK_hit_id_distribution.pkl
Initial validation of HMM grp1_redDsrK
Finished HMM grp0_redDsrP cutoffs: 466.1 643.7 466.1 and MCC: 0.9248825601905316
Saved hit_id_distribution for grp0_redDsrP to /home/tomohisa/Projects/HAMSTER/scripts/results/1744904029.452632_project/Initial_validation/grp0_redDsrP/grp0_redDsrP_hit_id_distribution.pkl
Initial validation of HMM grp0_DsrE2
Finished HMM grp0_DsrE2 cutoffs: 350.7 358.4 349.8 and MCC: 0.7293194716865659
Saved hit_id_distribution for grp0_DsrE2 to /home/tomohisa/Projects/HAMSTER/scripts/results/1744904029.452632_project/Initial_validation/grp0_DsrE2/grp0_DsrE2_hit_id_distribution.pkl
Initial validation of HMM grp1_oxDsrP
Finished HMM grp2_oxDsrN cutoffs: 455.2 610.2 455.2 and MCC: 0.9286361600839477
Saved hit_id_distribution for grp2_oxDsrN to /home/tomohisa/Projects/HAMSTER/scripts/results/1744904029.452632_project/Initial_validation/grp2_oxDsrN/grp2_oxDsrN_hit_id_distribution.pkl
Initial validation of HMM grp2_oxDsrA
Finished HMM grp1_redDsrK cutoffs: 478.4 478.4 478.4 and MCC: 1.0
Saved hit_id_distribution for grp1_redDsrK to /home/tomohisa/Projects/HAMSTER/scripts/results/1744904029.452632_project/Initial_validation/grp1_redDsrK/grp1_redDsrK_hit_id_distribution.pkl
Initial validation of HMM lca_oxDsrA
Finished HMM grp0_oxDsrK cutoffs: 620.9 905.1 620.9 and MCC: 0.9901790232435297
Saved hit_id_distribution for grp0_oxDsrK to /home/tomohisa/Projects/HAMSTER/scripts/results/1744904029.452632_project/Initial_validation/grp0_oxDsrK/grp0_oxDsrK_hit_id_distribution.pkl
Initial validation of HMM grp0_DsrF
Finished HMM grp1_oxDsrP cutoffs: 424.3 424.3 424.3 and MCC: 1.0
Saved hit_id_distribution for grp1_oxDsrP to /home/tomohisa/Projects/HAMSTER/scripts/results/1744904029.452632_project/Initial_validation/grp1_oxDsrP/grp1_oxDsrP_hit_id_distribution.pkl
Initial validation of HMM grp0_redDsrA
Finished HMM grp0_DsrF cutoffs: 157.2 157.2 157.2 and MCC: 1.0
Saved hit_id_distribution for grp0_DsrF to /home/tomohisa/Projects/HAMSTER/scripts/results/1744904029.452632_project/Initial_validation/grp0_DsrF/grp0_DsrF_hit_id_distribution.pkl
Initial validation of HMM grp0_redDsrJ
Finished HMM grp0_redDsrJ cutoffs: 168.2 168.2 168.2 and MCC: 1.0
Saved hit_id_distribution for grp0_redDsrJ to /home/tomohisa/Projects/HAMSTER/scripts/results/1744904029.452632_project/Initial_validation/grp0_redDsrJ/grp0_redDsrJ_hit_id_distribution.pkl
Initial validation of HMM lca_oxDsrB
Finished HMM lca_oxDsrA cutoffs: 436.1 436.1 436.1 and MCC: 1.0
Saved hit_id_distribution for lca_oxDsrA to /home/tomohisa/Projects/HAMSTER/scripts/results/1744904029.452632_project/Initial_validation/lca_oxDsrA/lca_oxDsrA_hit_id_distribution.pkl
Initial validation of HMM grp2_oxDsrP
Finished HMM grp0_redDsrA cutoffs: 477.3 477.3 477.3 and MCC: 1.0
Saved hit_id_distribution for grp0_redDsrA to /home/tomohisa/Projects/HAMSTER/scripts/results/1744904029.452632_project/Initial_validation/grp0_redDsrA/grp0_redDsrA_hit_id_distribution.pkl
Initial validation of HMM grp0_redDsrM
Finished HMM grp2_oxDsrA cutoffs: 436.1 436.1 436.1 and MCC: 1.0
Saved hit_id_distribution for grp2_oxDsrA to /home/tomohisa/Projects/HAMSTER/scripts/results/1744904029.452632_project/Initial_validation/grp2_oxDsrA/grp2_oxDsrA_hit_id_distribution.pkl
Initial validation of HMM grp0_oxDsrC
Finished HMM grp0_oxDsrC cutoffs: 194.5 -inf 187.8 and MCC: 0.9793103448275862
Saved hit_id_distribution for grp0_oxDsrC to /home/tomohisa/Projects/HAMSTER/scripts/results/1744904029.452632_project/Initial_validation/grp0_oxDsrC/grp0_oxDsrC_hit_id_distribution.pkl
Initial validation of HMM grp0_oxDsrN
Finished HMM grp0_redDsrM cutoffs: 528.7 545.3 528.7 and MCC: 0.948042944755782
Saved hit_id_distribution for grp0_redDsrM to /home/tomohisa/Projects/HAMSTER/scripts/results/1744904029.452632_project/Initial_validation/grp0_redDsrM/grp0_redDsrM_hit_id_distribution.pkl
Initial validation of HMM grp1_redDsrP
Finished HMM lca_oxDsrK cutoffs: 495.9 549.4 444.3 and MCC: 0.9358120198142049
Saved hit_id_distribution for lca_oxDsrK to /home/tomohisa/Projects/HAMSTER/scripts/results/1744904029.452632_project/Initial_validation/lca_oxDsrK/lca_oxDsrK_hit_id_distribution.pkl
Initial validation of HMM grp2_DsrL
Finished HMM lca_oxDsrB cutoffs: 418.1 418.1 418.1 and MCC: 1.0
Saved hit_id_distribution for lca_oxDsrB to /home/tomohisa/Projects/HAMSTER/scripts/results/1744904029.452632_project/Initial_validation/lca_oxDsrB/lca_oxDsrB_hit_id_distribution.pkl
Initial validation of HMM grp0_DsrH
Finished HMM grp2_oxDsrP cutoffs: 424.3 424.3 424.3 and MCC: 1.0
Saved hit_id_distribution for grp2_oxDsrP to /home/tomohisa/Projects/HAMSTER/scripts/results/1744904029.452632_project/Initial_validation/grp2_oxDsrP/grp2_oxDsrP_hit_id_distribution.pkl
Initial validation of HMM grp2_oxDsrC
Finished HMM grp0_DsrH cutoffs: 137.8 137.8 137.8 and MCC: 1.0
Saved hit_id_distribution for grp0_DsrH to /home/tomohisa/Projects/HAMSTER/scripts/results/1744904029.452632_project/Initial_validation/grp0_DsrH/grp0_DsrH_hit_id_distribution.pkl
Initial validation of HMM lca_DsrH
Finished HMM grp2_oxDsrC cutoffs: 174.7 -inf 174.7 and MCC: 0.9819266570786002
Finished HMM lca_DsrH cutoffs: 131.2 131.2 131.2 and MCC: 1.0
Saved hit_id_distribution for grp2_oxDsrC to /home/tomohisa/Projects/HAMSTER/scripts/results/1744904029.452632_project/Initial_validation/grp2_oxDsrC/grp2_oxDsrC_hit_id_distribution.pkl
Saved hit_id_distribution for lca_DsrH to /home/tomohisa/Projects/HAMSTER/scripts/results/1744904029.452632_project/Initial_validation/lca_DsrH/lca_DsrH_hit_id_distribution.pkl
Initial validation of HMM grp2_DsrE
Initial validation of HMM grp2_redDsrJ
Finished HMM grp2_redDsrJ cutoffs: 166.3 166.3 166.3 and MCC: 1.0
Saved hit_id_distribution for grp2_redDsrJ to /home/tomohisa/Projects/HAMSTER/scripts/results/1744904029.452632_project/Initial_validation/grp2_redDsrJ/grp2_redDsrJ_hit_id_distribution.pkl
Initial validation of HMM grp1_redDsrO
Finished HMM grp2_DsrE cutoffs: 186.1 186.1 186.1 and MCC: 1.0
Saved hit_id_distribution for grp2_DsrE to /home/tomohisa/Projects/HAMSTER/scripts/results/1744904029.452632_project/Initial_validation/grp2_DsrE/grp2_DsrE_hit_id_distribution.pkl
Initial validation of HMM grp1_redDsrM
Finished HMM grp1_redDsrP cutoffs: 326.1 326.1 326.1 and MCC: 1.0
Saved hit_id_distribution for grp1_redDsrP to /home/tomohisa/Projects/HAMSTER/scripts/results/1744904029.452632_project/Initial_validation/grp1_redDsrP/grp1_redDsrP_hit_id_distribution.pkl
Initial validation of HMM grp1_DsrF
Finished HMM grp1_DsrF cutoffs: 154.0 154.0 154.0 and MCC: 1.0
Saved hit_id_distribution for grp1_DsrF to /home/tomohisa/Projects/HAMSTER/scripts/results/1744904029.452632_project/Initial_validation/grp1_DsrF/grp1_DsrF_hit_id_distribution.pkl
Initial validation of HMM lca_oxDsrC
Finished HMM grp1_redDsrM cutoffs: 521.5 521.5 521.5 and MCC: 1.0
Saved hit_id_distribution for grp1_redDsrM to /home/tomohisa/Projects/HAMSTER/scripts/results/1744904029.452632_project/Initial_validation/grp1_redDsrM/grp1_redDsrM_hit_id_distribution.pkl
Initial validation of HMM grp2_oxDsrB
Finished HMM lca_oxDsrC cutoffs: 170.5 -inf 170.5 and MCC: 0.9921631342707371
Saved hit_id_distribution for lca_oxDsrC to /home/tomohisa/Projects/HAMSTER/scripts/results/1744904029.452632_project/Initial_validation/lca_oxDsrC/lca_oxDsrC_hit_id_distribution.pkl
Initial validation of HMM grp2_redDsrB
Finished HMM grp2_redDsrB cutoffs: 505.5 505.5 505.5 and MCC: 1.0
Saved hit_id_distribution for grp2_redDsrB to /home/tomohisa/Projects/HAMSTER/scripts/results/1744904029.452632_project/Initial_validation/grp2_redDsrB/grp2_redDsrB_hit_id_distribution.pkl
Initial validation of HMM lca_oxDsrJ
Finished HMM lca_oxDsrJ cutoffs: 181.4 181.4 181.4 and MCC: 1.0
Saved hit_id_distribution for lca_oxDsrJ to /home/tomohisa/Projects/HAMSTER/scripts/results/1744904029.452632_project/Initial_validation/lca_oxDsrJ/lca_oxDsrJ_hit_id_distribution.pkl
Finished HMM grp0_oxDsrN cutoffs: 587.5 729.2 587.5 and MCC: 0.9569966696441937
Saved hit_id_distribution for grp0_oxDsrN to /home/tomohisa/Projects/HAMSTER/scripts/results/1744904029.452632_project/Initial_validation/grp0_oxDsrN/grp0_oxDsrN_hit_id_distribution.pkl
Initial validation of HMM grp2_redDsrM
Finished HMM grp2_oxDsrB cutoffs: 416.4 416.4 416.4 and MCC: 1.0
Saved hit_id_distribution for grp2_oxDsrB to /home/tomohisa/Projects/HAMSTER/scripts/results/1744904029.452632_project/Initial_validation/grp2_oxDsrB/grp2_oxDsrB_hit_id_distribution.pkl
Finished HMM grp2_redDsrM cutoffs: 521.5 521.5 521.5 and MCC: 1.0
Saved hit_id_distribution for grp2_redDsrM to /home/tomohisa/Projects/HAMSTER/scripts/results/1744904029.452632_project/Initial_validation/grp2_redDsrM/grp2_redDsrM_hit_id_distribution.pkl
Initial validation of HMM lca_oxDsrO
Finished HMM grp1_redDsrO cutoffs: 357.2 357.2 357.2 and MCC: 1.0
Saved hit_id_distribution for grp1_redDsrO to /home/tomohisa/Projects/HAMSTER/scripts/results/1744904029.452632_project/Initial_validation/grp1_redDsrO/grp1_redDsrO_hit_id_distribution.pkl
Initial validation of HMM grp1_oxDsrA
Finished HMM lca_oxDsrO cutoffs: 232.2 232.2 195.3 and MCC: 0.9304337261619144
Saved hit_id_distribution for lca_oxDsrO to /home/tomohisa/Projects/HAMSTER/scripts/results/1744904029.452632_project/Initial_validation/lca_oxDsrO/lca_oxDsrO_hit_id_distribution.pkl
Finished HMM lca_DsrL cutoffs: 483.8 542.7 425.8 and MCC: 0.9066723034993818
Saved hit_id_distribution for lca_DsrL to /home/tomohisa/Projects/HAMSTER/scripts/results/1744904029.452632_project/Initial_validation/lca_DsrL/lca_DsrL_hit_id_distribution.pkl
Initial validation of HMM grp0_oxDsrB
Finished HMM grp1_oxDsrA cutoffs: 436.1 436.1 436.1 and MCC: 1.0
Saved hit_id_distribution for grp1_oxDsrA to /home/tomohisa/Projects/HAMSTER/scripts/results/1744904029.452632_project/Initial_validation/grp1_oxDsrA/grp1_oxDsrA_hit_id_distribution.pkl
Finished HMM grp0_oxDsrB cutoffs: 416.6 416.6 416.6 and MCC: 1.0
Saved hit_id_distribution for grp0_oxDsrB to /home/tomohisa/Projects/HAMSTER/scripts/results/1744904029.452632_project/Initial_validation/grp0_oxDsrB/grp0_oxDsrB_hit_id_distribution.pkl
Finished HMM grp1_DsrL cutoffs: 490.8 532.8 383.8 and MCC: 0.9315707215333451
Saved hit_id_distribution for grp1_DsrL to /home/tomohisa/Projects/HAMSTER/scripts/results/1744904029.452632_project/Initial_validation/grp1_DsrL/grp1_DsrL_hit_id_distribution.pkl
Initial validation of HMM grp2_TusA
Finished HMM grp2_TusA cutoffs: 172.8 172.8 172.8 and MCC: 1.0
Saved hit_id_distribution for grp2_TusA to /home/tomohisa/Projects/HAMSTER/scripts/results/1744904029.452632_project/Initial_validation/grp2_TusA/grp2_TusA_hit_id_distribution.pkl
Initial validation of HMM grp1_DsrE
Finished HMM grp1_DsrE cutoffs: 186.1 186.1 186.1 and MCC: 1.0
Saved hit_id_distribution for grp1_DsrE to /home/tomohisa/Projects/HAMSTER/scripts/results/1744904029.452632_project/Initial_validation/grp1_DsrE/grp1_DsrE_hit_id_distribution.pkl
Finished HMM grp0_DsrL cutoffs: 943.7 1146.1 460.6 and MCC: 0.9596022976228231
Saved hit_id_distribution for grp0_DsrL to /home/tomohisa/Projects/HAMSTER/scripts/results/1744904029.452632_project/Initial_validation/grp0_DsrL/grp0_DsrL_hit_id_distribution.pkl
Initial validation of HMM grp1_oxDsrK
Finished HMM grp2_DsrL cutoffs: 19.2 667.0 476.2 and MCC: 0.869066421499496
Saved hit_id_distribution for grp2_DsrL to /home/tomohisa/Projects/HAMSTER/scripts/results/1744904029.452632_project/Initial_validation/grp2_DsrL/grp2_DsrL_hit_id_distribution.pkl
Initial validation of HMM grp2_redDsrP
Finished HMM grp2_redDsrP cutoffs: 335.0 335.0 335.0 and MCC: 1.0
Saved hit_id_distribution for grp2_redDsrP to /home/tomohisa/Projects/HAMSTER/scripts/results/1744904029.452632_project/Initial_validation/grp2_redDsrP/grp2_redDsrP_hit_id_distribution.pkl
Finished HMM grp1_oxDsrK cutoffs: 506.0 551.1 445.3 and MCC: 0.9358120198142049
Saved hit_id_distribution for grp1_oxDsrK to /home/tomohisa/Projects/HAMSTER/scripts/results/1744904029.452632_project/Initial_validation/grp1_oxDsrK/grp1_oxDsrK_hit_id_distribution.pkl
Initial validation of HMM lca_TusA
Finished HMM lca_TusA cutoffs: 172.3 172.3 172.3 and MCC: 1.0
Saved hit_id_distribution for lca_TusA to /home/tomohisa/Projects/HAMSTER/scripts/results/1744904029.452632_project/Initial_validation/lca_TusA/lca_TusA_hit_id_distribution.pkl
Filter HMMs by performance MCC >0.8 and prepare for cross-validation
Cross-validation initilized
Cross-validation of HMM lca_redDsrM
Cross-validation of HMM grp2_oxDsrJ
Cross-validation of HMM sng0_TusA
Cross-validation of HMM lca_DsrE
Cross-validation of HMM grp2_redDsrK
Cross-validation of HMM grp2_DsrH
Cross-validation of HMM lca_oxDsrN
Cross-validation of HMM grp2_TusA
Running hmmbuild for training_data_1.cv -> /home/tomohisa/Projects/HAMSTER/scripts/results/1744904029.452632_project/Cross_validation/lca_redDsrM/training_data_1.hmm_cv
Running hmmbuild for training_data_1.cv -> /home/tomohisa/Projects/HAMSTER/scripts/results/1744904029.452632_project/Cross_validation/sng0_TusA/training_data_1.hmm_cv
Running hmmbuild for training_data_1.cv -> /home/tomohisa/Projects/HAMSTER/scripts/results/1744904029.452632_project/Cross_validation/grp2_oxDsrJ/training_data_1.hmm_cv
Running hmmbuild for training_data_1.cv -> /home/tomohisa/Projects/HAMSTER/scripts/results/1744904029.452632_project/Cross_validation/grp2_DsrH/training_data_1.hmm_cv
Running hmmbuild for training_data_1.cv -> /home/tomohisa/Projects/HAMSTER/scripts/results/1744904029.452632_project/Cross_validation/grp2_TusA/training_data_1.hmm_cv
Running hmmbuild for training_data_1.cv -> /home/tomohisa/Projects/HAMSTER/scripts/results/1744904029.452632_project/Cross_validation/lca_DsrE/training_data_1.hmm_cv
Running hmmbuild for training_data_1.cv -> /home/tomohisa/Projects/HAMSTER/scripts/results/1744904029.452632_project/Cross_validation/grp2_redDsrK/training_data_1.hmm_cv
Running hmmbuild for training_data_1.cv -> /home/tomohisa/Projects/HAMSTER/scripts/results/1744904029.452632_project/Cross_validation/lca_oxDsrN/training_data_1.hmm_cv
Running hmmbuild for training_data_0.cv -> /home/tomohisa/Projects/HAMSTER/scripts/results/1744904029.452632_project/Cross_validation/sng0_TusA/training_data_0.hmm_cv
Running hmmbuild for training_data_0.cv -> /home/tomohisa/Projects/HAMSTER/scripts/results/1744904029.452632_project/Cross_validation/grp2_DsrH/training_data_0.hmm_cv
Running hmmbuild for training_data_0.cv -> /home/tomohisa/Projects/HAMSTER/scripts/results/1744904029.452632_project/Cross_validation/grp2_TusA/training_data_0.hmm_cv
Running hmmbuild for training_data_4.cv -> /home/tomohisa/Projects/HAMSTER/scripts/results/1744904029.452632_project/Cross_validation/sng0_TusA/training_data_4.hmm_cv
Running hmmbuild for training_data_0.cv -> /home/tomohisa/Projects/HAMSTER/scripts/results/1744904029.452632_project/Cross_validation/grp2_oxDsrJ/training_data_0.hmm_cv
Running hmmbuild for training_data_2.cv -> /home/tomohisa/Projects/HAMSTER/scripts/results/1744904029.452632_project/Cross_validation/sng0_TusA/training_data_2.hmm_cv
Running hmmbuild for training_data_0.cv -> /home/tomohisa/Projects/HAMSTER/scripts/results/1744904029.452632_project/Cross_validation/lca_DsrE/training_data_0.hmm_cv
Running hmmbuild for training_data_4.cv -> /home/tomohisa/Projects/HAMSTER/scripts/results/1744904029.452632_project/Cross_validation/grp2_TusA/training_data_4.hmm_cv
Running hmmbuild for training_data_3.cv -> /home/tomohisa/Projects/HAMSTER/scripts/results/1744904029.452632_project/Cross_validation/sng0_TusA/training_data_3.hmm_cv
Running hmmbuild for training_data_4.cv -> /home/tomohisa/Projects/HAMSTER/scripts/results/1744904029.452632_project/Cross_validation/grp2_DsrH/training_data_4.hmm_cv
Running hmmbuild for training_data_4.cv -> /home/tomohisa/Projects/HAMSTER/scripts/results/1744904029.452632_project/Cross_validation/grp2_oxDsrJ/training_data_4.hmm_cv
Running hmmbuild for training_data_2.cv -> /home/tomohisa/Projects/HAMSTER/scripts/results/1744904029.452632_project/Cross_validation/grp2_TusA/training_data_2.hmm_cv
Running hmmbuild for training_data_4.cv -> /home/tomohisa/Projects/HAMSTER/scripts/results/1744904029.452632_project/Cross_validation/lca_DsrE/training_data_4.hmm_cv
Cross-validation of HMM lca_DsrE2
Running hmmbuild for training_data_1.cv -> /home/tomohisa/Projects/HAMSTER/scripts/results/1744904029.452632_project/Cross_validation/lca_DsrE2/training_data_1.hmm_cv
Running hmmbuild for training_data_2.cv -> /home/tomohisa/Projects/HAMSTER/scripts/results/1744904029.452632_project/Cross_validation/grp2_oxDsrJ/training_data_2.hmm_cv
Running hmmbuild for training_data_3.cv -> /home/tomohisa/Projects/HAMSTER/scripts/results/1744904029.452632_project/Cross_validation/grp2_TusA/training_data_3.hmm_cv
Running hmmbuild for training_data_2.cv -> /home/tomohisa/Projects/HAMSTER/scripts/results/1744904029.452632_project/Cross_validation/grp2_DsrH/training_data_2.hmm_cv
Running hmmbuild for training_data_0.cv -> /home/tomohisa/Projects/HAMSTER/scripts/results/1744904029.452632_project/Cross_validation/lca_redDsrM/training_data_0.hmm_cv
Running hmmbuild for training_data_2.cv -> /home/tomohisa/Projects/HAMSTER/scripts/results/1744904029.452632_project/Cross_validation/lca_DsrE/training_data_2.hmm_cv
Cross-validation of HMM grp1_DsrE
Running hmmbuild for training_data_1.cv -> /home/tomohisa/Projects/HAMSTER/scripts/results/1744904029.452632_project/Cross_validation/grp1_DsrE/training_data_1.hmm_cv
Running hmmbuild for training_data_3.cv -> /home/tomohisa/Projects/HAMSTER/scripts/results/1744904029.452632_project/Cross_validation/grp2_oxDsrJ/training_data_3.hmm_cv
Running hmmbuild for training_data_3.cv -> /home/tomohisa/Projects/HAMSTER/scripts/results/1744904029.452632_project/Cross_validation/grp2_DsrH/training_data_3.hmm_cv
Running hmmbuild for training_data_0.cv -> /home/tomohisa/Projects/HAMSTER/scripts/results/1744904029.452632_project/Cross_validation/lca_DsrE2/training_data_0.hmm_cv
Running hmmbuild for training_data_0.cv -> /home/tomohisa/Projects/HAMSTER/scripts/results/1744904029.452632_project/Cross_validation/lca_oxDsrN/training_data_0.hmm_cv
Running hmmbuild for training_data_0.cv -> /home/tomohisa/Projects/HAMSTER/scripts/results/1744904029.452632_project/Cross_validation/grp2_redDsrK/training_data_0.hmm_cv
Running hmmbuild for training_data_3.cv -> /home/tomohisa/Projects/HAMSTER/scripts/results/1744904029.452632_project/Cross_validation/lca_DsrE/training_data_3.hmm_cv
Running hmmbuild for training_data_0.cv -> /home/tomohisa/Projects/HAMSTER/scripts/results/1744904029.452632_project/Cross_validation/grp1_DsrE/training_data_0.hmm_cv
Cross-validation of HMM grp2_redDsrO
Running hmmbuild for training_data_1.cv -> /home/tomohisa/Projects/HAMSTER/scripts/results/1744904029.452632_project/Cross_validation/grp2_redDsrO/training_data_1.hmm_cv
Cross-validation of HMM grp0_oxDsrP
Running hmmbuild for training_data_1.cv -> /home/tomohisa/Projects/HAMSTER/scripts/results/1744904029.452632_project/Cross_validation/grp0_oxDsrP/training_data_1.hmm_cv
Running hmmbuild for training_data_4.cv -> /home/tomohisa/Projects/HAMSTER/scripts/results/1744904029.452632_project/Cross_validation/lca_redDsrM/training_data_4.hmm_cv
Running hmmbuild for training_data_4.cv -> /home/tomohisa/Projects/HAMSTER/scripts/results/1744904029.452632_project/Cross_validation/lca_DsrE2/training_data_4.hmm_cv
Running hmmbuild for training_data_4.cv -> /home/tomohisa/Projects/HAMSTER/scripts/results/1744904029.452632_project/Cross_validation/grp1_DsrE/training_data_4.hmm_cv
Running hmmbuild for training_data_0.cv -> /home/tomohisa/Projects/HAMSTER/scripts/results/1744904029.452632_project/Cross_validation/grp2_redDsrO/training_data_0.hmm_cv
Running hmmbuild for training_data_2.cv -> /home/tomohisa/Projects/HAMSTER/scripts/results/1744904029.452632_project/Cross_validation/lca_DsrE2/training_data_2.hmm_cv
Running hmmbuild for training_data_0.cv -> /home/tomohisa/Projects/HAMSTER/scripts/results/1744904029.452632_project/Cross_validation/grp0_oxDsrP/training_data_0.hmm_cv
Running hmmbuild for training_data_2.cv -> /home/tomohisa/Projects/HAMSTER/scripts/results/1744904029.452632_project/Cross_validation/grp1_DsrE/training_data_2.hmm_cv
Cross-validation of HMM grp1_TusA
Running hmmbuild for training_data_1.cv -> /home/tomohisa/Projects/HAMSTER/scripts/results/1744904029.452632_project/Cross_validation/grp1_TusA/training_data_1.hmm_cv
Running hmmbuild for training_data_0.cv -> /home/tomohisa/Projects/HAMSTER/scripts/results/1744904029.452632_project/Cross_validation/grp1_TusA/training_data_0.hmm_cv
Running hmmbuild for training_data_2.cv -> /home/tomohisa/Projects/HAMSTER/scripts/results/1744904029.452632_project/Cross_validation/lca_redDsrM/training_data_2.hmm_cv
Running hmmbuild for training_data_3.cv -> /home/tomohisa/Projects/HAMSTER/scripts/results/1744904029.452632_project/Cross_validation/lca_DsrE2/training_data_3.hmm_cv
Running hmmbuild for training_data_4.cv -> /home/tomohisa/Projects/HAMSTER/scripts/results/1744904029.452632_project/Cross_validation/grp1_TusA/training_data_4.hmm_cv
Running hmmbuild for training_data_4.cv -> /home/tomohisa/Projects/HAMSTER/scripts/results/1744904029.452632_project/Cross_validation/grp2_redDsrO/training_data_4.hmm_cv
Running hmmbuild for training_data_4.cv -> /home/tomohisa/Projects/HAMSTER/scripts/results/1744904029.452632_project/Cross_validation/lca_oxDsrN/training_data_4.hmm_cv
Running hmmbuild for training_data_3.cv -> /home/tomohisa/Projects/HAMSTER/scripts/results/1744904029.452632_project/Cross_validation/grp1_DsrE/training_data_3.hmm_cv
Running hmmbuild for training_data_4.cv -> /home/tomohisa/Projects/HAMSTER/scripts/results/1744904029.452632_project/Cross_validation/grp0_oxDsrP/training_data_4.hmm_cv
Running hmmbuild for training_data_4.cv -> /home/tomohisa/Projects/HAMSTER/scripts/results/1744904029.452632_project/Cross_validation/grp2_redDsrK/training_data_4.hmm_cv
Running hmmbuild for training_data_2.cv -> /home/tomohisa/Projects/HAMSTER/scripts/results/1744904029.452632_project/Cross_validation/grp1_TusA/training_data_2.hmm_cv
Running hmmbuild for training_data_3.cv -> /home/tomohisa/Projects/HAMSTER/scripts/results/1744904029.452632_project/Cross_validation/grp1_TusA/training_data_3.hmm_cv
Running hmmbuild for training_data_3.cv -> /home/tomohisa/Projects/HAMSTER/scripts/results/1744904029.452632_project/Cross_validation/lca_redDsrM/training_data_3.hmm_cv
Cross-validation of HMM grp1_DsrR
Running hmmbuild for training_data_1.cv -> /home/tomohisa/Projects/HAMSTER/scripts/results/1744904029.452632_project/Cross_validation/grp1_DsrR/training_data_1.hmm_cv
Running hmmbuild for training_data_2.cv -> /home/tomohisa/Projects/HAMSTER/scripts/results/1744904029.452632_project/Cross_validation/grp2_redDsrO/training_data_2.hmm_cv
Cross-validation of HMM grp0_oxDsrJ
Running hmmbuild for training_data_1.cv -> /home/tomohisa/Projects/HAMSTER/scripts/results/1744904029.452632_project/Cross_validation/grp0_oxDsrJ/training_data_1.hmm_cv
Running hmmbuild for training_data_0.cv -> /home/tomohisa/Projects/HAMSTER/scripts/results/1744904029.452632_project/Cross_validation/grp1_DsrR/training_data_0.hmm_cv
Cross-validation of HMM grp1_oxDsrB
Running hmmbuild for training_data_1.cv -> /home/tomohisa/Projects/HAMSTER/scripts/results/1744904029.452632_project/Cross_validation/grp1_oxDsrB/training_data_1.hmm_cv
Running hmmbuild for training_data_4.cv -> /home/tomohisa/Projects/HAMSTER/scripts/results/1744904029.452632_project/Cross_validation/grp1_DsrR/training_data_4.hmm_cv
Running hmmbuild for training_data_2.cv -> /home/tomohisa/Projects/HAMSTER/scripts/results/1744904029.452632_project/Cross_validation/grp1_DsrR/training_data_2.hmm_cv
Running hmmbuild for training_data_2.cv -> /home/tomohisa/Projects/HAMSTER/scripts/results/1744904029.452632_project/Cross_validation/grp0_oxDsrP/training_data_2.hmm_cv
Running hmmbuild for training_data_0.cv -> /home/tomohisa/Projects/HAMSTER/scripts/results/1744904029.452632_project/Cross_validation/grp0_oxDsrJ/training_data_0.hmm_cv
Running hmmbuild for training_data_2.cv -> /home/tomohisa/Projects/HAMSTER/scripts/results/1744904029.452632_project/Cross_validation/lca_oxDsrN/training_data_2.hmm_cv
Running hmmbuild for training_data_3.cv -> /home/tomohisa/Projects/HAMSTER/scripts/results/1744904029.452632_project/Cross_validation/grp2_redDsrO/training_data_3.hmm_cv
Running hmmbuild for training_data_3.cv -> /home/tomohisa/Projects/HAMSTER/scripts/results/1744904029.452632_project/Cross_validation/grp1_DsrR/training_data_3.hmm_cv
Running hmmbuild for training_data_2.cv -> /home/tomohisa/Projects/HAMSTER/scripts/results/1744904029.452632_project/Cross_validation/grp2_redDsrK/training_data_2.hmm_cv
Running hmmbuild for training_data_4.cv -> /home/tomohisa/Projects/HAMSTER/scripts/results/1744904029.452632_project/Cross_validation/grp0_oxDsrJ/training_data_4.hmm_cv
Cross-validation of HMM grp1_redDsrB
Running hmmbuild for training_data_1.cv -> /home/tomohisa/Projects/HAMSTER/scripts/results/1744904029.452632_project/Cross_validation/grp1_redDsrB/training_data_1.hmm_cv
Running hmmbuild for training_data_2.cv -> /home/tomohisa/Projects/HAMSTER/scripts/results/1744904029.452632_project/Cross_validation/grp0_oxDsrJ/training_data_2.hmm_cv
Running hmmbuild for training_data_0.cv -> /home/tomohisa/Projects/HAMSTER/scripts/results/1744904029.452632_project/Cross_validation/grp1_oxDsrB/training_data_0.hmm_cv
Cross-validation of HMM grp2_DsrR
Running hmmbuild for training_data_1.cv -> /home/tomohisa/Projects/HAMSTER/scripts/results/1744904029.452632_project/Cross_validation/grp2_DsrR/training_data_1.hmm_cv
Running hmmbuild for training_data_3.cv -> /home/tomohisa/Projects/HAMSTER/scripts/results/1744904029.452632_project/Cross_validation/grp0_oxDsrP/training_data_3.hmm_cv
Running hmmbuild for training_data_0.cv -> /home/tomohisa/Projects/HAMSTER/scripts/results/1744904029.452632_project/Cross_validation/grp1_redDsrB/training_data_0.hmm_cv
Running hmmbuild for training_data_0.cv -> /home/tomohisa/Projects/HAMSTER/scripts/results/1744904029.452632_project/Cross_validation/grp2_DsrR/training_data_0.hmm_cv
Running hmmbuild for training_data_3.cv -> /home/tomohisa/Projects/HAMSTER/scripts/results/1744904029.452632_project/Cross_validation/grp0_oxDsrJ/training_data_3.hmm_cv
Running hmmbuild for training_data_3.cv -> /home/tomohisa/Projects/HAMSTER/scripts/results/1744904029.452632_project/Cross_validation/lca_oxDsrN/training_data_3.hmm_cv
Running hmmbuild for training_data_4.cv -> /home/tomohisa/Projects/HAMSTER/scripts/results/1744904029.452632_project/Cross_validation/grp2_DsrR/training_data_4.hmm_cv
Running hmmbuild for training_data_4.cv -> /home/tomohisa/Projects/HAMSTER/scripts/results/1744904029.452632_project/Cross_validation/grp1_redDsrB/training_data_4.hmm_cv
Running hmmbuild for training_data_3.cv -> /home/tomohisa/Projects/HAMSTER/scripts/results/1744904029.452632_project/Cross_validation/grp2_redDsrK/training_data_3.hmm_cv
Running hmmbuild for training_data_2.cv -> /home/tomohisa/Projects/HAMSTER/scripts/results/1744904029.452632_project/Cross_validation/grp2_DsrR/training_data_2.hmm_cv
Running hmmbuild for training_data_4.cv -> /home/tomohisa/Projects/HAMSTER/scripts/results/1744904029.452632_project/Cross_validation/grp1_oxDsrB/training_data_4.hmm_cv
Cross-validation of HMM lca_redDsrB
Running hmmbuild for training_data_1.cv -> /home/tomohisa/Projects/HAMSTER/scripts/results/1744904029.452632_project/Cross_validation/lca_redDsrB/training_data_1.hmm_cv
Running hmmbuild for training_data_3.cv -> /home/tomohisa/Projects/HAMSTER/scripts/results/1744904029.452632_project/Cross_validation/grp2_DsrR/training_data_3.hmm_cv
Running hmmbuild for training_data_2.cv -> /home/tomohisa/Projects/HAMSTER/scripts/results/1744904029.452632_project/Cross_validation/grp1_redDsrB/training_data_2.hmm_cv
Cross-validation of HMM grp1_oxDsrM
Running hmmbuild for training_data_1.cv -> /home/tomohisa/Projects/HAMSTER/scripts/results/1744904029.452632_project/Cross_validation/grp1_oxDsrM/training_data_1.hmm_cv
Running hmmbuild for training_data_0.cv -> /home/tomohisa/Projects/HAMSTER/scripts/results/1744904029.452632_project/Cross_validation/lca_redDsrB/training_data_0.hmm_cv
Running hmmbuild for training_data_3.cv -> /home/tomohisa/Projects/HAMSTER/scripts/results/1744904029.452632_project/Cross_validation/grp1_redDsrB/training_data_3.hmm_cv
Running hmmbuild for training_data_2.cv -> /home/tomohisa/Projects/HAMSTER/scripts/results/1744904029.452632_project/Cross_validation/grp1_oxDsrB/training_data_2.hmm_cv
Running hmmbuild for training_data_4.cv -> /home/tomohisa/Projects/HAMSTER/scripts/results/1744904029.452632_project/Cross_validation/lca_redDsrB/training_data_4.hmm_cv
Running hmmbuild for training_data_0.cv -> /home/tomohisa/Projects/HAMSTER/scripts/results/1744904029.452632_project/Cross_validation/grp1_oxDsrM/training_data_0.hmm_cv
Running hmmbuild for training_data_4.cv -> /home/tomohisa/Projects/HAMSTER/scripts/results/1744904029.452632_project/Cross_validation/grp1_oxDsrM/training_data_4.hmm_cv
Running hmmbuild for training_data_3.cv -> /home/tomohisa/Projects/HAMSTER/scripts/results/1744904029.452632_project/Cross_validation/grp1_oxDsrB/training_data_3.hmm_cv
Running hmmbuild for training_data_2.cv -> /home/tomohisa/Projects/HAMSTER/scripts/results/1744904029.452632_project/Cross_validation/lca_redDsrB/training_data_2.hmm_cv
Running hmmbuild for training_data_2.cv -> /home/tomohisa/Projects/HAMSTER/scripts/results/1744904029.452632_project/Cross_validation/grp1_oxDsrM/training_data_2.hmm_cv
Running hmmbuild for training_data_3.cv -> /home/tomohisa/Projects/HAMSTER/scripts/results/1744904029.452632_project/Cross_validation/grp1_oxDsrM/training_data_3.hmm_cv
Cross-validation of HMM grp1_oxDsrO
Running hmmbuild for training_data_1.cv -> /home/tomohisa/Projects/HAMSTER/scripts/results/1744904029.452632_project/Cross_validation/grp1_oxDsrO/training_data_1.hmm_cv
Running hmmbuild for training_data_3.cv -> /home/tomohisa/Projects/HAMSTER/scripts/results/1744904029.452632_project/Cross_validation/lca_redDsrB/training_data_3.hmm_cv
Running hmmbuild for training_data_0.cv -> /home/tomohisa/Projects/HAMSTER/scripts/results/1744904029.452632_project/Cross_validation/grp1_oxDsrO/training_data_0.hmm_cv
Cross-validation of HMM grp2_redDsrA
Running hmmbuild for training_data_1.cv -> /home/tomohisa/Projects/HAMSTER/scripts/results/1744904029.452632_project/Cross_validation/grp2_redDsrA/training_data_1.hmm_cv
Running hmmbuild for training_data_4.cv -> /home/tomohisa/Projects/HAMSTER/scripts/results/1744904029.452632_project/Cross_validation/grp1_oxDsrO/training_data_4.hmm_cv
Running hmmbuild for training_data_2.cv -> /home/tomohisa/Projects/HAMSTER/scripts/results/1744904029.452632_project/Cross_validation/grp1_oxDsrO/training_data_2.hmm_cv
Cross-validation of HMM lca_redDsrK
Running hmmbuild for training_data_1.cv -> /home/tomohisa/Projects/HAMSTER/scripts/results/1744904029.452632_project/Cross_validation/lca_redDsrK/training_data_1.hmm_cv
Running hmmbuild for training_data_0.cv -> /home/tomohisa/Projects/HAMSTER/scripts/results/1744904029.452632_project/Cross_validation/grp2_redDsrA/training_data_0.hmm_cv
Running hmmbuild for training_data_3.cv -> /home/tomohisa/Projects/HAMSTER/scripts/results/1744904029.452632_project/Cross_validation/grp1_oxDsrO/training_data_3.hmm_cv
Cross-validation of HMM grp0_oxDsrM
Running hmmbuild for training_data_1.cv -> /home/tomohisa/Projects/HAMSTER/scripts/results/1744904029.452632_project/Cross_validation/grp0_oxDsrM/training_data_1.hmm_cv
Running hmmbuild for training_data_0.cv -> /home/tomohisa/Projects/HAMSTER/scripts/results/1744904029.452632_project/Cross_validation/grp0_oxDsrM/training_data_0.hmm_cv
Running hmmbuild for training_data_4.cv -> /home/tomohisa/Projects/HAMSTER/scripts/results/1744904029.452632_project/Cross_validation/grp2_redDsrA/training_data_4.hmm_cv
Running hmmbuild for training_data_0.cv -> /home/tomohisa/Projects/HAMSTER/scripts/results/1744904029.452632_project/Cross_validation/lca_redDsrK/training_data_0.hmm_cv
Cross-validation of HMM sng0_DsrE2
Running hmmbuild for training_data_1.cv -> /home/tomohisa/Projects/HAMSTER/scripts/results/1744904029.452632_project/Cross_validation/sng0_DsrE2/training_data_1.hmm_cv
Running hmmbuild for training_data_4.cv -> /home/tomohisa/Projects/HAMSTER/scripts/results/1744904029.452632_project/Cross_validation/grp0_oxDsrM/training_data_4.hmm_cv
Running hmmbuild for training_data_0.cv -> /home/tomohisa/Projects/HAMSTER/scripts/results/1744904029.452632_project/Cross_validation/sng0_DsrE2/training_data_0.hmm_cv
Cross-validation of HMM grp1_redDsrJ
Running hmmbuild for training_data_1.cv -> /home/tomohisa/Projects/HAMSTER/scripts/results/1744904029.452632_project/Cross_validation/grp1_redDsrJ/training_data_1.hmm_cv
Running hmmbuild for training_data_4.cv -> /home/tomohisa/Projects/HAMSTER/scripts/results/1744904029.452632_project/Cross_validation/sng0_DsrE2/training_data_4.hmm_cv
Running hmmbuild for training_data_0.cv -> /home/tomohisa/Projects/HAMSTER/scripts/results/1744904029.452632_project/Cross_validation/grp1_redDsrJ/training_data_0.hmm_cv
Running hmmbuild for training_data_2.cv -> /home/tomohisa/Projects/HAMSTER/scripts/results/1744904029.452632_project/Cross_validation/grp0_oxDsrM/training_data_2.hmm_cv
Running hmmbuild for training_data_4.cv -> /home/tomohisa/Projects/HAMSTER/scripts/results/1744904029.452632_project/Cross_validation/grp1_redDsrJ/training_data_4.hmm_cv
Running hmmbuild for training_data_2.cv -> /home/tomohisa/Projects/HAMSTER/scripts/results/1744904029.452632_project/Cross_validation/grp2_redDsrA/training_data_2.hmm_cv
Cross-validation of HMM grp0_redDsrB
Running hmmbuild for training_data_1.cv -> /home/tomohisa/Projects/HAMSTER/scripts/results/1744904029.452632_project/Cross_validation/grp0_redDsrB/training_data_1.hmm_cv
Running hmmbuild for training_data_2.cv -> /home/tomohisa/Projects/HAMSTER/scripts/results/1744904029.452632_project/Cross_validation/sng0_DsrE2/training_data_2.hmm_cv
Running hmmbuild for training_data_3.cv -> /home/tomohisa/Projects/HAMSTER/scripts/results/1744904029.452632_project/Cross_validation/grp0_oxDsrM/training_data_3.hmm_cv
Running hmmbuild for training_data_2.cv -> /home/tomohisa/Projects/HAMSTER/scripts/results/1744904029.452632_project/Cross_validation/grp1_redDsrJ/training_data_2.hmm_cv
Running hmmbuild for training_data_3.cv -> /home/tomohisa/Projects/HAMSTER/scripts/results/1744904029.452632_project/Cross_validation/sng0_DsrE2/training_data_3.hmm_cv
Running hmmbuild for training_data_0.cv -> /home/tomohisa/Projects/HAMSTER/scripts/results/1744904029.452632_project/Cross_validation/grp0_redDsrB/training_data_0.hmm_cv
Running hmmbuild for training_data_3.cv -> /home/tomohisa/Projects/HAMSTER/scripts/results/1744904029.452632_project/Cross_validation/grp1_redDsrJ/training_data_3.hmm_cv
Running hmmbuild for training_data_4.cv -> /home/tomohisa/Projects/HAMSTER/scripts/results/1744904029.452632_project/Cross_validation/lca_redDsrK/training_data_4.hmm_cv
Running hmmbuild for training_data_4.cv -> /home/tomohisa/Projects/HAMSTER/scripts/results/1744904029.452632_project/Cross_validation/grp0_redDsrB/training_data_4.hmm_cv
Running hmmbuild for training_data_3.cv -> /home/tomohisa/Projects/HAMSTER/scripts/results/1744904029.452632_project/Cross_validation/grp2_redDsrA/training_data_3.hmm_cv
Cross-validation of HMM grp2_oxDsrK
Running hmmbuild for training_data_1.cv -> /home/tomohisa/Projects/HAMSTER/scripts/results/1744904029.452632_project/Cross_validation/grp2_oxDsrK/training_data_1.hmm_cv
Running hmmbuild for training_data_2.cv -> /home/tomohisa/Projects/HAMSTER/scripts/results/1744904029.452632_project/Cross_validation/grp0_redDsrB/training_data_2.hmm_cv
Cross-validation of HMM lca_oxDsrM
Running hmmbuild for training_data_1.cv -> /home/tomohisa/Projects/HAMSTER/scripts/results/1744904029.452632_project/Cross_validation/lca_oxDsrM/training_data_1.hmm_cv
Running hmmbuild for training_data_2.cv -> /home/tomohisa/Projects/HAMSTER/scripts/results/1744904029.452632_project/Cross_validation/lca_redDsrK/training_data_2.hmm_cv
Running hmmbuild for training_data_3.cv -> /home/tomohisa/Projects/HAMSTER/scripts/results/1744904029.452632_project/Cross_validation/grp0_redDsrB/training_data_3.hmm_cv
Cross-validation of HMM grp1_oxDsrJ
Running hmmbuild for training_data_1.cv -> /home/tomohisa/Projects/HAMSTER/scripts/results/1744904029.452632_project/Cross_validation/grp1_oxDsrJ/training_data_1.hmm_cv
Cross-validation of HMM lca_DsrF
Running hmmbuild for training_data_1.cv -> /home/tomohisa/Projects/HAMSTER/scripts/results/1744904029.452632_project/Cross_validation/lca_DsrF/training_data_1.hmm_cv
Running hmmbuild for training_data_0.cv -> /home/tomohisa/Projects/HAMSTER/scripts/results/1744904029.452632_project/Cross_validation/lca_DsrF/training_data_0.hmm_cv
Running hmmbuild for training_data_0.cv -> /home/tomohisa/Projects/HAMSTER/scripts/results/1744904029.452632_project/Cross_validation/lca_oxDsrM/training_data_0.hmm_cv
Running hmmbuild for training_data_4.cv -> /home/tomohisa/Projects/HAMSTER/scripts/results/1744904029.452632_project/Cross_validation/lca_DsrF/training_data_4.hmm_cv
Running hmmbuild for training_data_0.cv -> /home/tomohisa/Projects/HAMSTER/scripts/results/1744904029.452632_project/Cross_validation/grp1_oxDsrJ/training_data_0.hmm_cv
Running hmmbuild for training_data_0.cv -> /home/tomohisa/Projects/HAMSTER/scripts/results/1744904029.452632_project/Cross_validation/grp2_oxDsrK/training_data_0.hmm_cv
Running hmmbuild for training_data_2.cv -> /home/tomohisa/Projects/HAMSTER/scripts/results/1744904029.452632_project/Cross_validation/lca_DsrF/training_data_2.hmm_cv
Running hmmbuild for training_data_4.cv -> /home/tomohisa/Projects/HAMSTER/scripts/results/1744904029.452632_project/Cross_validation/grp1_oxDsrJ/training_data_4.hmm_cv
Cross-validation of HMM grp0_DsrE
Running hmmbuild for training_data_1.cv -> /home/tomohisa/Projects/HAMSTER/scripts/results/1744904029.452632_project/Cross_validation/grp0_DsrE/training_data_1.hmm_cv
Running hmmbuild for training_data_3.cv -> /home/tomohisa/Projects/HAMSTER/scripts/results/1744904029.452632_project/Cross_validation/lca_DsrF/training_data_3.hmm_cv
Running hmmbuild for training_data_4.cv -> /home/tomohisa/Projects/HAMSTER/scripts/results/1744904029.452632_project/Cross_validation/lca_oxDsrM/training_data_4.hmm_cv
Running hmmbuild for training_data_0.cv -> /home/tomohisa/Projects/HAMSTER/scripts/results/1744904029.452632_project/Cross_validation/grp0_DsrE/training_data_0.hmm_cv
Running hmmbuild for training_data_2.cv -> /home/tomohisa/Projects/HAMSTER/scripts/results/1744904029.452632_project/Cross_validation/grp1_oxDsrJ/training_data_2.hmm_cv
Running hmmbuild for training_data_3.cv -> /home/tomohisa/Projects/HAMSTER/scripts/results/1744904029.452632_project/Cross_validation/grp1_oxDsrJ/training_data_3.hmm_cv
Running hmmbuild for training_data_3.cv -> /home/tomohisa/Projects/HAMSTER/scripts/results/1744904029.452632_project/Cross_validation/lca_redDsrK/training_data_3.hmm_cv
Running hmmbuild for training_data_4.cv -> /home/tomohisa/Projects/HAMSTER/scripts/results/1744904029.452632_project/Cross_validation/grp0_DsrE/training_data_4.hmm_cv
Cross-validation of HMM lca_DsrL
Running hmmbuild for training_data_1.cv -> /home/tomohisa/Projects/HAMSTER/scripts/results/1744904029.452632_project/Cross_validation/lca_DsrL/training_data_1.hmm_cv
Cross-validation of HMM lca_redDsrP
Running hmmbuild for training_data_1.cv -> /home/tomohisa/Projects/HAMSTER/scripts/results/1744904029.452632_project/Cross_validation/lca_redDsrP/training_data_1.hmm_cv
Running hmmbuild for training_data_2.cv -> /home/tomohisa/Projects/HAMSTER/scripts/results/1744904029.452632_project/Cross_validation/lca_oxDsrM/training_data_2.hmm_cv
Cross-validation of HMM grp2_DsrE2
Running hmmbuild for training_data_1.cv -> /home/tomohisa/Projects/HAMSTER/scripts/results/1744904029.452632_project/Cross_validation/grp2_DsrE2/training_data_1.hmm_cv
Cross-validation of HMM grp0_TusA
Running hmmbuild for training_data_1.cv -> /home/tomohisa/Projects/HAMSTER/scripts/results/1744904029.452632_project/Cross_validation/grp0_TusA/training_data_1.hmm_cv
Running hmmbuild for training_data_2.cv -> /home/tomohisa/Projects/HAMSTER/scripts/results/1744904029.452632_project/Cross_validation/grp0_DsrE/training_data_2.hmm_cv
Running hmmbuild for training_data_0.cv -> /home/tomohisa/Projects/HAMSTER/scripts/results/1744904029.452632_project/Cross_validation/grp0_TusA/training_data_0.hmm_cv
Running hmmbuild for training_data_4.cv -> /home/tomohisa/Projects/HAMSTER/scripts/results/1744904029.452632_project/Cross_validation/grp2_oxDsrK/training_data_4.hmm_cv
Running hmmbuild for training_data_4.cv -> /home/tomohisa/Projects/HAMSTER/scripts/results/1744904029.452632_project/Cross_validation/grp0_TusA/training_data_4.hmm_cv
Running hmmbuild for training_data_2.cv -> /home/tomohisa/Projects/HAMSTER/scripts/results/1744904029.452632_project/Cross_validation/grp0_TusA/training_data_2.hmm_cv
Running hmmbuild for training_data_0.cv -> /home/tomohisa/Projects/HAMSTER/scripts/results/1744904029.452632_project/Cross_validation/grp2_DsrE2/training_data_0.hmm_cv
Running hmmbuild for training_data_3.cv -> /home/tomohisa/Projects/HAMSTER/scripts/results/1744904029.452632_project/Cross_validation/grp0_TusA/training_data_3.hmm_cv
Running hmmbuild for training_data_3.cv -> /home/tomohisa/Projects/HAMSTER/scripts/results/1744904029.452632_project/Cross_validation/grp0_DsrE/training_data_3.hmm_cv
Running hmmbuild for training_data_0.cv -> /home/tomohisa/Projects/HAMSTER/scripts/results/1744904029.452632_project/Cross_validation/lca_DsrL/training_data_0.hmm_cv
Running hmmbuild for training_data_3.cv -> /home/tomohisa/Projects/HAMSTER/scripts/results/1744904029.452632_project/Cross_validation/lca_oxDsrM/training_data_3.hmm_cv
Running hmmbuild for training_data_4.cv -> /home/tomohisa/Projects/HAMSTER/scripts/results/1744904029.452632_project/Cross_validation/grp2_DsrE2/training_data_4.hmm_cv
Cross-validation of HMM grp2_DsrF
Running hmmbuild for training_data_1.cv -> /home/tomohisa/Projects/HAMSTER/scripts/results/1744904029.452632_project/Cross_validation/grp2_DsrF/training_data_1.hmm_cv
Running hmmbuild for training_data_0.cv -> /home/tomohisa/Projects/HAMSTER/scripts/results/1744904029.452632_project/Cross_validation/lca_redDsrP/training_data_0.hmm_cv
Running hmmbuild for training_data_2.cv -> /home/tomohisa/Projects/HAMSTER/scripts/results/1744904029.452632_project/Cross_validation/grp2_DsrE2/training_data_2.hmm_cv
Running hmmbuild for training_data_0.cv -> /home/tomohisa/Projects/HAMSTER/scripts/results/1744904029.452632_project/Cross_validation/grp2_DsrF/training_data_0.hmm_cv
Running hmmbuild for training_data_3.cv -> /home/tomohisa/Projects/HAMSTER/scripts/results/1744904029.452632_project/Cross_validation/grp2_DsrE2/training_data_3.hmm_cv
Running hmmbuild for training_data_4.cv -> /home/tomohisa/Projects/HAMSTER/scripts/results/1744904029.452632_project/Cross_validation/lca_DsrL/training_data_4.hmm_cv
Cross-validation of HMM grp1_DsrL
Running hmmbuild for training_data_1.cv -> /home/tomohisa/Projects/HAMSTER/scripts/results/1744904029.452632_project/Cross_validation/grp1_DsrL/training_data_1.hmm_cv
Running hmmbuild for training_data_4.cv -> /home/tomohisa/Projects/HAMSTER/scripts/results/1744904029.452632_project/Cross_validation/grp2_DsrF/training_data_4.hmm_cv
Running hmmbuild for training_data_2.cv -> /home/tomohisa/Projects/HAMSTER/scripts/results/1744904029.452632_project/Cross_validation/grp2_oxDsrK/training_data_2.hmm_cv
Running hmmbuild for training_data_2.cv -> /home/tomohisa/Projects/HAMSTER/scripts/results/1744904029.452632_project/Cross_validation/grp2_DsrF/training_data_2.hmm_cv
Running hmmbuild for training_data_4.cv -> /home/tomohisa/Projects/HAMSTER/scripts/results/1744904029.452632_project/Cross_validation/lca_redDsrP/training_data_4.hmm_cv
Cross-validation of HMM grp1_oxDsrK
Running hmmbuild for training_data_1.cv -> /home/tomohisa/Projects/HAMSTER/scripts/results/1744904029.452632_project/Cross_validation/grp1_oxDsrK/training_data_1.hmm_cv
Running hmmbuild for training_data_3.cv -> /home/tomohisa/Projects/HAMSTER/scripts/results/1744904029.452632_project/Cross_validation/grp2_DsrF/training_data_3.hmm_cv
Running hmmbuild for training_data_0.cv -> /home/tomohisa/Projects/HAMSTER/scripts/results/1744904029.452632_project/Cross_validation/grp1_DsrL/training_data_0.hmm_cv
Cross-validation of HMM grp1_oxDsrN
Running hmmbuild for training_data_1.cv -> /home/tomohisa/Projects/HAMSTER/scripts/results/1744904029.452632_project/Cross_validation/grp1_oxDsrN/training_data_1.hmm_cv
Cross-validation of HMM grp0_redDsrO
Running hmmbuild for training_data_1.cv -> /home/tomohisa/Projects/HAMSTER/scripts/results/1744904029.452632_project/Cross_validation/grp0_redDsrO/training_data_1.hmm_cv
Running hmmbuild for training_data_2.cv -> /home/tomohisa/Projects/HAMSTER/scripts/results/1744904029.452632_project/Cross_validation/lca_redDsrP/training_data_2.hmm_cv
Running hmmbuild for training_data_3.cv -> /home/tomohisa/Projects/HAMSTER/scripts/results/1744904029.452632_project/Cross_validation/grp2_oxDsrK/training_data_3.hmm_cv
Running hmmbuild for training_data_2.cv -> /home/tomohisa/Projects/HAMSTER/scripts/results/1744904029.452632_project/Cross_validation/lca_DsrL/training_data_2.hmm_cv
Running hmmbuild for training_data_0.cv -> /home/tomohisa/Projects/HAMSTER/scripts/results/1744904029.452632_project/Cross_validation/grp0_redDsrO/training_data_0.hmm_cv
Running hmmbuild for training_data_4.cv -> /home/tomohisa/Projects/HAMSTER/scripts/results/1744904029.452632_project/Cross_validation/grp1_DsrL/training_data_4.hmm_cv
Running hmmbuild for training_data_0.cv -> /home/tomohisa/Projects/HAMSTER/scripts/results/1744904029.452632_project/Cross_validation/grp1_oxDsrK/training_data_0.hmm_cv
Running hmmbuild for training_data_4.cv -> /home/tomohisa/Projects/HAMSTER/scripts/results/1744904029.452632_project/Cross_validation/grp0_redDsrO/training_data_4.hmm_cv
Running hmmbuild for training_data_0.cv -> /home/tomohisa/Projects/HAMSTER/scripts/results/1744904029.452632_project/Cross_validation/grp1_oxDsrN/training_data_0.hmm_cv
Running hmmbuild for training_data_2.cv -> /home/tomohisa/Projects/HAMSTER/scripts/results/1744904029.452632_project/Cross_validation/grp0_redDsrO/training_data_2.hmm_cv
Running hmmbuild for training_data_3.cv -> /home/tomohisa/Projects/HAMSTER/scripts/results/1744904029.452632_project/Cross_validation/lca_redDsrP/training_data_3.hmm_cv
Running hmmbuild for training_data_2.cv -> /home/tomohisa/Projects/HAMSTER/scripts/results/1744904029.452632_project/Cross_validation/grp1_DsrL/training_data_2.hmm_cv
Running hmmbuild for training_data_3.cv -> /home/tomohisa/Projects/HAMSTER/scripts/results/1744904029.452632_project/Cross_validation/grp0_redDsrO/training_data_3.hmm_cv
Cross-validation of HMM grp1_DsrE2
Running hmmbuild for training_data_1.cv -> /home/tomohisa/Projects/HAMSTER/scripts/results/1744904029.452632_project/Cross_validation/grp1_DsrE2/training_data_1.hmm_cv
Running hmmbuild for training_data_0.cv -> /home/tomohisa/Projects/HAMSTER/scripts/results/1744904029.452632_project/Cross_validation/grp1_DsrE2/training_data_0.hmm_cv
Running hmmbuild for training_data_4.cv -> /home/tomohisa/Projects/HAMSTER/scripts/results/1744904029.452632_project/Cross_validation/grp1_oxDsrK/training_data_4.hmm_cv
Running hmmbuild for training_data_3.cv -> /home/tomohisa/Projects/HAMSTER/scripts/results/1744904029.452632_project/Cross_validation/lca_DsrL/training_data_3.hmm_cv
Running hmmbuild for training_data_4.cv -> /home/tomohisa/Projects/HAMSTER/scripts/results/1744904029.452632_project/Cross_validation/grp1_DsrE2/training_data_4.hmm_cv
Running hmmbuild for training_data_4.cv -> /home/tomohisa/Projects/HAMSTER/scripts/results/1744904029.452632_project/Cross_validation/grp1_oxDsrN/training_data_4.hmm_cv
Running hmmbuild for training_data_3.cv -> /home/tomohisa/Projects/HAMSTER/scripts/results/1744904029.452632_project/Cross_validation/grp1_DsrL/training_data_3.hmm_cv
Running hmmbuild for training_data_2.cv -> /home/tomohisa/Projects/HAMSTER/scripts/results/1744904029.452632_project/Cross_validation/grp1_oxDsrK/training_data_2.hmm_cv
Running hmmbuild for training_data_2.cv -> /home/tomohisa/Projects/HAMSTER/scripts/results/1744904029.452632_project/Cross_validation/grp1_DsrE2/training_data_2.hmm_cv
Running hmmbuild for training_data_2.cv -> /home/tomohisa/Projects/HAMSTER/scripts/results/1744904029.452632_project/Cross_validation/grp1_oxDsrN/training_data_2.hmm_cv
Running hmmbuild for training_data_3.cv -> /home/tomohisa/Projects/HAMSTER/scripts/results/1744904029.452632_project/Cross_validation/grp1_DsrE2/training_data_3.hmm_cv
Running hmmbuild for training_data_3.cv -> /home/tomohisa/Projects/HAMSTER/scripts/results/1744904029.452632_project/Cross_validation/grp1_oxDsrK/training_data_3.hmm_cv
Running hmmbuild for training_data_3.cv -> /home/tomohisa/Projects/HAMSTER/scripts/results/1744904029.452632_project/Cross_validation/grp1_oxDsrN/training_data_3.hmm_cv
Cross-validation of HMM grp2_oxDsrO
Running hmmbuild for training_data_1.cv -> /home/tomohisa/Projects/HAMSTER/scripts/results/1744904029.452632_project/Cross_validation/grp2_oxDsrO/training_data_1.hmm_cv
Cross-validation of HMM lca_DsrR
Running hmmbuild for training_data_1.cv -> /home/tomohisa/Projects/HAMSTER/scripts/results/1744904029.452632_project/Cross_validation/lca_DsrR/training_data_1.hmm_cv
Running hmmbuild for training_data_0.cv -> /home/tomohisa/Projects/HAMSTER/scripts/results/1744904029.452632_project/Cross_validation/grp2_oxDsrO/training_data_0.hmm_cv
Running hmmbuild for training_data_0.cv -> /home/tomohisa/Projects/HAMSTER/scripts/results/1744904029.452632_project/Cross_validation/lca_DsrR/training_data_0.hmm_cv
Running hmmbuild for training_data_4.cv -> /home/tomohisa/Projects/HAMSTER/scripts/results/1744904029.452632_project/Cross_validation/lca_DsrR/training_data_4.hmm_cv
Running hmmbuild for training_data_4.cv -> /home/tomohisa/Projects/HAMSTER/scripts/results/1744904029.452632_project/Cross_validation/grp2_oxDsrO/training_data_4.hmm_cv
Running hmmbuild for training_data_2.cv -> /home/tomohisa/Projects/HAMSTER/scripts/results/1744904029.452632_project/Cross_validation/lca_DsrR/training_data_2.hmm_cv
Running hmmbuild for training_data_3.cv -> /home/tomohisa/Projects/HAMSTER/scripts/results/1744904029.452632_project/Cross_validation/lca_DsrR/training_data_3.hmm_cv
Running hmmbuild for training_data_2.cv -> /home/tomohisa/Projects/HAMSTER/scripts/results/1744904029.452632_project/Cross_validation/grp2_oxDsrO/training_data_2.hmm_cv
Cross-validation of HMM grp0_DsrL
Running hmmbuild for training_data_1.cv -> /home/tomohisa/Projects/HAMSTER/scripts/results/1744904029.452632_project/Cross_validation/grp0_DsrL/training_data_1.hmm_cv
Running hmmbuild for training_data_3.cv -> /home/tomohisa/Projects/HAMSTER/scripts/results/1744904029.452632_project/Cross_validation/grp2_oxDsrO/training_data_3.hmm_cv
Running hmmbuild for training_data_0.cv -> /home/tomohisa/Projects/HAMSTER/scripts/results/1744904029.452632_project/Cross_validation/grp0_DsrL/training_data_0.hmm_cv
Cross-validation of HMM grp0_oxDsrO
Running hmmbuild for training_data_1.cv -> /home/tomohisa/Projects/HAMSTER/scripts/results/1744904029.452632_project/Cross_validation/grp0_oxDsrO/training_data_1.hmm_cv
Running hmmbuild for training_data_0.cv -> /home/tomohisa/Projects/HAMSTER/scripts/results/1744904029.452632_project/Cross_validation/grp0_oxDsrO/training_data_0.hmm_cv
Running hmmbuild for training_data_4.cv -> /home/tomohisa/Projects/HAMSTER/scripts/results/1744904029.452632_project/Cross_validation/grp0_oxDsrO/training_data_4.hmm_cv
Running hmmbuild for training_data_4.cv -> /home/tomohisa/Projects/HAMSTER/scripts/results/1744904029.452632_project/Cross_validation/grp0_DsrL/training_data_4.hmm_cv
Running hmmbuild for training_data_2.cv -> /home/tomohisa/Projects/HAMSTER/scripts/results/1744904029.452632_project/Cross_validation/grp0_oxDsrO/training_data_2.hmm_cv
Running hmmbuild for training_data_3.cv -> /home/tomohisa/Projects/HAMSTER/scripts/results/1744904029.452632_project/Cross_validation/grp0_oxDsrO/training_data_3.hmm_cv
Running hmmbuild for training_data_2.cv -> /home/tomohisa/Projects/HAMSTER/scripts/results/1744904029.452632_project/Cross_validation/grp0_DsrL/training_data_2.hmm_cv
Cross-validation of HMM grp1_redDsrA
Running hmmbuild for training_data_1.cv -> /home/tomohisa/Projects/HAMSTER/scripts/results/1744904029.452632_project/Cross_validation/grp1_redDsrA/training_data_1.hmm_cv
Running hmmbuild for training_data_0.cv -> /home/tomohisa/Projects/HAMSTER/scripts/results/1744904029.452632_project/Cross_validation/grp1_redDsrA/training_data_0.hmm_cv
Running hmmbuild for training_data_4.cv -> /home/tomohisa/Projects/HAMSTER/scripts/results/1744904029.452632_project/Cross_validation/grp1_redDsrA/training_data_4.hmm_cv
Cross-validation of HMM grp0_oxDsrA
Running hmmbuild for training_data_1.cv -> /home/tomohisa/Projects/HAMSTER/scripts/results/1744904029.452632_project/Cross_validation/grp0_oxDsrA/training_data_1.hmm_cv
Running hmmbuild for training_data_3.cv -> /home/tomohisa/Projects/HAMSTER/scripts/results/1744904029.452632_project/Cross_validation/grp0_DsrL/training_data_3.hmm_cv
Running hmmbuild for training_data_2.cv -> /home/tomohisa/Projects/HAMSTER/scripts/results/1744904029.452632_project/Cross_validation/grp1_redDsrA/training_data_2.hmm_cv
Running hmmbuild for training_data_0.cv -> /home/tomohisa/Projects/HAMSTER/scripts/results/1744904029.452632_project/Cross_validation/grp0_oxDsrA/training_data_0.hmm_cv
Running hmmbuild for training_data_3.cv -> /home/tomohisa/Projects/HAMSTER/scripts/results/1744904029.452632_project/Cross_validation/grp1_redDsrA/training_data_3.hmm_cv
Running hmmbuild for training_data_4.cv -> /home/tomohisa/Projects/HAMSTER/scripts/results/1744904029.452632_project/Cross_validation/grp0_oxDsrA/training_data_4.hmm_cv
Running hmmbuild for training_data_2.cv -> /home/tomohisa/Projects/HAMSTER/scripts/results/1744904029.452632_project/Cross_validation/grp0_oxDsrA/training_data_2.hmm_cv
Running hmmbuild for training_data_3.cv -> /home/tomohisa/Projects/HAMSTER/scripts/results/1744904029.452632_project/Cross_validation/grp0_oxDsrA/training_data_3.hmm_cv
Cross-validation of HMM grp0_oxDsrK
Running hmmbuild for training_data_1.cv -> /home/tomohisa/Projects/HAMSTER/scripts/results/1744904029.452632_project/Cross_validation/grp0_oxDsrK/training_data_1.hmm_cv
Cross-validation of HMM lca_redDsrO
Running hmmbuild for training_data_1.cv -> /home/tomohisa/Projects/HAMSTER/scripts/results/1744904029.452632_project/Cross_validation/lca_redDsrO/training_data_1.hmm_cv
Running hmmbuild for training_data_0.cv -> /home/tomohisa/Projects/HAMSTER/scripts/results/1744904029.452632_project/Cross_validation/grp0_oxDsrK/training_data_0.hmm_cv
Running hmmbuild for training_data_0.cv -> /home/tomohisa/Projects/HAMSTER/scripts/results/1744904029.452632_project/Cross_validation/lca_redDsrO/training_data_0.hmm_cv
Running hmmbuild for training_data_4.cv -> /home/tomohisa/Projects/HAMSTER/scripts/results/1744904029.452632_project/Cross_validation/lca_redDsrO/training_data_4.hmm_cv
Cross-validation of HMM lca_redDsrA
Running hmmbuild for training_data_2.cv -> /home/tomohisa/Projects/HAMSTER/scripts/results/1744904029.452632_project/Cross_validation/lca_redDsrO/training_data_2.hmm_cv
Running hmmbuild for training_data_1.cv -> /home/tomohisa/Projects/HAMSTER/scripts/results/1744904029.452632_project/Cross_validation/lca_redDsrA/training_data_1.hmm_cv
Running hmmbuild for training_data_4.cv -> /home/tomohisa/Projects/HAMSTER/scripts/results/1744904029.452632_project/Cross_validation/grp0_oxDsrK/training_data_4.hmm_cv
Running hmmbuild for training_data_0.cv -> /home/tomohisa/Projects/HAMSTER/scripts/results/1744904029.452632_project/Cross_validation/lca_redDsrA/training_data_0.hmm_cv
Running hmmbuild for training_data_3.cv -> /home/tomohisa/Projects/HAMSTER/scripts/results/1744904029.452632_project/Cross_validation/lca_redDsrO/training_data_3.hmm_cv
Cross-validation of HMM lca_TusA
Running hmmbuild for training_data_1.cv -> /home/tomohisa/Projects/HAMSTER/scripts/results/1744904029.452632_project/Cross_validation/lca_TusA/training_data_1.hmm_cv
Running hmmbuild for training_data_0.cv -> /home/tomohisa/Projects/HAMSTER/scripts/results/1744904029.452632_project/Cross_validation/lca_TusA/training_data_0.hmm_cv
Running hmmbuild for training_data_2.cv -> /home/tomohisa/Projects/HAMSTER/scripts/results/1744904029.452632_project/Cross_validation/grp0_oxDsrK/training_data_2.hmm_cv
Running hmmbuild for training_data_4.cv -> /home/tomohisa/Projects/HAMSTER/scripts/results/1744904029.452632_project/Cross_validation/lca_TusA/training_data_4.hmm_cv
Running hmmbuild for training_data_2.cv -> /home/tomohisa/Projects/HAMSTER/scripts/results/1744904029.452632_project/Cross_validation/lca_TusA/training_data_2.hmm_cv
Running hmmbuild for training_data_4.cv -> /home/tomohisa/Projects/HAMSTER/scripts/results/1744904029.452632_project/Cross_validation/lca_redDsrA/training_data_4.hmm_cv
Running hmmbuild for training_data_3.cv -> /home/tomohisa/Projects/HAMSTER/scripts/results/1744904029.452632_project/Cross_validation/lca_TusA/training_data_3.hmm_cv
Running hmmbuild for training_data_3.cv -> /home/tomohisa/Projects/HAMSTER/scripts/results/1744904029.452632_project/Cross_validation/grp0_oxDsrK/training_data_3.hmm_cv
Cross-validation of HMM grp1_DsrH
Running hmmbuild for training_data_1.cv -> /home/tomohisa/Projects/HAMSTER/scripts/results/1744904029.452632_project/Cross_validation/grp1_DsrH/training_data_1.hmm_cv
Running hmmbuild for training_data_0.cv -> /home/tomohisa/Projects/HAMSTER/scripts/results/1744904029.452632_project/Cross_validation/grp1_DsrH/training_data_0.hmm_cv
Running hmmbuild for training_data_2.cv -> /home/tomohisa/Projects/HAMSTER/scripts/results/1744904029.452632_project/Cross_validation/lca_redDsrA/training_data_2.hmm_cv
Running hmmbuild for training_data_4.cv -> /home/tomohisa/Projects/HAMSTER/scripts/results/1744904029.452632_project/Cross_validation/grp1_DsrH/training_data_4.hmm_cv
Running hmmbuild for training_data_2.cv -> /home/tomohisa/Projects/HAMSTER/scripts/results/1744904029.452632_project/Cross_validation/grp1_DsrH/training_data_2.hmm_cv
Running hmmbuild for training_data_3.cv -> /home/tomohisa/Projects/HAMSTER/scripts/results/1744904029.452632_project/Cross_validation/lca_redDsrA/training_data_3.hmm_cv
Running hmmbuild for training_data_3.cv -> /home/tomohisa/Projects/HAMSTER/scripts/results/1744904029.452632_project/Cross_validation/grp1_DsrH/training_data_3.hmm_cv
Cross-validation of HMM grp0_redDsrK
Running hmmbuild for training_data_1.cv -> /home/tomohisa/Projects/HAMSTER/scripts/results/1744904029.452632_project/Cross_validation/grp0_redDsrK/training_data_1.hmm_cv
Cross-validation of HMM grp2_oxDsrA
Running hmmbuild for training_data_1.cv -> /home/tomohisa/Projects/HAMSTER/scripts/results/1744904029.452632_project/Cross_validation/grp2_oxDsrA/training_data_1.hmm_cv
Running hmmbuild for training_data_0.cv -> /home/tomohisa/Projects/HAMSTER/scripts/results/1744904029.452632_project/Cross_validation/grp2_oxDsrA/training_data_0.hmm_cv
Running hmmbuild for training_data_0.cv -> /home/tomohisa/Projects/HAMSTER/scripts/results/1744904029.452632_project/Cross_validation/grp0_redDsrK/training_data_0.hmm_cv
Cross-validation of HMM grp2_oxDsrM
Running hmmbuild for training_data_1.cv -> /home/tomohisa/Projects/HAMSTER/scripts/results/1744904029.452632_project/Cross_validation/grp2_oxDsrM/training_data_1.hmm_cv
Running hmmbuild for training_data_4.cv -> /home/tomohisa/Projects/HAMSTER/scripts/results/1744904029.452632_project/Cross_validation/grp2_oxDsrA/training_data_4.hmm_cv
Running hmmbuild for training_data_4.cv -> /home/tomohisa/Projects/HAMSTER/scripts/results/1744904029.452632_project/Cross_validation/grp0_redDsrK/training_data_4.hmm_cv
Running hmmbuild for training_data_0.cv -> /home/tomohisa/Projects/HAMSTER/scripts/results/1744904029.452632_project/Cross_validation/grp2_oxDsrM/training_data_0.hmm_cv
Running hmmbuild for training_data_2.cv -> /home/tomohisa/Projects/HAMSTER/scripts/results/1744904029.452632_project/Cross_validation/grp0_redDsrK/training_data_2.hmm_cv
Running hmmbuild for training_data_2.cv -> /home/tomohisa/Projects/HAMSTER/scripts/results/1744904029.452632_project/Cross_validation/grp2_oxDsrA/training_data_2.hmm_cv
Running hmmbuild for training_data_4.cv -> /home/tomohisa/Projects/HAMSTER/scripts/results/1744904029.452632_project/Cross_validation/grp2_oxDsrM/training_data_4.hmm_cv
Running hmmbuild for training_data_2.cv -> /home/tomohisa/Projects/HAMSTER/scripts/results/1744904029.452632_project/Cross_validation/grp2_oxDsrM/training_data_2.hmm_cv
Running hmmbuild for training_data_3.cv -> /home/tomohisa/Projects/HAMSTER/scripts/results/1744904029.452632_project/Cross_validation/grp0_redDsrK/training_data_3.hmm_cv
Running hmmbuild for training_data_3.cv -> /home/tomohisa/Projects/HAMSTER/scripts/results/1744904029.452632_project/Cross_validation/grp2_oxDsrM/training_data_3.hmm_cv
Running hmmbuild for training_data_3.cv -> /home/tomohisa/Projects/HAMSTER/scripts/results/1744904029.452632_project/Cross_validation/grp2_oxDsrA/training_data_3.hmm_cv
Cross-validation of HMM grp2_DsrL
Running hmmbuild for training_data_1.cv -> /home/tomohisa/Projects/HAMSTER/scripts/results/1744904029.452632_project/Cross_validation/grp2_DsrL/training_data_1.hmm_cv
Cross-validation of HMM grp0_redDsrP
Running hmmbuild for training_data_1.cv -> /home/tomohisa/Projects/HAMSTER/scripts/results/1744904029.452632_project/Cross_validation/grp0_redDsrP/training_data_1.hmm_cv
Running hmmbuild for training_data_0.cv -> /home/tomohisa/Projects/HAMSTER/scripts/results/1744904029.452632_project/Cross_validation/grp2_DsrL/training_data_0.hmm_cv
Running hmmbuild for training_data_0.cv -> /home/tomohisa/Projects/HAMSTER/scripts/results/1744904029.452632_project/Cross_validation/grp0_redDsrP/training_data_0.hmm_cv
Running hmmbuild for training_data_4.cv -> /home/tomohisa/Projects/HAMSTER/scripts/results/1744904029.452632_project/Cross_validation/grp0_redDsrP/training_data_4.hmm_cv
Running hmmbuild for training_data_4.cv -> /home/tomohisa/Projects/HAMSTER/scripts/results/1744904029.452632_project/Cross_validation/grp2_DsrL/training_data_4.hmm_cv
Running hmmbuild for training_data_2.cv -> /home/tomohisa/Projects/HAMSTER/scripts/results/1744904029.452632_project/Cross_validation/grp0_redDsrP/training_data_2.hmm_cv
Cross-validation of HMM grp1_redDsrK
Running hmmbuild for training_data_1.cv -> /home/tomohisa/Projects/HAMSTER/scripts/results/1744904029.452632_project/Cross_validation/grp1_redDsrK/training_data_1.hmm_cv
Running hmmbuild for training_data_0.cv -> /home/tomohisa/Projects/HAMSTER/scripts/results/1744904029.452632_project/Cross_validation/grp1_redDsrK/training_data_0.hmm_cv
Running hmmbuild for training_data_2.cv -> /home/tomohisa/Projects/HAMSTER/scripts/results/1744904029.452632_project/Cross_validation/grp2_DsrL/training_data_2.hmm_cv
Running hmmbuild for training_data_3.cv -> /home/tomohisa/Projects/HAMSTER/scripts/results/1744904029.452632_project/Cross_validation/grp0_redDsrP/training_data_3.hmm_cv
Cross-validation of HMM grp0_oxDsrC
Running hmmbuild for training_data_1.cv -> /home/tomohisa/Projects/HAMSTER/scripts/results/1744904029.452632_project/Cross_validation/grp0_oxDsrC/training_data_1.hmm_cv
Running hmmbuild for training_data_3.cv -> /home/tomohisa/Projects/HAMSTER/scripts/results/1744904029.452632_project/Cross_validation/grp2_DsrL/training_data_3.hmm_cv
Running hmmbuild for training_data_0.cv -> /home/tomohisa/Projects/HAMSTER/scripts/results/1744904029.452632_project/Cross_validation/grp0_oxDsrC/training_data_0.hmm_cv
Running hmmbuild for training_data_4.cv -> /home/tomohisa/Projects/HAMSTER/scripts/results/1744904029.452632_project/Cross_validation/grp0_oxDsrC/training_data_4.hmm_cv
Running hmmbuild for training_data_4.cv -> /home/tomohisa/Projects/HAMSTER/scripts/results/1744904029.452632_project/Cross_validation/grp1_redDsrK/training_data_4.hmm_cv
Running hmmbuild for training_data_2.cv -> /home/tomohisa/Projects/HAMSTER/scripts/results/1744904029.452632_project/Cross_validation/grp0_oxDsrC/training_data_2.hmm_cv
Running hmmbuild for training_data_3.cv -> /home/tomohisa/Projects/HAMSTER/scripts/results/1744904029.452632_project/Cross_validation/grp0_oxDsrC/training_data_3.hmm_cv
Running hmmbuild for training_data_2.cv -> /home/tomohisa/Projects/HAMSTER/scripts/results/1744904029.452632_project/Cross_validation/grp1_redDsrK/training_data_2.hmm_cv
Cross-validation of HMM grp1_oxDsrC
Running hmmbuild for training_data_1.cv -> /home/tomohisa/Projects/HAMSTER/scripts/results/1744904029.452632_project/Cross_validation/grp1_oxDsrC/training_data_1.hmm_cv
Running hmmbuild for training_data_0.cv -> /home/tomohisa/Projects/HAMSTER/scripts/results/1744904029.452632_project/Cross_validation/grp1_oxDsrC/training_data_0.hmm_cv
Running hmmbuild for training_data_4.cv -> /home/tomohisa/Projects/HAMSTER/scripts/results/1744904029.452632_project/Cross_validation/grp1_oxDsrC/training_data_4.hmm_cv
Cross-validation of HMM lca_oxDsrK
Running hmmbuild for training_data_1.cv -> /home/tomohisa/Projects/HAMSTER/scripts/results/1744904029.452632_project/Cross_validation/lca_oxDsrK/training_data_1.hmm_cv
Cross-validation of HMM grp0_DsrF
Running hmmbuild for training_data_1.cv -> /home/tomohisa/Projects/HAMSTER/scripts/results/1744904029.452632_project/Cross_validation/grp0_DsrF/training_data_1.hmm_cv
Running hmmbuild for training_data_3.cv -> /home/tomohisa/Projects/HAMSTER/scripts/results/1744904029.452632_project/Cross_validation/grp1_redDsrK/training_data_3.hmm_cv
Running hmmbuild for training_data_2.cv -> /home/tomohisa/Projects/HAMSTER/scripts/results/1744904029.452632_project/Cross_validation/grp1_oxDsrC/training_data_2.hmm_cv
Running hmmbuild for training_data_0.cv -> /home/tomohisa/Projects/HAMSTER/scripts/results/1744904029.452632_project/Cross_validation/grp0_DsrF/training_data_0.hmm_cv
Running hmmbuild for training_data_3.cv -> /home/tomohisa/Projects/HAMSTER/scripts/results/1744904029.452632_project/Cross_validation/grp1_oxDsrC/training_data_3.hmm_cv
Running hmmbuild for training_data_4.cv -> /home/tomohisa/Projects/HAMSTER/scripts/results/1744904029.452632_project/Cross_validation/grp0_DsrF/training_data_4.hmm_cv
Running hmmbuild for training_data_2.cv -> /home/tomohisa/Projects/HAMSTER/scripts/results/1744904029.452632_project/Cross_validation/grp0_DsrF/training_data_2.hmm_cv
Cross-validation of HMM grp0_redDsrA
Running hmmbuild for training_data_1.cv -> /home/tomohisa/Projects/HAMSTER/scripts/results/1744904029.452632_project/Cross_validation/grp0_redDsrA/training_data_1.hmm_cv
Running hmmbuild for training_data_3.cv -> /home/tomohisa/Projects/HAMSTER/scripts/results/1744904029.452632_project/Cross_validation/grp0_DsrF/training_data_3.hmm_cv
Running hmmbuild for training_data_0.cv -> /home/tomohisa/Projects/HAMSTER/scripts/results/1744904029.452632_project/Cross_validation/lca_oxDsrK/training_data_0.hmm_cv
Running hmmbuild for training_data_0.cv -> /home/tomohisa/Projects/HAMSTER/scripts/results/1744904029.452632_project/Cross_validation/grp0_redDsrA/training_data_0.hmm_cv
Cross-validation of HMM lca_oxDsrP
Running hmmbuild for training_data_1.cv -> /home/tomohisa/Projects/HAMSTER/scripts/results/1744904029.452632_project/Cross_validation/lca_oxDsrP/training_data_1.hmm_cv
Running hmmbuild for training_data_0.cv -> /home/tomohisa/Projects/HAMSTER/scripts/results/1744904029.452632_project/Cross_validation/lca_oxDsrP/training_data_0.hmm_cv
Running hmmbuild for training_data_4.cv -> /home/tomohisa/Projects/HAMSTER/scripts/results/1744904029.452632_project/Cross_validation/lca_oxDsrK/training_data_4.hmm_cv
Running hmmbuild for training_data_4.cv -> /home/tomohisa/Projects/HAMSTER/scripts/results/1744904029.452632_project/Cross_validation/grp0_redDsrA/training_data_4.hmm_cv
Running hmmbuild for training_data_4.cv -> /home/tomohisa/Projects/HAMSTER/scripts/results/1744904029.452632_project/Cross_validation/lca_oxDsrP/training_data_4.hmm_cv
Running hmmbuild for training_data_2.cv -> /home/tomohisa/Projects/HAMSTER/scripts/results/1744904029.452632_project/Cross_validation/lca_oxDsrK/training_data_2.hmm_cv
Running hmmbuild for training_data_2.cv -> /home/tomohisa/Projects/HAMSTER/scripts/results/1744904029.452632_project/Cross_validation/grp0_redDsrA/training_data_2.hmm_cv
Running hmmbuild for training_data_2.cv -> /home/tomohisa/Projects/HAMSTER/scripts/results/1744904029.452632_project/Cross_validation/lca_oxDsrP/training_data_2.hmm_cv
Running hmmbuild for training_data_3.cv -> /home/tomohisa/Projects/HAMSTER/scripts/results/1744904029.452632_project/Cross_validation/grp0_redDsrA/training_data_3.hmm_cv
Running hmmbuild for training_data_3.cv -> /home/tomohisa/Projects/HAMSTER/scripts/results/1744904029.452632_project/Cross_validation/lca_oxDsrK/training_data_3.hmm_cv
Running hmmbuild for training_data_3.cv -> /home/tomohisa/Projects/HAMSTER/scripts/results/1744904029.452632_project/Cross_validation/lca_oxDsrP/training_data_3.hmm_cv
Cross-validation of HMM grp2_oxDsrN
Running hmmbuild for training_data_1.cv -> /home/tomohisa/Projects/HAMSTER/scripts/results/1744904029.452632_project/Cross_validation/grp2_oxDsrN/training_data_1.hmm_cv
Running hmmbuild for training_data_0.cv -> /home/tomohisa/Projects/HAMSTER/scripts/results/1744904029.452632_project/Cross_validation/grp2_oxDsrN/training_data_0.hmm_cv
Running hmmbuild for training_data_4.cv -> /home/tomohisa/Projects/HAMSTER/scripts/results/1744904029.452632_project/Cross_validation/grp2_oxDsrN/training_data_4.hmm_cv
Cross-validation of HMM lca_oxDsrA
Running hmmbuild for training_data_1.cv -> /home/tomohisa/Projects/HAMSTER/scripts/results/1744904029.452632_project/Cross_validation/lca_oxDsrA/training_data_1.hmm_cv
Running hmmbuild for training_data_2.cv -> /home/tomohisa/Projects/HAMSTER/scripts/results/1744904029.452632_project/Cross_validation/grp2_oxDsrN/training_data_2.hmm_cv
Running hmmbuild for training_data_3.cv -> /home/tomohisa/Projects/HAMSTER/scripts/results/1744904029.452632_project/Cross_validation/grp2_oxDsrN/training_data_3.hmm_cv
Running hmmbuild for training_data_0.cv -> /home/tomohisa/Projects/HAMSTER/scripts/results/1744904029.452632_project/Cross_validation/lca_oxDsrA/training_data_0.hmm_cv
Running hmmbuild for training_data_4.cv -> /home/tomohisa/Projects/HAMSTER/scripts/results/1744904029.452632_project/Cross_validation/lca_oxDsrA/training_data_4.hmm_cv
Cross-validation of HMM grp2_oxDsrC
Running hmmbuild for training_data_1.cv -> /home/tomohisa/Projects/HAMSTER/scripts/results/1744904029.452632_project/Cross_validation/grp2_oxDsrC/training_data_1.hmm_cv
Running hmmbuild for training_data_0.cv -> /home/tomohisa/Projects/HAMSTER/scripts/results/1744904029.452632_project/Cross_validation/grp2_oxDsrC/training_data_0.hmm_cv
Running hmmbuild for training_data_4.cv -> /home/tomohisa/Projects/HAMSTER/scripts/results/1744904029.452632_project/Cross_validation/grp2_oxDsrC/training_data_4.hmm_cv
Running hmmbuild for training_data_2.cv -> /home/tomohisa/Projects/HAMSTER/scripts/results/1744904029.452632_project/Cross_validation/lca_oxDsrA/training_data_2.hmm_cv
Running hmmbuild for training_data_2.cv -> /home/tomohisa/Projects/HAMSTER/scripts/results/1744904029.452632_project/Cross_validation/grp2_oxDsrC/training_data_2.hmm_cv
Running hmmbuild for training_data_3.cv -> /home/tomohisa/Projects/HAMSTER/scripts/results/1744904029.452632_project/Cross_validation/grp2_oxDsrC/training_data_3.hmm_cv
Running hmmbuild for training_data_3.cv -> /home/tomohisa/Projects/HAMSTER/scripts/results/1744904029.452632_project/Cross_validation/lca_oxDsrA/training_data_3.hmm_cv
Cross-validation of HMM grp0_redDsrJ
Running hmmbuild for training_data_1.cv -> /home/tomohisa/Projects/HAMSTER/scripts/results/1744904029.452632_project/Cross_validation/grp0_redDsrJ/training_data_1.hmm_cv
Running hmmbuild for training_data_0.cv -> /home/tomohisa/Projects/HAMSTER/scripts/results/1744904029.452632_project/Cross_validation/grp0_redDsrJ/training_data_0.hmm_cv
Running hmmbuild for training_data_4.cv -> /home/tomohisa/Projects/HAMSTER/scripts/results/1744904029.452632_project/Cross_validation/grp0_redDsrJ/training_data_4.hmm_cv
Running hmmbuild for training_data_2.cv -> /home/tomohisa/Projects/HAMSTER/scripts/results/1744904029.452632_project/Cross_validation/grp0_redDsrJ/training_data_2.hmm_cv
Running hmmbuild for training_data_3.cv -> /home/tomohisa/Projects/HAMSTER/scripts/results/1744904029.452632_project/Cross_validation/grp0_redDsrJ/training_data_3.hmm_cv
Cross-validation of HMM lca_oxDsrB
Running hmmbuild for training_data_1.cv -> /home/tomohisa/Projects/HAMSTER/scripts/results/1744904029.452632_project/Cross_validation/lca_oxDsrB/training_data_1.hmm_cv
Running hmmbuild for training_data_0.cv -> /home/tomohisa/Projects/HAMSTER/scripts/results/1744904029.452632_project/Cross_validation/lca_oxDsrB/training_data_0.hmm_cv
Running hmmbuild for training_data_4.cv -> /home/tomohisa/Projects/HAMSTER/scripts/results/1744904029.452632_project/Cross_validation/lca_oxDsrB/training_data_4.hmm_cv
Running hmmbuild for training_data_2.cv -> /home/tomohisa/Projects/HAMSTER/scripts/results/1744904029.452632_project/Cross_validation/lca_oxDsrB/training_data_2.hmm_cv
Running hmmbuild for training_data_3.cv -> /home/tomohisa/Projects/HAMSTER/scripts/results/1744904029.452632_project/Cross_validation/lca_oxDsrB/training_data_3.hmm_cv
Cross-validation of HMM grp2_oxDsrP
Running hmmbuild for training_data_1.cv -> /home/tomohisa/Projects/HAMSTER/scripts/results/1744904029.452632_project/Cross_validation/grp2_oxDsrP/training_data_1.hmm_cv
Cross-validation of HMM grp0_DsrH
Running hmmbuild for training_data_1.cv -> /home/tomohisa/Projects/HAMSTER/scripts/results/1744904029.452632_project/Cross_validation/grp0_DsrH/training_data_1.hmm_cv
Running hmmbuild for training_data_0.cv -> /home/tomohisa/Projects/HAMSTER/scripts/results/1744904029.452632_project/Cross_validation/grp0_DsrH/training_data_0.hmm_cv
Running hmmbuild for training_data_4.cv -> /home/tomohisa/Projects/HAMSTER/scripts/results/1744904029.452632_project/Cross_validation/grp0_DsrH/training_data_4.hmm_cv
Cross-validation of HMM grp1_DsrF
Running hmmbuild for training_data_1.cv -> /home/tomohisa/Projects/HAMSTER/scripts/results/1744904029.452632_project/Cross_validation/grp1_DsrF/training_data_1.hmm_cv
Running hmmbuild for training_data_0.cv -> /home/tomohisa/Projects/HAMSTER/scripts/results/1744904029.452632_project/Cross_validation/grp2_oxDsrP/training_data_0.hmm_cv
Running hmmbuild for training_data_2.cv -> /home/tomohisa/Projects/HAMSTER/scripts/results/1744904029.452632_project/Cross_validation/grp0_DsrH/training_data_2.hmm_cv
Running hmmbuild for training_data_3.cv -> /home/tomohisa/Projects/HAMSTER/scripts/results/1744904029.452632_project/Cross_validation/grp0_DsrH/training_data_3.hmm_cv
Running hmmbuild for training_data_0.cv -> /home/tomohisa/Projects/HAMSTER/scripts/results/1744904029.452632_project/Cross_validation/grp1_DsrF/training_data_0.hmm_cv
Running hmmbuild for training_data_4.cv -> /home/tomohisa/Projects/HAMSTER/scripts/results/1744904029.452632_project/Cross_validation/grp1_DsrF/training_data_4.hmm_cv
Cross-validation of HMM grp0_oxDsrB
Running hmmbuild for training_data_1.cv -> /home/tomohisa/Projects/HAMSTER/scripts/results/1744904029.452632_project/Cross_validation/grp0_oxDsrB/training_data_1.hmm_cv
Cross-validation of HMM grp0_redDsrM
Running hmmbuild for training_data_1.cv -> /home/tomohisa/Projects/HAMSTER/scripts/results/1744904029.452632_project/Cross_validation/grp0_redDsrM/training_data_1.hmm_cv
Running hmmbuild for training_data_2.cv -> /home/tomohisa/Projects/HAMSTER/scripts/results/1744904029.452632_project/Cross_validation/grp1_DsrF/training_data_2.hmm_cv
Running hmmbuild for training_data_4.cv -> /home/tomohisa/Projects/HAMSTER/scripts/results/1744904029.452632_project/Cross_validation/grp2_oxDsrP/training_data_4.hmm_cv
Running hmmbuild for training_data_0.cv -> /home/tomohisa/Projects/HAMSTER/scripts/results/1744904029.452632_project/Cross_validation/grp0_redDsrM/training_data_0.hmm_cv
Running hmmbuild for training_data_3.cv -> /home/tomohisa/Projects/HAMSTER/scripts/results/1744904029.452632_project/Cross_validation/grp1_DsrF/training_data_3.hmm_cv
Running hmmbuild for training_data_0.cv -> /home/tomohisa/Projects/HAMSTER/scripts/results/1744904029.452632_project/Cross_validation/grp0_oxDsrB/training_data_0.hmm_cv
Cross-validation of HMM lca_oxDsrO
Running hmmbuild for training_data_1.cv -> /home/tomohisa/Projects/HAMSTER/scripts/results/1744904029.452632_project/Cross_validation/lca_oxDsrO/training_data_1.hmm_cv
Running hmmbuild for training_data_0.cv -> /home/tomohisa/Projects/HAMSTER/scripts/results/1744904029.452632_project/Cross_validation/lca_oxDsrO/training_data_0.hmm_cv
Running hmmbuild for training_data_2.cv -> /home/tomohisa/Projects/HAMSTER/scripts/results/1744904029.452632_project/Cross_validation/grp2_oxDsrP/training_data_2.hmm_cv
Running hmmbuild for training_data_4.cv -> /home/tomohisa/Projects/HAMSTER/scripts/results/1744904029.452632_project/Cross_validation/lca_oxDsrO/training_data_4.hmm_cv
Running hmmbuild for training_data_4.cv -> /home/tomohisa/Projects/HAMSTER/scripts/results/1744904029.452632_project/Cross_validation/grp0_redDsrM/training_data_4.hmm_cv
Cross-validation of HMM grp0_oxDsrN
Running hmmbuild for training_data_1.cv -> /home/tomohisa/Projects/HAMSTER/scripts/results/1744904029.452632_project/Cross_validation/grp0_oxDsrN/training_data_1.hmm_cv
Running hmmbuild for training_data_4.cv -> /home/tomohisa/Projects/HAMSTER/scripts/results/1744904029.452632_project/Cross_validation/grp0_oxDsrB/training_data_4.hmm_cv
Running hmmbuild for training_data_2.cv -> /home/tomohisa/Projects/HAMSTER/scripts/results/1744904029.452632_project/Cross_validation/lca_oxDsrO/training_data_2.hmm_cv
Running hmmbuild for training_data_2.cv -> /home/tomohisa/Projects/HAMSTER/scripts/results/1744904029.452632_project/Cross_validation/grp0_oxDsrB/training_data_2.hmm_cv
Running hmmbuild for training_data_2.cv -> /home/tomohisa/Projects/HAMSTER/scripts/results/1744904029.452632_project/Cross_validation/grp0_redDsrM/training_data_2.hmm_cv
Running hmmbuild for training_data_3.cv -> /home/tomohisa/Projects/HAMSTER/scripts/results/1744904029.452632_project/Cross_validation/grp2_oxDsrP/training_data_3.hmm_cv
Running hmmbuild for training_data_3.cv -> /home/tomohisa/Projects/HAMSTER/scripts/results/1744904029.452632_project/Cross_validation/grp0_oxDsrB/training_data_3.hmm_cv
Running hmmbuild for training_data_3.cv -> /home/tomohisa/Projects/HAMSTER/scripts/results/1744904029.452632_project/Cross_validation/lca_oxDsrO/training_data_3.hmm_cv
Running hmmbuild for training_data_0.cv -> /home/tomohisa/Projects/HAMSTER/scripts/results/1744904029.452632_project/Cross_validation/grp0_oxDsrN/training_data_0.hmm_cv
Running hmmbuild for training_data_3.cv -> /home/tomohisa/Projects/HAMSTER/scripts/results/1744904029.452632_project/Cross_validation/grp0_redDsrM/training_data_3.hmm_cv
Running hmmbuild for training_data_4.cv -> /home/tomohisa/Projects/HAMSTER/scripts/results/1744904029.452632_project/Cross_validation/grp0_oxDsrN/training_data_4.hmm_cv
Running hmmbuild for training_data_2.cv -> /home/tomohisa/Projects/HAMSTER/scripts/results/1744904029.452632_project/Cross_validation/grp0_oxDsrN/training_data_2.hmm_cv
Cross-validation of HMM grp1_redDsrP
Running hmmbuild for training_data_1.cv -> /home/tomohisa/Projects/HAMSTER/scripts/results/1744904029.452632_project/Cross_validation/grp1_redDsrP/training_data_1.hmm_cv
Running hmmbuild for training_data_3.cv -> /home/tomohisa/Projects/HAMSTER/scripts/results/1744904029.452632_project/Cross_validation/grp0_oxDsrN/training_data_3.hmm_cv
Cross-validation of HMM lca_DsrH
Running hmmbuild for training_data_1.cv -> /home/tomohisa/Projects/HAMSTER/scripts/results/1744904029.452632_project/Cross_validation/lca_DsrH/training_data_1.hmm_cv
Running hmmbuild for training_data_0.cv -> /home/tomohisa/Projects/HAMSTER/scripts/results/1744904029.452632_project/Cross_validation/lca_DsrH/training_data_0.hmm_cv
Running hmmbuild for training_data_0.cv -> /home/tomohisa/Projects/HAMSTER/scripts/results/1744904029.452632_project/Cross_validation/grp1_redDsrP/training_data_0.hmm_cv
Running hmmbuild for training_data_4.cv -> /home/tomohisa/Projects/HAMSTER/scripts/results/1744904029.452632_project/Cross_validation/lca_DsrH/training_data_4.hmm_cv
Cross-validation of HMM grp1_redDsrM
Running hmmbuild for training_data_1.cv -> /home/tomohisa/Projects/HAMSTER/scripts/results/1744904029.452632_project/Cross_validation/grp1_redDsrM/training_data_1.hmm_cv
Running hmmbuild for training_data_2.cv -> /home/tomohisa/Projects/HAMSTER/scripts/results/1744904029.452632_project/Cross_validation/lca_DsrH/training_data_2.hmm_cv
Cross-validation of HMM lca_redDsrJ
Running hmmbuild for training_data_1.cv -> /home/tomohisa/Projects/HAMSTER/scripts/results/1744904029.452632_project/Cross_validation/lca_redDsrJ/training_data_1.hmm_cv
Running hmmbuild for training_data_3.cv -> /home/tomohisa/Projects/HAMSTER/scripts/results/1744904029.452632_project/Cross_validation/lca_DsrH/training_data_3.hmm_cv
Running hmmbuild for training_data_0.cv -> /home/tomohisa/Projects/HAMSTER/scripts/results/1744904029.452632_project/Cross_validation/lca_redDsrJ/training_data_0.hmm_cv
Running hmmbuild for training_data_0.cv -> /home/tomohisa/Projects/HAMSTER/scripts/results/1744904029.452632_project/Cross_validation/grp1_redDsrM/training_data_0.hmm_cv
Cross-validation of HMM grp1_oxDsrA
Running hmmbuild for training_data_1.cv -> /home/tomohisa/Projects/HAMSTER/scripts/results/1744904029.452632_project/Cross_validation/grp1_oxDsrA/training_data_1.hmm_cv
Running hmmbuild for training_data_4.cv -> /home/tomohisa/Projects/HAMSTER/scripts/results/1744904029.452632_project/Cross_validation/lca_redDsrJ/training_data_4.hmm_cv
Running hmmbuild for training_data_4.cv -> /home/tomohisa/Projects/HAMSTER/scripts/results/1744904029.452632_project/Cross_validation/grp1_redDsrP/training_data_4.hmm_cv
Cross-validation of HMM grp2_DsrE
Running hmmbuild for training_data_1.cv -> /home/tomohisa/Projects/HAMSTER/scripts/results/1744904029.452632_project/Cross_validation/grp2_DsrE/training_data_1.hmm_cv
Running hmmbuild for training_data_4.cv -> /home/tomohisa/Projects/HAMSTER/scripts/results/1744904029.452632_project/Cross_validation/grp1_redDsrM/training_data_4.hmm_cv
Running hmmbuild for training_data_0.cv -> /home/tomohisa/Projects/HAMSTER/scripts/results/1744904029.452632_project/Cross_validation/grp2_DsrE/training_data_0.hmm_cv
Running hmmbuild for training_data_2.cv -> /home/tomohisa/Projects/HAMSTER/scripts/results/1744904029.452632_project/Cross_validation/lca_redDsrJ/training_data_2.hmm_cv
Running hmmbuild for training_data_0.cv -> /home/tomohisa/Projects/HAMSTER/scripts/results/1744904029.452632_project/Cross_validation/grp1_oxDsrA/training_data_0.hmm_cv
Running hmmbuild for training_data_4.cv -> /home/tomohisa/Projects/HAMSTER/scripts/results/1744904029.452632_project/Cross_validation/grp2_DsrE/training_data_4.hmm_cv
Running hmmbuild for training_data_2.cv -> /home/tomohisa/Projects/HAMSTER/scripts/results/1744904029.452632_project/Cross_validation/grp2_DsrE/training_data_2.hmm_cv
Running hmmbuild for training_data_3.cv -> /home/tomohisa/Projects/HAMSTER/scripts/results/1744904029.452632_project/Cross_validation/lca_redDsrJ/training_data_3.hmm_cv
Running hmmbuild for training_data_2.cv -> /home/tomohisa/Projects/HAMSTER/scripts/results/1744904029.452632_project/Cross_validation/grp1_redDsrP/training_data_2.hmm_cv
Running hmmbuild for training_data_3.cv -> /home/tomohisa/Projects/HAMSTER/scripts/results/1744904029.452632_project/Cross_validation/grp2_DsrE/training_data_3.hmm_cv
Running hmmbuild for training_data_2.cv -> /home/tomohisa/Projects/HAMSTER/scripts/results/1744904029.452632_project/Cross_validation/grp1_redDsrM/training_data_2.hmm_cv
Running hmmbuild for training_data_4.cv -> /home/tomohisa/Projects/HAMSTER/scripts/results/1744904029.452632_project/Cross_validation/grp1_oxDsrA/training_data_4.hmm_cv
Cross-validation of HMM lca_oxDsrJ
Running hmmbuild for training_data_1.cv -> /home/tomohisa/Projects/HAMSTER/scripts/results/1744904029.452632_project/Cross_validation/lca_oxDsrJ/training_data_1.hmm_cv
Running hmmbuild for training_data_3.cv -> /home/tomohisa/Projects/HAMSTER/scripts/results/1744904029.452632_project/Cross_validation/grp1_redDsrP/training_data_3.hmm_cv
Running hmmbuild for training_data_0.cv -> /home/tomohisa/Projects/HAMSTER/scripts/results/1744904029.452632_project/Cross_validation/lca_oxDsrJ/training_data_0.hmm_cv
Running hmmbuild for training_data_2.cv -> /home/tomohisa/Projects/HAMSTER/scripts/results/1744904029.452632_project/Cross_validation/grp1_oxDsrA/training_data_2.hmm_cv
Running hmmbuild for training_data_3.cv -> /home/tomohisa/Projects/HAMSTER/scripts/results/1744904029.452632_project/Cross_validation/grp1_redDsrM/training_data_3.hmm_cv
Running hmmbuild for training_data_4.cv -> /home/tomohisa/Projects/HAMSTER/scripts/results/1744904029.452632_project/Cross_validation/lca_oxDsrJ/training_data_4.hmm_cv
Running hmmbuild for training_data_2.cv -> /home/tomohisa/Projects/HAMSTER/scripts/results/1744904029.452632_project/Cross_validation/lca_oxDsrJ/training_data_2.hmm_cv
Running hmmbuild for training_data_3.cv -> /home/tomohisa/Projects/HAMSTER/scripts/results/1744904029.452632_project/Cross_validation/grp1_oxDsrA/training_data_3.hmm_cv
Running hmmbuild for training_data_3.cv -> /home/tomohisa/Projects/HAMSTER/scripts/results/1744904029.452632_project/Cross_validation/lca_oxDsrJ/training_data_3.hmm_cv
Cross-validation of HMM grp2_oxDsrB
Running hmmbuild for training_data_1.cv -> /home/tomohisa/Projects/HAMSTER/scripts/results/1744904029.452632_project/Cross_validation/grp2_oxDsrB/training_data_1.hmm_cv
Cross-validation of HMM grp2_redDsrJ
Running hmmbuild for training_data_1.cv -> /home/tomohisa/Projects/HAMSTER/scripts/results/1744904029.452632_project/Cross_validation/grp2_redDsrJ/training_data_1.hmm_cv
Running hmmbuild for training_data_0.cv -> /home/tomohisa/Projects/HAMSTER/scripts/results/1744904029.452632_project/Cross_validation/grp2_redDsrJ/training_data_0.hmm_cv
Running hmmbuild for training_data_4.cv -> /home/tomohisa/Projects/HAMSTER/scripts/results/1744904029.452632_project/Cross_validation/grp2_redDsrJ/training_data_4.hmm_cv
Running hmmbuild for training_data_0.cv -> /home/tomohisa/Projects/HAMSTER/scripts/results/1744904029.452632_project/Cross_validation/grp2_oxDsrB/training_data_0.hmm_cv
Running hmmbuild for training_data_2.cv -> /home/tomohisa/Projects/HAMSTER/scripts/results/1744904029.452632_project/Cross_validation/grp2_redDsrJ/training_data_2.hmm_cv
Running hmmbuild for training_data_3.cv -> /home/tomohisa/Projects/HAMSTER/scripts/results/1744904029.452632_project/Cross_validation/grp2_redDsrJ/training_data_3.hmm_cv
Cross-validation of HMM grp1_redDsrO
Running hmmbuild for training_data_1.cv -> /home/tomohisa/Projects/HAMSTER/scripts/results/1744904029.452632_project/Cross_validation/grp1_redDsrO/training_data_1.hmm_cv
Running hmmbuild for training_data_4.cv -> /home/tomohisa/Projects/HAMSTER/scripts/results/1744904029.452632_project/Cross_validation/grp2_oxDsrB/training_data_4.hmm_cv
Running hmmbuild for training_data_0.cv -> /home/tomohisa/Projects/HAMSTER/scripts/results/1744904029.452632_project/Cross_validation/grp1_redDsrO/training_data_0.hmm_cv
Running hmmbuild for training_data_4.cv -> /home/tomohisa/Projects/HAMSTER/scripts/results/1744904029.452632_project/Cross_validation/grp1_redDsrO/training_data_4.hmm_cv
Running hmmbuild for training_data_2.cv -> /home/tomohisa/Projects/HAMSTER/scripts/results/1744904029.452632_project/Cross_validation/grp2_oxDsrB/training_data_2.hmm_cv
Running hmmbuild for training_data_2.cv -> /home/tomohisa/Projects/HAMSTER/scripts/results/1744904029.452632_project/Cross_validation/grp1_redDsrO/training_data_2.hmm_cv
Running hmmbuild for training_data_3.cv -> /home/tomohisa/Projects/HAMSTER/scripts/results/1744904029.452632_project/Cross_validation/grp1_redDsrO/training_data_3.hmm_cv
Running hmmbuild for training_data_3.cv -> /home/tomohisa/Projects/HAMSTER/scripts/results/1744904029.452632_project/Cross_validation/grp2_oxDsrB/training_data_3.hmm_cv
Cross-validation of HMM lca_oxDsrC
Running hmmbuild for training_data_1.cv -> /home/tomohisa/Projects/HAMSTER/scripts/results/1744904029.452632_project/Cross_validation/lca_oxDsrC/training_data_1.hmm_cv
Running hmmbuild for training_data_0.cv -> /home/tomohisa/Projects/HAMSTER/scripts/results/1744904029.452632_project/Cross_validation/lca_oxDsrC/training_data_0.hmm_cv
Cross-validation of HMM grp2_redDsrM
Running hmmbuild for training_data_1.cv -> /home/tomohisa/Projects/HAMSTER/scripts/results/1744904029.452632_project/Cross_validation/grp2_redDsrM/training_data_1.hmm_cv
Running hmmbuild for training_data_4.cv -> /home/tomohisa/Projects/HAMSTER/scripts/results/1744904029.452632_project/Cross_validation/lca_oxDsrC/training_data_4.hmm_cv
Cross-validation of HMM grp2_redDsrP
Running hmmbuild for training_data_1.cv -> /home/tomohisa/Projects/HAMSTER/scripts/results/1744904029.452632_project/Cross_validation/grp2_redDsrP/training_data_1.hmm_cv
Running hmmbuild for training_data_2.cv -> /home/tomohisa/Projects/HAMSTER/scripts/results/1744904029.452632_project/Cross_validation/lca_oxDsrC/training_data_2.hmm_cv
Running hmmbuild for training_data_3.cv -> /home/tomohisa/Projects/HAMSTER/scripts/results/1744904029.452632_project/Cross_validation/lca_oxDsrC/training_data_3.hmm_cv
Running hmmbuild for training_data_0.cv -> /home/tomohisa/Projects/HAMSTER/scripts/results/1744904029.452632_project/Cross_validation/grp2_redDsrP/training_data_0.hmm_cv
Running hmmbuild for training_data_0.cv -> /home/tomohisa/Projects/HAMSTER/scripts/results/1744904029.452632_project/Cross_validation/grp2_redDsrM/training_data_0.hmm_cv
Cross-validation of HMM grp2_redDsrB
Running hmmbuild for training_data_1.cv -> /home/tomohisa/Projects/HAMSTER/scripts/results/1744904029.452632_project/Cross_validation/grp2_redDsrB/training_data_1.hmm_cv
Running hmmbuild for training_data_4.cv -> /home/tomohisa/Projects/HAMSTER/scripts/results/1744904029.452632_project/Cross_validation/grp2_redDsrM/training_data_4.hmm_cv
Running hmmbuild for training_data_4.cv -> /home/tomohisa/Projects/HAMSTER/scripts/results/1744904029.452632_project/Cross_validation/grp2_redDsrP/training_data_4.hmm_cv
Running hmmbuild for training_data_0.cv -> /home/tomohisa/Projects/HAMSTER/scripts/results/1744904029.452632_project/Cross_validation/grp2_redDsrB/training_data_0.hmm_cv
Running hmmbuild for training_data_4.cv -> /home/tomohisa/Projects/HAMSTER/scripts/results/1744904029.452632_project/Cross_validation/grp2_redDsrB/training_data_4.hmm_cv
Running hmmbuild for training_data_2.cv -> /home/tomohisa/Projects/HAMSTER/scripts/results/1744904029.452632_project/Cross_validation/grp2_redDsrM/training_data_2.hmm_cv
Running hmmbuild for training_data_2.cv -> /home/tomohisa/Projects/HAMSTER/scripts/results/1744904029.452632_project/Cross_validation/grp2_redDsrP/training_data_2.hmm_cv
Running hmmbuild for training_data_3.cv -> /home/tomohisa/Projects/HAMSTER/scripts/results/1744904029.452632_project/Cross_validation/grp2_redDsrM/training_data_3.hmm_cv
Running hmmbuild for training_data_2.cv -> /home/tomohisa/Projects/HAMSTER/scripts/results/1744904029.452632_project/Cross_validation/grp2_redDsrB/training_data_2.hmm_cv
Running hmmbuild for training_data_3.cv -> /home/tomohisa/Projects/HAMSTER/scripts/results/1744904029.452632_project/Cross_validation/grp2_redDsrP/training_data_3.hmm_cv
Running hmmbuild for training_data_3.cv -> /home/tomohisa/Projects/HAMSTER/scripts/results/1744904029.452632_project/Cross_validation/grp2_redDsrB/training_data_3.hmm_cv
Cross-validation of HMM grp1_oxDsrP
Running hmmbuild for training_data_1.cv -> /home/tomohisa/Projects/HAMSTER/scripts/results/1744904029.452632_project/Cross_validation/grp1_oxDsrP/training_data_1.hmm_cv
Running hmmbuild for training_data_0.cv -> /home/tomohisa/Projects/HAMSTER/scripts/results/1744904029.452632_project/Cross_validation/grp1_oxDsrP/training_data_0.hmm_cv
Running hmmbuild for training_data_4.cv -> /home/tomohisa/Projects/HAMSTER/scripts/results/1744904029.452632_project/Cross_validation/grp1_oxDsrP/training_data_4.hmm_cv
Running hmmbuild for training_data_2.cv -> /home/tomohisa/Projects/HAMSTER/scripts/results/1744904029.452632_project/Cross_validation/grp1_oxDsrP/training_data_2.hmm_cv
Running hmmbuild for training_data_3.cv -> /home/tomohisa/Projects/HAMSTER/scripts/results/1744904029.452632_project/Cross_validation/grp1_oxDsrP/training_data_3.hmm_cv
Processed all validations.

